15:57:36 **** Build of project vga_display_bsp ****
make -k all 
"Running Make include in ps7_cortexa9_0/libsrc/coresightps_dcc_v1_2/src"
make -C ps7_cortexa9_0/libsrc/coresightps_dcc_v1_2/src -s include  "SHELL=CMD" "COMPILER=arm-xilinx-eabi-gcc" "ARCHIVER=arm-xilinx-eabi-ar" "COMPILER_FLAGS=  -O2 -c" "EXTRA_COMPILER_FLAGS=-g"
"Running Make include in ps7_cortexa9_0/libsrc/cpu_cortexa9_v2_1/src"
make -C ps7_cortexa9_0/libsrc/cpu_cortexa9_v2_1/src -s include  "SHELL=CMD" "COMPILER=arm-xilinx-eabi-gcc" "ARCHIVER=arm-xilinx-eabi-ar" "COMPILER_FLAGS=  -O2 -c" "EXTRA_COMPILER_FLAGS=-g"
"Running Make include in ps7_cortexa9_0/libsrc/ddrps_v1_0/src"
make -C ps7_cortexa9_0/libsrc/ddrps_v1_0/src -s include  "SHELL=CMD" "COMPILER=arm-xilinx-eabi-gcc" "ARCHIVER=arm-xilinx-eabi-ar" "COMPILER_FLAGS=  -O2 -c" "EXTRA_COMPILER_FLAGS=-g"
"Running Make include in ps7_cortexa9_0/libsrc/devcfg_v3_3/src"
make -C ps7_cortexa9_0/libsrc/devcfg_v3_3/src -s include  "SHELL=CMD" "COMPILER=arm-xilinx-eabi-gcc" "ARCHIVER=arm-xilinx-eabi-ar" "COMPILER_FLAGS=  -O2 -c" "EXTRA_COMPILER_FLAGS=-g"
"Running Make include in ps7_cortexa9_0/libsrc/dmaps_v2_1/src"
make -C ps7_cortexa9_0/libsrc/dmaps_v2_1/src -s include  "SHELL=CMD" "COMPILER=arm-xilinx-eabi-gcc" "ARCHIVER=arm-xilinx-eabi-ar" "COMPILER_FLAGS=  -O2 -c" "EXTRA_COMPILER_FLAGS=-g"
"Running Make include in ps7_cortexa9_0/libsrc/emacps_v3_1/src"
make -C ps7_cortexa9_0/libsrc/emacps_v3_1/src -s include  "SHELL=CMD" "COMPILER=arm-xilinx-eabi-gcc" "ARCHIVER=arm-xilinx-eabi-ar" "COMPILER_FLAGS=  -O2 -c" "EXTRA_COMPILER_FLAGS=-g"
"Running Make include in ps7_cortexa9_0/libsrc/gpiops_v3_1/src"
make -C ps7_cortexa9_0/libsrc/gpiops_v3_1/src -s include  "SHELL=CMD" "COMPILER=arm-xilinx-eabi-gcc" "ARCHIVER=arm-xilinx-eabi-ar" "COMPILER_FLAGS=  -O2 -c" "EXTRA_COMPILER_FLAGS=-g"
"Running Make include in ps7_cortexa9_0/libsrc/qspips_v3_2/src"
make -C ps7_cortexa9_0/libsrc/qspips_v3_2/src -s include  "SHELL=CMD" "COMPILER=arm-xilinx-eabi-gcc" "ARCHIVER=arm-xilinx-eabi-ar" "COMPILER_FLAGS=  -O2 -c" "EXTRA_COMPILER_FLAGS=-g"
"Running Make include in ps7_cortexa9_0/libsrc/scugic_v3_1/src"
make -C ps7_cortexa9_0/libsrc/scugic_v3_1/src -s include  "SHELL=CMD" "COMPILER=arm-xilinx-eabi-gcc" "ARCHIVER=arm-xilinx-eabi-ar" "COMPILER_FLAGS=  -O2 -c" "EXTRA_COMPILER_FLAGS=-g"
"Running Make include in ps7_cortexa9_0/libsrc/scutimer_v2_1/src"
make -C ps7_cortexa9_0/libsrc/scutimer_v2_1/src -s include  "SHELL=CMD" "COMPILER=arm-xilinx-eabi-gcc" "ARCHIVER=arm-xilinx-eabi-ar" "COMPILER_FLAGS=  -O2 -c" "EXTRA_COMPILER_FLAGS=-g"
"Running Make include in ps7_cortexa9_0/libsrc/scuwdt_v2_1/src"
make -C ps7_cortexa9_0/libsrc/scuwdt_v2_1/src -s include  "SHELL=CMD" "COMPILER=arm-xilinx-eabi-gcc" "ARCHIVER=arm-xilinx-eabi-ar" "COMPILER_FLAGS=  -O2 -c" "EXTRA_COMPILER_FLAGS=-g"
"Running Make include in ps7_cortexa9_0/libsrc/sdps_v2_6/src"
make -C ps7_cortexa9_0/libsrc/sdps_v2_6/src -s include  "SHELL=CMD" "COMPILER=arm-xilinx-eabi-gcc" "ARCHIVER=arm-xilinx-eabi-ar" "COMPILER_FLAGS=  -O2 -c" "EXTRA_COMPILER_FLAGS=-g"
"Running Make include in ps7_cortexa9_0/libsrc/standalone_v5_3/src"
make -C ps7_cortexa9_0/libsrc/standalone_v5_3/src -s include  "SHELL=CMD" "COMPILER=arm-xilinx-eabi-gcc" "ARCHIVER=arm-xilinx-eabi-ar" "COMPILER_FLAGS=  -O2 -c" "EXTRA_COMPILER_FLAGS=-g"
"Running Make include in ps7_cortexa9_0/libsrc/ttcps_v3_0/src"
make -C ps7_cortexa9_0/libsrc/ttcps_v3_0/src -s include  "SHELL=CMD" "COMPILER=arm-xilinx-eabi-gcc" "ARCHIVER=arm-xilinx-eabi-ar" "COMPILER_FLAGS=  -O2 -c" "EXTRA_COMPILER_FLAGS=-g"
"Running Make include in ps7_cortexa9_0/libsrc/uartps_v3_1/src"
make -C ps7_cortexa9_0/libsrc/uartps_v3_1/src -s include  "SHELL=CMD" "COMPILER=arm-xilinx-eabi-gcc" "ARCHIVER=arm-xilinx-eabi-ar" "COMPILER_FLAGS=  -O2 -c" "EXTRA_COMPILER_FLAGS=-g"
"Running Make include in ps7_cortexa9_0/libsrc/usbps_v2_2/src"
make -C ps7_cortexa9_0/libsrc/usbps_v2_2/src -s include  "SHELL=CMD" "COMPILER=arm-xilinx-eabi-gcc" "ARCHIVER=arm-xilinx-eabi-ar" "COMPILER_FLAGS=  -O2 -c" "EXTRA_COMPILER_FLAGS=-g"
"Running Make include in ps7_cortexa9_0/libsrc/xadcps_v2_2/src"
make -C ps7_cortexa9_0/libsrc/xadcps_v2_2/src -s include  "SHELL=CMD" "COMPILER=arm-xilinx-eabi-gcc" "ARCHIVER=arm-xilinx-eabi-ar" "COMPILER_FLAGS=  -O2 -c" "EXTRA_COMPILER_FLAGS=-g"
"Running Make libs in ps7_cortexa9_0/libsrc/coresightps_dcc_v1_2/src"
make -C ps7_cortexa9_0/libsrc/coresightps_dcc_v1_2/src -s libs  "SHELL=CMD" "COMPILER=arm-xilinx-eabi-gcc" "ARCHIVER=arm-xilinx-eabi-ar" "COMPILER_FLAGS=  -O2 -c" "EXTRA_COMPILER_FLAGS=-g"
"Compiling coresightps_dcc"
arm-xilinx-eabi-ar: creating ../../../lib/libxil.a
"Running Make libs in ps7_cortexa9_0/libsrc/cpu_cortexa9_v2_1/src"
make -C ps7_cortexa9_0/libsrc/cpu_cortexa9_v2_1/src -s libs  "SHELL=CMD" "COMPILER=arm-xilinx-eabi-gcc" "ARCHIVER=arm-xilinx-eabi-ar" "COMPILER_FLAGS=  -O2 -c" "EXTRA_COMPILER_FLAGS=-g"
"Compiling cpu_cortexa9"
"Running Make libs in ps7_cortexa9_0/libsrc/ddrps_v1_0/src"
make -C ps7_cortexa9_0/libsrc/ddrps_v1_0/src -s libs  "SHELL=CMD" "COMPILER=arm-xilinx-eabi-gcc" "ARCHIVER=arm-xilinx-eabi-ar" "COMPILER_FLAGS=  -O2 -c" "EXTRA_COMPILER_FLAGS=-g"
"Compiling ddrps"
"Running Make libs in ps7_cortexa9_0/libsrc/devcfg_v3_3/src"
make -C ps7_cortexa9_0/libsrc/devcfg_v3_3/src -s libs  "SHELL=CMD" "COMPILER=arm-xilinx-eabi-gcc" "ARCHIVER=arm-xilinx-eabi-ar" "COMPILER_FLAGS=  -O2 -c" "EXTRA_COMPILER_FLAGS=-g"
"Compiling devcfg"
"Running Make libs in ps7_cortexa9_0/libsrc/dmaps_v2_1/src"
make -C ps7_cortexa9_0/libsrc/dmaps_v2_1/src -s libs  "SHELL=CMD" "COMPILER=arm-xilinx-eabi-gcc" "ARCHIVER=arm-xilinx-eabi-ar" "COMPILER_FLAGS=  -O2 -c" "EXTRA_COMPILER_FLAGS=-g"
"Compiling dmaps"
"Running Make libs in ps7_cortexa9_0/libsrc/emacps_v3_1/src"
make -C ps7_cortexa9_0/libsrc/emacps_v3_1/src -s libs  "SHELL=CMD" "COMPILER=arm-xilinx-eabi-gcc" "ARCHIVER=arm-xilinx-eabi-ar" "COMPILER_FLAGS=  -O2 -c" "EXTRA_COMPILER_FLAGS=-g"
"Compiling emacps"
"Running Make libs in ps7_cortexa9_0/libsrc/gpiops_v3_1/src"
make -C ps7_cortexa9_0/libsrc/gpiops_v3_1/src -s libs  "SHELL=CMD" "COMPILER=arm-xilinx-eabi-gcc" "ARCHIVER=arm-xilinx-eabi-ar" "COMPILER_FLAGS=  -O2 -c" "EXTRA_COMPILER_FLAGS=-g"
"Compiling gpiops"
"Running Make libs in ps7_cortexa9_0/libsrc/qspips_v3_2/src"
make -C ps7_cortexa9_0/libsrc/qspips_v3_2/src -s libs  "SHELL=CMD" "COMPILER=arm-xilinx-eabi-gcc" "ARCHIVER=arm-xilinx-eabi-ar" "COMPILER_FLAGS=  -O2 -c" "EXTRA_COMPILER_FLAGS=-g"
"Compiling qspips"
"Running Make libs in ps7_cortexa9_0/libsrc/scugic_v3_1/src"
make -C ps7_cortexa9_0/libsrc/scugic_v3_1/src -s libs  "SHELL=CMD" "COMPILER=arm-xilinx-eabi-gcc" "ARCHIVER=arm-xilinx-eabi-ar" "COMPILER_FLAGS=  -O2 -c" "EXTRA_COMPILER_FLAGS=-g"
"Compiling scugic"
"Running Make libs in ps7_cortexa9_0/libsrc/scutimer_v2_1/src"
make -C ps7_cortexa9_0/libsrc/scutimer_v2_1/src -s libs  "SHELL=CMD" "COMPILER=arm-xilinx-eabi-gcc" "ARCHIVER=arm-xilinx-eabi-ar" "COMPILER_FLAGS=  -O2 -c" "EXTRA_COMPILER_FLAGS=-g"
"Compiling scutimer"
"Running Make libs in ps7_cortexa9_0/libsrc/scuwdt_v2_1/src"
make -C ps7_cortexa9_0/libsrc/scuwdt_v2_1/src -s libs  "SHELL=CMD" "COMPILER=arm-xilinx-eabi-gcc" "ARCHIVER=arm-xilinx-eabi-ar" "COMPILER_FLAGS=  -O2 -c" "EXTRA_COMPILER_FLAGS=-g"
"Compiling scuwdt"
"Running Make libs in ps7_cortexa9_0/libsrc/sdps_v2_6/src"
make -C ps7_cortexa9_0/libsrc/sdps_v2_6/src -s libs  "SHELL=CMD" "COMPILER=arm-xilinx-eabi-gcc" "ARCHIVER=arm-xilinx-eabi-ar" "COMPILER_FLAGS=  -O2 -c" "EXTRA_COMPILER_FLAGS=-g"
"Compiling sdps"
"Running Make libs in ps7_cortexa9_0/libsrc/standalone_v5_3/src"
make -C ps7_cortexa9_0/libsrc/standalone_v5_3/src -s libs  "SHELL=CMD" "COMPILER=arm-xilinx-eabi-gcc" "ARCHIVER=arm-xilinx-eabi-ar" "COMPILER_FLAGS=  -O2 -c" "EXTRA_COMPILER_FLAGS=-g"
"Compiling standalone"
"Running Make libs in ps7_cortexa9_0/libsrc/ttcps_v3_0/src"
make -C ps7_cortexa9_0/libsrc/ttcps_v3_0/src -s libs  "SHELL=CMD" "COMPILER=arm-xilinx-eabi-gcc" "ARCHIVER=arm-xilinx-eabi-ar" "COMPILER_FLAGS=  -O2 -c" "EXTRA_COMPILER_FLAGS=-g"
"Compiling ttcps"
"Running Make libs in ps7_cortexa9_0/libsrc/uartps_v3_1/src"
make -C ps7_cortexa9_0/libsrc/uartps_v3_1/src -s libs  "SHELL=CMD" "COMPILER=arm-xilinx-eabi-gcc" "ARCHIVER=arm-xilinx-eabi-ar" "COMPILER_FLAGS=  -O2 -c" "EXTRA_COMPILER_FLAGS=-g"
"Compiling uartps"
"Running Make libs in ps7_cortexa9_0/libsrc/usbps_v2_2/src"
make -C ps7_cortexa9_0/libsrc/usbps_v2_2/src -s libs  "SHELL=CMD" "COMPILER=arm-xilinx-eabi-gcc" "ARCHIVER=arm-xilinx-eabi-ar" "COMPILER_FLAGS=  -O2 -c" "EXTRA_COMPILER_FLAGS=-g"
"Compiling usbps"
"Running Make libs in ps7_cortexa9_0/libsrc/xadcps_v2_2/src"
make -C ps7_cortexa9_0/libsrc/xadcps_v2_2/src -s libs  "SHELL=CMD" "COMPILER=arm-xilinx-eabi-gcc" "ARCHIVER=arm-xilinx-eabi-ar" "COMPILER_FLAGS=  -O2 -c" "EXTRA_COMPILER_FLAGS=-g"
"Compiling xadcps"
'Finished building libraries'
15:59:04 **** Build of configuration Debug for project vga_display ****
make all 
'Building file: ../src/helloworld.c'
'Invoking: ARM gcc compiler'
arm-xilinx-eabi-gcc -Wall -O0 -g3 -c -fmessage-length=0 -MT"src/helloworld.o" -I../../vga_display_bsp/ps7_cortexa9_0/include -MMD -MP -MF"src/helloworld.d" -MT"src/helloworld.d" -o "src/helloworld.o" "../src/helloworld.c"
'Finished building: ../src/helloworld.c'
' '
'Building file: ../src/platform.c'
'Invoking: ARM gcc compiler'
arm-xilinx-eabi-gcc -Wall -O0 -g3 -c -fmessage-length=0 -MT"src/platform.o" -I../../vga_display_bsp/ps7_cortexa9_0/include -MMD -MP -MF"src/platform.d" -MT"src/platform.d" -o "src/platform.o" "../src/platform.c"
'Finished building: ../src/platform.c'
' '
'Building target: vga_display.elf'
'Invoking: ARM gcc linker'
arm-xilinx-eabi-gcc -Wl,-T -Wl,../src/lscript.ld -L../../vga_display_bsp/ps7_cortexa9_0/lib -o "vga_display.elf"  ./src/helloworld.o ./src/platform.o   -Wl,--start-group,-lxil,-lgcc,-lc,--end-group
'Finished building target: vga_display.elf'
' '
'Invoking: ARM Print Size'
arm-xilinx-eabi-size vga_display.elf  |tee "vga_display.elf.size"
   text	   data	    bss	    dec	    hex	filename
  22888	   1152	  22564	  46604	   b60c	vga_display.elf
'Finished building: vga_display.elf.size'
' '
16:00:21 **** Auto Build of configuration Debug for project vga_display ****
make all 
make: Nothing to be done for `all'.
16:01:31 **** Auto Build of configuration Debug for project vga_display ****
make all 
make: Nothing to be done for `all'.
16:03:51 **** Auto Build of configuration Debug for project vga_display ****
make all 
'Building file: ../src/helloworld.c'
'Invoking: ARM gcc compiler'
arm-xilinx-eabi-gcc -Wall -O0 -g3 -c -fmessage-length=0 -MT"src/helloworld.o" -I../../vga_display_bsp/ps7_cortexa9_0/include -MMD -MP -MF"src/helloworld.d" -MT"src/helloworld.d" -o "src/helloworld.o" "../src/helloworld.c"
../src/helloworld.c: In function 'main':
../src/helloworld.c:65:5: warning: implicit declaration of function 'VGA_Fill' [-Wimplicit-function-declaration]
     VGA_Fill(0,0,640,480,0xff);
     ^
../src/helloworld.c:72:9: warning: implicit declaration of function 'VGA_ShowChar' [-Wimplicit-function-declaration]
         VGA_ShowChar( x, y, c ,0xffffff,0) ;
         ^
../src/helloworld.c:78:5: warning: implicit declaration of function 'VGA_ShowBMP_640x480' [-Wimplicit-function-declaration]
     VGA_ShowBMP_640x480(bmp_init0);
     ^
../src/helloworld.c:79:5: warning: implicit declaration of function 'sleep' [-Wimplicit-function-declaration]
     sleep(3);
     ^
../src/helloworld.c:86:5: warning: implicit declaration of function 'xil_printf' [-Wimplicit-function-declaration]
     xil_printf("1");
     ^
'Finished building: ../src/helloworld.c'
' '
'Building file: ../src/VGA.c'
'Invoking: ARM gcc compiler'
arm-xilinx-eabi-gcc -Wall -O0 -g3 -c -fmessage-length=0 -MT"src/VGA.o" -I../../vga_display_bsp/ps7_cortexa9_0/include -MMD -MP -MF"src/VGA.d" -MT"src/VGA.d" -o "src/VGA.o" "../src/VGA.c"
'Finished building: ../src/VGA.c'
' '
'Building target: vga_display.elf'
'Invoking: ARM gcc linker'
arm-xilinx-eabi-gcc -Wl,-T -Wl,../src/lscript.ld -L../../vga_display_bsp/ps7_cortexa9_0/lib -o "vga_display.elf"  ./src/VGA.o ./src/helloworld.o ./src/platform.o   -Wl,--start-group,-lxil,-lgcc,-lc,--end-group
'Finished building target: vga_display.elf'
' '
'Invoking: ARM Print Size'
arm-xilinx-eabi-size vga_display.elf  |tee "vga_display.elf.size"
   text	   data	    bss	    dec	    hex	filename
2482740	   1152	  22564	2506456	 263ed8	vga_display.elf
'Finished building: vga_display.elf.size'
' '
16:04:28 **** Clean-only build of configuration Debug for project vga_display ****
make clean 
rm -rf  ./src/VGA.o ./src/helloworld.o ./src/platform.o  ./src/VGA.d ./src/helloworld.d ./src/platform.d  vga_display.elf.size  vga_display.elf
' '
16:04:28 **** Auto Build of configuration Debug for project vga_display ****
make all 
'Building file: ../src/VGA.c'
'Invoking: ARM gcc compiler'
arm-xilinx-eabi-gcc -Wall -O0 -g3 -c -fmessage-length=0 -MT"src/VGA.o" -I../../vga_display_bsp/ps7_cortexa9_0/include -MMD -MP -MF"src/VGA.d" -MT"src/VGA.d" -o "src/VGA.o" "../src/VGA.c"
'Finished building: ../src/VGA.c'
' '
'Building file: ../src/helloworld.c'
'Invoking: ARM gcc compiler'
arm-xilinx-eabi-gcc -Wall -O0 -g3 -c -fmessage-length=0 -MT"src/helloworld.o" -I../../vga_display_bsp/ps7_cortexa9_0/include -MMD -MP -MF"src/helloworld.d" -MT"src/helloworld.d" -o "src/helloworld.o" "../src/helloworld.c"
../src/helloworld.c: In function 'main':
../src/helloworld.c:65:5: warning: implicit declaration of function 'VGA_Fill' [-Wimplicit-function-declaration]
     VGA_Fill(0,0,640,480,0xff);
     ^
../src/helloworld.c:72:9: warning: implicit declaration of function 'VGA_ShowChar' [-Wimplicit-function-declaration]
         VGA_ShowChar( x, y, c ,0xffffff,0) ;
         ^
../src/helloworld.c:78:5: warning: implicit declaration of function 'VGA_ShowBMP_640x480' [-Wimplicit-function-declaration]
     VGA_ShowBMP_640x480(bmp_init0);
     ^
../src/helloworld.c:79:5: warning: implicit declaration of function 'sleep' [-Wimplicit-function-declaration]
     sleep(3);
     ^
../src/helloworld.c:86:5: warning: implicit declaration of function 'xil_printf' [-Wimplicit-function-declaration]
     xil_printf("1");
     ^
'Finished building: ../src/helloworld.c'
' '
'Building file: ../src/platform.c'
'Invoking: ARM gcc compiler'
arm-xilinx-eabi-gcc -Wall -O0 -g3 -c -fmessage-length=0 -MT"src/platform.o" -I../../vga_display_bsp/ps7_cortexa9_0/include -MMD -MP -MF"src/platform.d" -MT"src/platform.d" -o "src/platform.o" "../src/platform.c"
'Finished building: ../src/platform.c'
' '
'Building target: vga_display.elf'
'Invoking: ARM gcc linker'
arm-xilinx-eabi-gcc -Wl,-T -Wl,../src/lscript.ld -L../../vga_display_bsp/ps7_cortexa9_0/lib -o "vga_display.elf"  ./src/VGA.o ./src/helloworld.o ./src/platform.o   -Wl,--start-group,-lxil,-lgcc,-lc,--end-group
'Finished building target: vga_display.elf'
' '
'Invoking: ARM Print Size'
arm-xilinx-eabi-size vga_display.elf  |tee "vga_display.elf.size"
   text	   data	    bss	    dec	    hex	filename
2482740	   1152	   8228	2492120	 2606d8	vga_display.elf
'Finished building: vga_display.elf.size'
' '
16:09:53 **** Auto Build of configuration Debug for project vga_display ****
make all 
'Building file: ../src/helloworld.c'
'Invoking: ARM gcc compiler'
arm-xilinx-eabi-gcc -Wall -O0 -g3 -c -fmessage-length=0 -MT"src/helloworld.o" -I../../vga_display_bsp/ps7_cortexa9_0/include -MMD -MP -MF"src/helloworld.d" -MT"src/helloworld.d" -o "src/helloworld.o" "../src/helloworld.c"
../src/helloworld.c: In function 'main':
../src/helloworld.c:78:5: warning: implicit declaration of function 'VGA_ShowBMP_640x480' [-Wimplicit-function-declaration]
     VGA_ShowBMP_640x480(bmp_init0);
     ^
../src/helloworld.c:79:5: warning: implicit declaration of function 'sleep' [-Wimplicit-function-declaration]
     sleep(3);
     ^
../src/helloworld.c:86:5: warning: implicit declaration of function 'xil_printf' [-Wimplicit-function-declaration]
     xil_printf("1");
     ^
../src/helloworld.c:62:21: warning: unused variable 'c' [-Wunused-variable]
     unsigned char   c ;
                     ^
../src/helloworld.c:61:19: warning: unused variable 't' [-Wunused-variable]
     unsigned int  t ;
                   ^
../src/helloworld.c:60:23: warning: unused variable 'y' [-Wunused-variable]
     unsigned short  x,y;
                       ^
../src/helloworld.c:60:21: warning: unused variable 'x' [-Wunused-variable]
     unsigned short  x,y;
                     ^
'Finished building: ../src/helloworld.c'
' '
'Building target: vga_display.elf'
'Invoking: ARM gcc linker'
arm-xilinx-eabi-gcc -Wl,-T -Wl,../src/lscript.ld -L../../vga_display_bsp/ps7_cortexa9_0/lib -o "vga_display.elf"  ./src/VGA.o ./src/helloworld.o ./src/platform.o   -Wl,--start-group,-lxil,-lgcc,-lc,--end-group
'Finished building target: vga_display.elf'
' '
'Invoking: ARM Print Size'
arm-xilinx-eabi-size vga_display.elf  |tee "vga_display.elf.size"
   text	   data	    bss	    dec	    hex	filename
2485244	   1152	   8228	2494624	 2610a0	vga_display.elf
'Finished building: vga_display.elf.size'
' '
16:13:49 **** Incremental Build of configuration Debug for project vga_display ****
make all 
make: Nothing to be done for `all'.
16:15:24 **** Incremental Build of configuration Debug for project vga_display ****
make all 
make: Nothing to be done for `all'.
16:15:49 **** Auto Build of configuration Debug for project vga_display ****
make all 
'Building file: ../src/helloworld.c'
'Invoking: ARM gcc compiler'
arm-xilinx-eabi-gcc -Wall -O0 -g3 -c -fmessage-length=0 -MT"src/helloworld.o" -I../../vga_display_bsp/ps7_cortexa9_0/include -MMD -MP -MF"src/helloworld.d" -MT"src/helloworld.d" -o "src/helloworld.o" "../src/helloworld.c"
../src/helloworld.c: In function 'main':
../src/helloworld.c:65:5: warning: implicit declaration of function 'VGA_Fill' [-Wimplicit-function-declaration]
     VGA_Fill(0,0,640,480,0xff);
     ^
../src/helloworld.c:75:5: warning: implicit declaration of function 'sleep' [-Wimplicit-function-declaration]
     sleep(3);
     ^
../src/helloworld.c:78:5: warning: implicit declaration of function 'VGA_ShowBMP_640x480' [-Wimplicit-function-declaration]
     VGA_ShowBMP_640x480(bmp_init0);
     ^
../src/helloworld.c:86:5: warning: implicit declaration of function 'xil_printf' [-Wimplicit-function-declaration]
     xil_printf("1");
     ^
../src/helloworld.c:62:21: warning: unused variable 'c' [-Wunused-variable]
     unsigned char   c ;
                     ^
../src/helloworld.c:61:19: warning: unused variable 't' [-Wunused-variable]
     unsigned int  t ;
                   ^
../src/helloworld.c:60:23: warning: unused variable 'y' [-Wunused-variable]
     unsigned short  x,y;
                       ^
../src/helloworld.c:60:21: warning: unused variable 'x' [-Wunused-variable]
     unsigned short  x,y;
                     ^
'Finished building: ../src/helloworld.c'
' '
'Building target: vga_display.elf'
'Invoking: ARM gcc linker'
arm-xilinx-eabi-gcc -Wl,-T -Wl,../src/lscript.ld -L../../vga_display_bsp/ps7_cortexa9_0/lib -o "vga_display.elf"  ./src/VGA.o ./src/helloworld.o ./src/platform.o   -Wl,--start-group,-lxil,-lgcc,-lc,--end-group
'Finished building target: vga_display.elf'
' '
'Invoking: ARM Print Size'
arm-xilinx-eabi-size vga_display.elf  |tee "vga_display.elf.size"
   text	   data	    bss	    dec	    hex	filename
2485244	   1152	   8228	2494624	 2610a0	vga_display.elf
'Finished building: vga_display.elf.size'
' '
16:16:54 **** Incremental Build of configuration Debug for project vga_display ****
make all 
make: Nothing to be done for `all'.
16:17:30 **** Auto Build of configuration Debug for project vga_display ****
make all 
'Building file: ../src/helloworld.c'
'Invoking: ARM gcc compiler'
arm-xilinx-eabi-gcc -Wall -O0 -g3 -c -fmessage-length=0 -MT"src/helloworld.o" -I../../vga_display_bsp/ps7_cortexa9_0/include -MMD -MP -MF"src/helloworld.d" -MT"src/helloworld.d" -o "src/helloworld.o" "../src/helloworld.c"
../src/helloworld.c: In function 'main':
../src/helloworld.c:75:5: warning: implicit declaration of function 'sleep' [-Wimplicit-function-declaration]
     sleep(3);
     ^
../src/helloworld.c:78:5: warning: implicit declaration of function 'VGA_ShowBMP_640x480' [-Wimplicit-function-declaration]
     VGA_ShowBMP_640x480(bmp_init0);
     ^
../src/helloworld.c:86:5: warning: implicit declaration of function 'xil_printf' [-Wimplicit-function-declaration]
     xil_printf("1");
     ^
../src/helloworld.c:62:21: warning: unused variable 'c' [-Wunused-variable]
     unsigned char   c ;
                     ^
../src/helloworld.c:61:19: warning: unused variable 't' [-Wunused-variable]
     unsigned int  t ;
                   ^
../src/helloworld.c:60:23: warning: unused variable 'y' [-Wunused-variable]
     unsigned short  x,y;
                       ^
../src/helloworld.c:60:21: warning: unused variable 'x' [-Wunused-variable]
     unsigned short  x,y;
                     ^
'Finished building: ../src/helloworld.c'
' '
'Building target: vga_display.elf'
'Invoking: ARM gcc linker'
arm-xilinx-eabi-gcc -Wl,-T -Wl,../src/lscript.ld -L../../vga_display_bsp/ps7_cortexa9_0/lib -o "vga_display.elf"  ./src/VGA.o ./src/helloworld.o ./src/platform.o   -Wl,--start-group,-lxil,-lgcc,-lc,--end-group
'Finished building target: vga_display.elf'
' '
'Invoking: ARM Print Size'
arm-xilinx-eabi-size vga_display.elf  |tee "vga_display.elf.size"
   text	   data	    bss	    dec	    hex	filename
2485244	   1152	   8228	2494624	 2610a0	vga_display.elf
'Finished building: vga_display.elf.size'
' '
16:17:42 **** Auto Build of configuration Debug for project vga_display ****
make all 
'Building file: ../src/helloworld.c'
'Invoking: ARM gcc compiler'
arm-xilinx-eabi-gcc -Wall -O0 -g3 -c -fmessage-length=0 -MT"src/helloworld.o" -I../../vga_display_bsp/ps7_cortexa9_0/include -MMD -MP -MF"src/helloworld.d" -MT"src/helloworld.d" -o "src/helloworld.o" "../src/helloworld.c"
../src/helloworld.c: In function 'main':
../src/helloworld.c:78:5: warning: implicit declaration of function 'VGA_ShowBMP_640x480' [-Wimplicit-function-declaration]
     VGA_ShowBMP_640x480(bmp_init0);
     ^
../src/helloworld.c:79:5: warning: implicit declaration of function 'sleep' [-Wimplicit-function-declaration]
     sleep(3);
     ^
../src/helloworld.c:86:5: warning: implicit declaration of function 'xil_printf' [-Wimplicit-function-declaration]
     xil_printf("1");
     ^
../src/helloworld.c:62:21: warning: unused variable 'c' [-Wunused-variable]
     unsigned char   c ;
                     ^
../src/helloworld.c:61:19: warning: unused variable 't' [-Wunused-variable]
     unsigned int  t ;
                   ^
../src/helloworld.c:60:23: warning: unused variable 'y' [-Wunused-variable]
     unsigned short  x,y;
                       ^
../src/helloworld.c:60:21: warning: unused variable 'x' [-Wunused-variable]
     unsigned short  x,y;
                     ^
'Finished building: ../src/helloworld.c'
' '
'Building target: vga_display.elf'
'Invoking: ARM gcc linker'
arm-xilinx-eabi-gcc -Wl,-T -Wl,../src/lscript.ld -L../../vga_display_bsp/ps7_cortexa9_0/lib -o "vga_display.elf"  ./src/VGA.o ./src/helloworld.o ./src/platform.o   -Wl,--start-group,-lxil,-lgcc,-lc,--end-group
'Finished building target: vga_display.elf'
' '
'Invoking: ARM Print Size'
arm-xilinx-eabi-size vga_display.elf  |tee "vga_display.elf.size"
   text	   data	    bss	    dec	    hex	filename
2485244	   1152	   8228	2494624	 2610a0	vga_display.elf
'Finished building: vga_display.elf.size'
' '
16:17:55 **** Incremental Build of configuration Debug for project vga_display ****
make all 
make: Nothing to be done for `all'.
16:21:45 **** Auto Build of configuration Debug for project vga_display ****
make all 
'Building file: ../src/helloworld.c'
'Invoking: ARM gcc compiler'
arm-xilinx-eabi-gcc -Wall -O0 -g3 -c -fmessage-length=0 -MT"src/helloworld.o" -I../../vga_display_bsp/ps7_cortexa9_0/include -MMD -MP -MF"src/helloworld.d" -MT"src/helloworld.d" -o "src/helloworld.o" "../src/helloworld.c"
../src/helloworld.c: In function 'main':
../src/helloworld.c:75:2: warning: implicit declaration of function 'VGA_Fill' [-Wimplicit-function-declaration]
  VGA_Fill(0,0,640,480,0x0);  //black
  ^
../src/helloworld.c:80:5: warning: implicit declaration of function 'sleep' [-Wimplicit-function-declaration]
     sleep(3);
     ^
../src/helloworld.c:90:5: warning: implicit declaration of function 'xil_printf' [-Wimplicit-function-declaration]
     xil_printf("1");
     ^
../src/helloworld.c:62:21: warning: unused variable 'c' [-Wunused-variable]
     unsigned char   c ;
                     ^
../src/helloworld.c:61:19: warning: unused variable 't' [-Wunused-variable]
     unsigned int  t ;
                   ^
../src/helloworld.c:60:23: warning: unused variable 'y' [-Wunused-variable]
     unsigned short  x,y;
                       ^
../src/helloworld.c:60:21: warning: unused variable 'x' [-Wunused-variable]
     unsigned short  x,y;
                     ^
'Finished building: ../src/helloworld.c'
' '
'Building target: vga_display.elf'
'Invoking: ARM gcc linker'
arm-xilinx-eabi-gcc -Wl,-T -Wl,../src/lscript.ld -L../../vga_display_bsp/ps7_cortexa9_0/lib -o "vga_display.elf"  ./src/VGA.o ./src/helloworld.o ./src/platform.o   -Wl,--start-group,-lxil,-lgcc,-lc,--end-group
'Finished building target: vga_display.elf'
' '
'Invoking: ARM Print Size'
arm-xilinx-eabi-size vga_display.elf  |tee "vga_display.elf.size"
   text	   data	    bss	    dec	    hex	filename
2485308	   1152	   8228	2494688	 2610e0	vga_display.elf
'Finished building: vga_display.elf.size'
' '
16:23:23 **** Auto Build of configuration Debug for project vga_display ****
make all 
'Building file: ../src/helloworld.c'
'Invoking: ARM gcc compiler'
arm-xilinx-eabi-gcc -Wall -O0 -g3 -c -fmessage-length=0 -MT"src/helloworld.o" -I../../vga_display_bsp/ps7_cortexa9_0/include -MMD -MP -MF"src/helloworld.d" -MT"src/helloworld.d" -o "src/helloworld.o" "../src/helloworld.c"
../src/helloworld.c: In function 'main':
../src/helloworld.c:75:2: warning: implicit declaration of function 'VGA_Fill' [-Wimplicit-function-declaration]
  VGA_Fill(0,0,640,480,0x0);  //black
  ^
../src/helloworld.c:80:5: warning: implicit declaration of function 'sleep' [-Wimplicit-function-declaration]
     sleep(3);
     ^
../src/helloworld.c:90:5: warning: implicit declaration of function 'xil_printf' [-Wimplicit-function-declaration]
     xil_printf("1");
     ^
../src/helloworld.c:62:21: warning: unused variable 'c' [-Wunused-variable]
     unsigned char   c ;
                     ^
../src/helloworld.c:61:19: warning: unused variable 't' [-Wunused-variable]
     unsigned int  t ;
                   ^
../src/helloworld.c:60:23: warning: unused variable 'y' [-Wunused-variable]
     unsigned short  x,y;
                       ^
../src/helloworld.c:60:21: warning: unused variable 'x' [-Wunused-variable]
     unsigned short  x,y;
                     ^
'Finished building: ../src/helloworld.c'
' '
'Building target: vga_display.elf'
'Invoking: ARM gcc linker'
arm-xilinx-eabi-gcc -Wl,-T -Wl,../src/lscript.ld -L../../vga_display_bsp/ps7_cortexa9_0/lib -o "vga_display.elf"  ./src/VGA.o ./src/helloworld.o ./src/platform.o   -Wl,--start-group,-lxil,-lgcc,-lc,--end-group
'Finished building target: vga_display.elf'
' '
'Invoking: ARM Print Size'
arm-xilinx-eabi-size vga_display.elf  |tee "vga_display.elf.size"
   text	   data	    bss	    dec	    hex	filename
2485308	   1152	   8228	2494688	 2610e0	vga_display.elf
'Finished building: vga_display.elf.size'
' '
16:23:33 **** Auto Build of configuration Debug for project vga_display ****
make all 
'Building file: ../src/helloworld.c'
'Invoking: ARM gcc compiler'
arm-xilinx-eabi-gcc -Wall -O0 -g3 -c -fmessage-length=0 -MT"src/helloworld.o" -I../../vga_display_bsp/ps7_cortexa9_0/include -MMD -MP -MF"src/helloworld.d" -MT"src/helloworld.d" -o "src/helloworld.o" "../src/helloworld.c"
../src/helloworld.c: In function 'main':
../src/helloworld.c:75:2: warning: implicit declaration of function 'VGA_Fill' [-Wimplicit-function-declaration]
  VGA_Fill(0,0,640,480,0x0);  //black
  ^
../src/helloworld.c:80:5: warning: implicit declaration of function 'sleep' [-Wimplicit-function-declaration]
     sleep(3);
     ^
../src/helloworld.c:90:5: warning: implicit declaration of function 'xil_printf' [-Wimplicit-function-declaration]
     xil_printf("1");
     ^
../src/helloworld.c:62:21: warning: unused variable 'c' [-Wunused-variable]
     unsigned char   c ;
                     ^
../src/helloworld.c:61:19: warning: unused variable 't' [-Wunused-variable]
     unsigned int  t ;
                   ^
../src/helloworld.c:60:23: warning: unused variable 'y' [-Wunused-variable]
     unsigned short  x,y;
                       ^
../src/helloworld.c:60:21: warning: unused variable 'x' [-Wunused-variable]
     unsigned short  x,y;
                     ^
'Finished building: ../src/helloworld.c'
' '
'Building target: vga_display.elf'
'Invoking: ARM gcc linker'
arm-xilinx-eabi-gcc -Wl,-T -Wl,../src/lscript.ld -L../../vga_display_bsp/ps7_cortexa9_0/lib -o "vga_display.elf"  ./src/VGA.o ./src/helloworld.o ./src/platform.o   -Wl,--start-group,-lxil,-lgcc,-lc,--end-group
'Finished building target: vga_display.elf'
' '
'Invoking: ARM Print Size'
arm-xilinx-eabi-size vga_display.elf  |tee "vga_display.elf.size"
   text	   data	    bss	    dec	    hex	filename
2485308	   1152	   8228	2494688	 2610e0	vga_display.elf
'Finished building: vga_display.elf.size'
' '
16:23:56 **** Incremental Build of configuration Debug for project vga_display ****
make all 
make: Nothing to be done for `all'.
16:25:53 **** Auto Build of configuration Debug for project vga_display ****
make all 
'Building file: ../src/helloworld.c'
'Invoking: ARM gcc compiler'
arm-xilinx-eabi-gcc -Wall -O0 -g3 -c -fmessage-length=0 -MT"src/helloworld.o" -I../../vga_display_bsp/ps7_cortexa9_0/include -MMD -MP -MF"src/helloworld.d" -MT"src/helloworld.d" -o "src/helloworld.o" "../src/helloworld.c"
../src/helloworld.c: In function 'main':
../src/helloworld.c:75:2: warning: implicit declaration of function 'VGA_Fill' [-Wimplicit-function-declaration]
  VGA_Fill(0,0,640,480,0x0);  //black
  ^
../src/helloworld.c:80:5: warning: implicit declaration of function 'sleep' [-Wimplicit-function-declaration]
     sleep(3);
     ^
../src/helloworld.c:90:5: warning: implicit declaration of function 'xil_printf' [-Wimplicit-function-declaration]
     xil_printf("1");
     ^
../src/helloworld.c:62:21: warning: unused variable 'c' [-Wunused-variable]
     unsigned char   c ;
                     ^
../src/helloworld.c:61:19: warning: unused variable 't' [-Wunused-variable]
     unsigned int  t ;
                   ^
../src/helloworld.c:60:23: warning: unused variable 'y' [-Wunused-variable]
     unsigned short  x,y;
                       ^
../src/helloworld.c:60:21: warning: unused variable 'x' [-Wunused-variable]
     unsigned short  x,y;
                     ^
'Finished building: ../src/helloworld.c'
' '
'Building target: vga_display.elf'
'Invoking: ARM gcc linker'
arm-xilinx-eabi-gcc -Wl,-T -Wl,../src/lscript.ld -L../../vga_display_bsp/ps7_cortexa9_0/lib -o "vga_display.elf"  ./src/VGA.o ./src/helloworld.o ./src/platform.o   -Wl,--start-group,-lxil,-lgcc,-lc,--end-group
'Finished building target: vga_display.elf'
' '
'Invoking: ARM Print Size'
arm-xilinx-eabi-size vga_display.elf  |tee "vga_display.elf.size"
   text	   data	    bss	    dec	    hex	filename
2485308	   1152	   8228	2494688	 2610e0	vga_display.elf
'Finished building: vga_display.elf.size'
' '
16:26:22 **** Auto Build of configuration Debug for project vga_display ****
make all 
'Building file: ../src/helloworld.c'
'Invoking: ARM gcc compiler'
arm-xilinx-eabi-gcc -Wall -O0 -g3 -c -fmessage-length=0 -MT"src/helloworld.o" -I../../vga_display_bsp/ps7_cortexa9_0/include -MMD -MP -MF"src/helloworld.d" -MT"src/helloworld.d" -o "src/helloworld.o" "../src/helloworld.c"
../src/helloworld.c: In function 'main':
../src/helloworld.c:75:2: warning: implicit declaration of function 'VGA_Fill' [-Wimplicit-function-declaration]
  VGA_Fill(0,0,640,480,0x0);  //black
  ^
../src/helloworld.c:80:5: warning: implicit declaration of function 'sleep' [-Wimplicit-function-declaration]
     sleep(0.2);
     ^
../src/helloworld.c:90:5: warning: implicit declaration of function 'xil_printf' [-Wimplicit-function-declaration]
     xil_printf("1");
     ^
../src/helloworld.c:62:21: warning: unused variable 'c' [-Wunused-variable]
     unsigned char   c ;
                     ^
../src/helloworld.c:61:19: warning: unused variable 't' [-Wunused-variable]
     unsigned int  t ;
                   ^
../src/helloworld.c:60:23: warning: unused variable 'y' [-Wunused-variable]
     unsigned short  x,y;
                       ^
../src/helloworld.c:60:21: warning: unused variable 'x' [-Wunused-variable]
     unsigned short  x,y;
                     ^
'Finished building: ../src/helloworld.c'
' '
'Building target: vga_display.elf'
'Invoking: ARM gcc linker'
arm-xilinx-eabi-gcc -Wl,-T -Wl,../src/lscript.ld -L../../vga_display_bsp/ps7_cortexa9_0/lib -o "vga_display.elf"  ./src/VGA.o ./src/helloworld.o ./src/platform.o   -Wl,--start-group,-lxil,-lgcc,-lc,--end-group
'Finished building target: vga_display.elf'
' '
'Invoking: ARM Print Size'
arm-xilinx-eabi-size vga_display.elf  |tee "vga_display.elf.size"
   text	   data	    bss	    dec	    hex	filename
2485372	   1152	   8228	2494752	 261120	vga_display.elf
'Finished building: vga_display.elf.size'
' '
16:26:34 **** Incremental Build of configuration Debug for project vga_display ****
make all 
make: Nothing to be done for `all'.
16:27:26 **** Auto Build of configuration Debug for project vga_display ****
make all 
'Building file: ../src/helloworld.c'
'Invoking: ARM gcc compiler'
arm-xilinx-eabi-gcc -Wall -O0 -g3 -c -fmessage-length=0 -MT"src/helloworld.o" -I../../vga_display_bsp/ps7_cortexa9_0/include -MMD -MP -MF"src/helloworld.d" -MT"src/helloworld.d" -o "src/helloworld.o" "../src/helloworld.c"
../src/helloworld.c: In function 'main':
../src/helloworld.c:75:2: warning: implicit declaration of function 'VGA_Fill' [-Wimplicit-function-declaration]
  VGA_Fill(0,0,640,480,0x0);  //black
  ^
../src/helloworld.c:80:5: warning: implicit declaration of function 'sleep' [-Wimplicit-function-declaration]
     sleep(1);
     ^
../src/helloworld.c:90:5: warning: implicit declaration of function 'xil_printf' [-Wimplicit-function-declaration]
     xil_printf("1");
     ^
../src/helloworld.c:62:21: warning: unused variable 'c' [-Wunused-variable]
     unsigned char   c ;
                     ^
../src/helloworld.c:61:19: warning: unused variable 't' [-Wunused-variable]
     unsigned int  t ;
                   ^
../src/helloworld.c:60:23: warning: unused variable 'y' [-Wunused-variable]
     unsigned short  x,y;
                       ^
../src/helloworld.c:60:21: warning: unused variable 'x' [-Wunused-variable]
     unsigned short  x,y;
                     ^
'Finished building: ../src/helloworld.c'
' '
'Building target: vga_display.elf'
'Invoking: ARM gcc linker'
arm-xilinx-eabi-gcc -Wl,-T -Wl,../src/lscript.ld -L../../vga_display_bsp/ps7_cortexa9_0/lib -o "vga_display.elf"  ./src/VGA.o ./src/helloworld.o ./src/platform.o   -Wl,--start-group,-lxil,-lgcc,-lc,--end-group
'Finished building target: vga_display.elf'
' '
'Invoking: ARM Print Size'
arm-xilinx-eabi-size vga_display.elf  |tee "vga_display.elf.size"
   text	   data	    bss	    dec	    hex	filename
2485308	   1152	   8228	2494688	 2610e0	vga_display.elf
'Finished building: vga_display.elf.size'
' '
16:27:40 **** Incremental Build of configuration Debug for project vga_display ****
make all 
make: Nothing to be done for `all'.
16:44:01 **** Auto Build of configuration Debug for project vga_display ****
make all 
'Building file: ../src/helloworld.c'
'Invoking: ARM gcc compiler'
arm-xilinx-eabi-gcc -Wall -O0 -g3 -c -fmessage-length=0 -MT"src/helloworld.o" -I../../vga_display_bsp/ps7_cortexa9_0/include -MMD -MP -MF"src/helloworld.d" -MT"src/helloworld.d" -o "src/helloworld.o" "../src/helloworld.c"
../src/helloworld.c: In function 'main':
../src/helloworld.c:75:2: warning: implicit declaration of function 'VGA_Fill' [-Wimplicit-function-declaration]
  VGA_Fill(0,0,640,480,0x0);  //black
  ^
../src/helloworld.c:81:3: error: 'VGA_ADDR_REG' undeclared (first use in this function)
   VGA_ADDR_REG = j*640+i;
   ^
../src/helloworld.c:81:3: note: each undeclared identifier is reported only once for each function it appears in
../src/helloworld.c:82:3: error: 'VGA_DATA_REG' undeclared (first use in this function)
   VGA_DATA_REG = *bmp_init1 ;
   ^
../src/helloworld.c:83:13: error: lvalue required as increment operand
   bmp_init1 ++;
             ^
../src/helloworld.c:86:5: warning: implicit declaration of function 'sleep' [-Wimplicit-function-declaration]
     sleep(1);
     ^
../src/helloworld.c:87:5: warning: implicit declaration of function 'xil_printf' [-Wimplicit-function-declaration]
     xil_printf("1");
     ^
../src/helloworld.c:62:21: warning: unused variable 'c' [-Wunused-variable]
     unsigned char   c ;
                     ^
../src/helloworld.c:61:19: warning: unused variable 't' [-Wunused-variable]
     unsigned int  t,i,j ;
                   ^
../src/helloworld.c:60:23: warning: unused variable 'y' [-Wunused-variable]
     unsigned short  x,y;
                       ^
../src/helloworld.c:60:21: warning: unused variable 'x' [-Wunused-variable]
     unsigned short  x,y;
                     ^
make: *** [src/helloworld.o] ´íÎó 1
16:44:51 **** Auto Build of configuration Debug for project vga_display ****
make all 
'Building file: ../src/helloworld.c'
'Invoking: ARM gcc compiler'
arm-xilinx-eabi-gcc -Wall -O0 -g3 -c -fmessage-length=0 -MT"src/helloworld.o" -I../../vga_display_bsp/ps7_cortexa9_0/include -MMD -MP -MF"src/helloworld.d" -MT"src/helloworld.d" -o "src/helloworld.o" "../src/helloworld.c"
../src/helloworld.c: In function 'main':
../src/helloworld.c:78:2: warning: implicit declaration of function 'VGA_Fill' [-Wimplicit-function-declaration]
  VGA_Fill(0,0,640,480,0x0);  //black
  ^
../src/helloworld.c:86:13: error: lvalue required as increment operand
   bmp_init1 ++;
             ^
../src/helloworld.c:89:5: warning: implicit declaration of function 'sleep' [-Wimplicit-function-declaration]
     sleep(1);
     ^
../src/helloworld.c:90:5: warning: implicit declaration of function 'xil_printf' [-Wimplicit-function-declaration]
     xil_printf("1");
     ^
../src/helloworld.c:65:21: warning: unused variable 'c' [-Wunused-variable]
     unsigned char   c ;
                     ^
../src/helloworld.c:64:19: warning: unused variable 't' [-Wunused-variable]
     unsigned int  t,i,j ;
                   ^
../src/helloworld.c:63:23: warning: unused variable 'y' [-Wunused-variable]
     unsigned short  x,y;
                       ^
../src/helloworld.c:63:21: warning: unused variable 'x' [-Wunused-variable]
     unsigned short  x,y;
                     ^
make: *** [src/helloworld.o] ´íÎó 1
16:45:07 **** Auto Build of configuration Debug for project vga_display ****
make all 
'Building file: ../src/helloworld.c'
'Invoking: ARM gcc compiler'
arm-xilinx-eabi-gcc -Wall -O0 -g3 -c -fmessage-length=0 -MT"src/helloworld.o" -I../../vga_display_bsp/ps7_cortexa9_0/include -MMD -MP -MF"src/helloworld.d" -MT"src/helloworld.d" -o "src/helloworld.o" "../src/helloworld.c"
../src/helloworld.c: In function 'main':
../src/helloworld.c:78:2: warning: implicit declaration of function 'VGA_Fill' [-Wimplicit-function-declaration]
  VGA_Fill(0,0,640,480,0x0);  //black
  ^
../src/helloworld.c:86:14: error: lvalue required as increment operand
   *bmp_init1 ++;
              ^
../src/helloworld.c:89:5: warning: implicit declaration of function 'sleep' [-Wimplicit-function-declaration]
     sleep(1);
     ^
../src/helloworld.c:90:5: warning: implicit declaration of function 'xil_printf' [-Wimplicit-function-declaration]
     xil_printf("1");
     ^
../src/helloworld.c:65:21: warning: unused variable 'c' [-Wunused-variable]
     unsigned char   c ;
                     ^
../src/helloworld.c:64:19: warning: unused variable 't' [-Wunused-variable]
     unsigned int  t,i,j ;
                   ^
../src/helloworld.c:63:23: warning: unused variable 'y' [-Wunused-variable]
     unsigned short  x,y;
                       ^
../src/helloworld.c:63:21: warning: unused variable 'x' [-Wunused-variable]
     unsigned short  x,y;
                     ^
make: *** [src/helloworld.o] ´íÎó 1
16:45:20 **** Auto Build of configuration Debug for project vga_display ****
make all 
'Building file: ../src/helloworld.c'
'Invoking: ARM gcc compiler'
arm-xilinx-eabi-gcc -Wall -O0 -g3 -c -fmessage-length=0 -MT"src/helloworld.o" -I../../vga_display_bsp/ps7_cortexa9_0/include -MMD -MP -MF"src/helloworld.d" -MT"src/helloworld.d" -o "src/helloworld.o" "../src/helloworld.c"
../src/helloworld.c: In function 'main':
../src/helloworld.c:78:2: warning: implicit declaration of function 'VGA_Fill' [-Wimplicit-function-declaration]
  VGA_Fill(0,0,640,480,0x0);  //black
  ^
../src/helloworld.c:86:13: error: lvalue required as increment operand
   bmp_init1 ++;
             ^
../src/helloworld.c:89:5: warning: implicit declaration of function 'sleep' [-Wimplicit-function-declaration]
     sleep(1);
     ^
../src/helloworld.c:90:5: warning: implicit declaration of function 'xil_printf' [-Wimplicit-function-declaration]
     xil_printf("1");
     ^
../src/helloworld.c:65:21: warning: unused variable 'c' [-Wunused-variable]
     unsigned char   c ;
                     ^
../src/helloworld.c:64:19: warning: unused variable 't' [-Wunused-variable]
     unsigned int  t,i,j ;
                   ^
../src/helloworld.c:63:23: warning: unused variable 'y' [-Wunused-variable]
     unsigned short  x,y;
                       ^
../src/helloworld.c:63:21: warning: unused variable 'x' [-Wunused-variable]
     unsigned short  x,y;
                     ^
make: *** [src/helloworld.o] ´íÎó 1
16:46:12 **** Auto Build of configuration Debug for project vga_display ****
make all 
'Building file: ../src/helloworld.c'
'Invoking: ARM gcc compiler'
arm-xilinx-eabi-gcc -Wall -O0 -g3 -c -fmessage-length=0 -MT"src/helloworld.o" -I../../vga_display_bsp/ps7_cortexa9_0/include -MMD -MP -MF"src/helloworld.d" -MT"src/helloworld.d" -o "src/helloworld.o" "../src/helloworld.c"
../src/helloworld.c: In function 'main':
../src/helloworld.c:78:2: warning: implicit declaration of function 'VGA_Fill' [-Wimplicit-function-declaration]
  VGA_Fill(0,0,640,480,0x0);  //black
  ^
../src/helloworld.c:81:2: error: unknown type name 'u16'
  u16 * p = bmp_init1
  ^
../src/helloworld.c:81:12: warning: initialization from incompatible pointer type
  u16 * p = bmp_init1
            ^
../src/helloworld.c:82:2: error: expected ',' or ';' before 'for'
  for (i=0;i<480;i++)
  ^
../src/helloworld.c:82:11: warning: statement with no effect [-Wunused-value]
  for (i=0;i<480;i++)
           ^
../src/helloworld.c:82:20: error: expected ';' before ')' token
  for (i=0;i<480;i++)
                    ^
../src/helloworld.c:82:20: error: expected statement before ')' token
../src/helloworld.c:90:5: warning: implicit declaration of function 'sleep' [-Wimplicit-function-declaration]
     sleep(1);
     ^
../src/helloworld.c:91:5: warning: implicit declaration of function 'xil_printf' [-Wimplicit-function-declaration]
     xil_printf("1");
     ^
../src/helloworld.c:65:21: warning: unused variable 'c' [-Wunused-variable]
     unsigned char   c ;
                     ^
../src/helloworld.c:64:19: warning: unused variable 't' [-Wunused-variable]
     unsigned int  t,i,j ;
                   ^
../src/helloworld.c:63:23: warning: unused variable 'y' [-Wunused-variable]
     unsigned short  x,y;
                       ^
../src/helloworld.c:63:21: warning: unused variable 'x' [-Wunused-variable]
     unsigned short  x,y;
                     ^
make: *** [src/helloworld.o] ´íÎó 1
16:46:17 **** Auto Build of configuration Debug for project vga_display ****
make all 
'Building file: ../src/helloworld.c'
'Invoking: ARM gcc compiler'
arm-xilinx-eabi-gcc -Wall -O0 -g3 -c -fmessage-length=0 -MT"src/helloworld.o" -I../../vga_display_bsp/ps7_cortexa9_0/include -MMD -MP -MF"src/helloworld.d" -MT"src/helloworld.d" -o "src/helloworld.o" "../src/helloworld.c"
../src/helloworld.c: In function 'main':
../src/helloworld.c:78:2: warning: implicit declaration of function 'VGA_Fill' [-Wimplicit-function-declaration]
  VGA_Fill(0,0,640,480,0x0);  //black
  ^
../src/helloworld.c:81:2: error: unknown type name 'u16'
  u16 * p = bmp_init1;
  ^
../src/helloworld.c:81:12: warning: initialization from incompatible pointer type
  u16 * p = bmp_init1;
            ^
../src/helloworld.c:90:5: warning: implicit declaration of function 'sleep' [-Wimplicit-function-declaration]
     sleep(1);
     ^
../src/helloworld.c:91:5: warning: implicit declaration of function 'xil_printf' [-Wimplicit-function-declaration]
     xil_printf("1");
     ^
../src/helloworld.c:65:21: warning: unused variable 'c' [-Wunused-variable]
     unsigned char   c ;
                     ^
../src/helloworld.c:64:19: warning: unused variable 't' [-Wunused-variable]
     unsigned int  t,i,j ;
                   ^
../src/helloworld.c:63:23: warning: unused variable 'y' [-Wunused-variable]
     unsigned short  x,y;
                       ^
../src/helloworld.c:63:21: warning: unused variable 'x' [-Wunused-variable]
     unsigned short  x,y;
                     ^
make: *** [src/helloworld.o] ´íÎó 1
16:46:31 **** Auto Build of configuration Debug for project vga_display ****
make all 
'Building file: ../src/helloworld.c'
'Invoking: ARM gcc compiler'
arm-xilinx-eabi-gcc -Wall -O0 -g3 -c -fmessage-length=0 -MT"src/helloworld.o" -I../../vga_display_bsp/ps7_cortexa9_0/include -MMD -MP -MF"src/helloworld.d" -MT"src/helloworld.d" -o "src/helloworld.o" "../src/helloworld.c"
../src/helloworld.c: In function 'main':
../src/helloworld.c:78:2: warning: implicit declaration of function 'VGA_Fill' [-Wimplicit-function-declaration]
  VGA_Fill(0,0,640,480,0x0);  //black
  ^
../src/helloworld.c:81:2: error: unknown type name 'u16'
  u16 * p;
  ^
../src/helloworld.c:82:4: warning: assignment from incompatible pointer type
  p = bmp_init1;
    ^
../src/helloworld.c:91:5: warning: implicit declaration of function 'sleep' [-Wimplicit-function-declaration]
     sleep(1);
     ^
../src/helloworld.c:92:5: warning: implicit declaration of function 'xil_printf' [-Wimplicit-function-declaration]
     xil_printf("1");
     ^
../src/helloworld.c:65:21: warning: unused variable 'c' [-Wunused-variable]
     unsigned char   c ;
                     ^
../src/helloworld.c:64:19: warning: unused variable 't' [-Wunused-variable]
     unsigned int  t,i,j ;
                   ^
../src/helloworld.c:63:23: warning: unused variable 'y' [-Wunused-variable]
     unsigned short  x,y;
                       ^
../src/helloworld.c:63:21: warning: unused variable 'x' [-Wunused-variable]
     unsigned short  x,y;
                     ^
make: *** [src/helloworld.o] ´íÎó 1
16:46:53 **** Auto Build of configuration Debug for project vga_display ****
make all 
'Building file: ../src/helloworld.c'
'Invoking: ARM gcc compiler'
arm-xilinx-eabi-gcc -Wall -O0 -g3 -c -fmessage-length=0 -MT"src/helloworld.o" -I../../vga_display_bsp/ps7_cortexa9_0/include -MMD -MP -MF"src/helloworld.d" -MT"src/helloworld.d" -o "src/helloworld.o" "../src/helloworld.c"
../src/helloworld.c: In function 'main':
../src/helloworld.c:79:2: warning: implicit declaration of function 'VGA_Fill' [-Wimplicit-function-declaration]
  VGA_Fill(0,0,640,480,0x0);  //black
  ^
../src/helloworld.c:82:2: error: unknown type name 'u16'
  u16 * p;
  ^
../src/helloworld.c:83:4: warning: assignment from incompatible pointer type
  p = bmp_init1;
    ^
../src/helloworld.c:92:5: warning: implicit declaration of function 'sleep' [-Wimplicit-function-declaration]
     sleep(1);
     ^
../src/helloworld.c:93:5: warning: implicit declaration of function 'xil_printf' [-Wimplicit-function-declaration]
     xil_printf("1");
     ^
../src/helloworld.c:66:21: warning: unused variable 'c' [-Wunused-variable]
     unsigned char   c ;
                     ^
../src/helloworld.c:65:19: warning: unused variable 't' [-Wunused-variable]
     unsigned int  t,i,j ;
                   ^
../src/helloworld.c:64:23: warning: unused variable 'y' [-Wunused-variable]
     unsigned short  x,y;
                       ^
../src/helloworld.c:64:21: warning: unused variable 'x' [-Wunused-variable]
     unsigned short  x,y;
                     ^
make: *** [src/helloworld.o] ´íÎó 1
16:47:11 **** Auto Build of configuration Debug for project vga_display ****
make all 
'Building file: ../src/helloworld.c'
'Invoking: ARM gcc compiler'
arm-xilinx-eabi-gcc -Wall -O0 -g3 -c -fmessage-length=0 -MT"src/helloworld.o" -I../../vga_display_bsp/ps7_cortexa9_0/include -MMD -MP -MF"src/helloworld.d" -MT"src/helloworld.d" -o "src/helloworld.o" "../src/helloworld.c"
../src/helloworld.c: In function 'main':
../src/helloworld.c:79:2: warning: implicit declaration of function 'VGA_Fill' [-Wimplicit-function-declaration]
  VGA_Fill(0,0,640,480,0x0);  //black
  ^
../src/helloworld.c:83:4: warning: assignment discards 'const' qualifier from pointer target type
  p = bmp_init1;
    ^
../src/helloworld.c:92:5: warning: implicit declaration of function 'sleep' [-Wimplicit-function-declaration]
     sleep(1);
     ^
../src/helloworld.c:93:5: warning: implicit declaration of function 'xil_printf' [-Wimplicit-function-declaration]
     xil_printf("1");
     ^
../src/helloworld.c:66:21: warning: unused variable 'c' [-Wunused-variable]
     unsigned char   c ;
                     ^
../src/helloworld.c:65:19: warning: unused variable 't' [-Wunused-variable]
     unsigned int  t,i,j ;
                   ^
../src/helloworld.c:64:23: warning: unused variable 'y' [-Wunused-variable]
     unsigned short  x,y;
                       ^
../src/helloworld.c:64:21: warning: unused variable 'x' [-Wunused-variable]
     unsigned short  x,y;
                     ^
'Finished building: ../src/helloworld.c'
' '
'Building target: vga_display.elf'
'Invoking: ARM gcc linker'
arm-xilinx-eabi-gcc -Wl,-T -Wl,../src/lscript.ld -L../../vga_display_bsp/ps7_cortexa9_0/lib -o "vga_display.elf"  ./src/VGA.o ./src/helloworld.o ./src/platform.o   -Wl,--start-group,-lxil,-lgcc,-lc,--end-group
'Finished building target: vga_display.elf'
' '
'Invoking: ARM Print Size'
arm-xilinx-eabi-size vga_display.elf  |tee "vga_display.elf.size"
   text	   data	    bss	    dec	    hex	filename
2485372	   1152	   8228	2494752	 261120	vga_display.elf
'Finished building: vga_display.elf.size'
' '
16:47:27 **** Incremental Build of configuration Debug for project vga_display ****
make all 
make: Nothing to be done for `all'.
16:47:44 **** Auto Build of configuration Debug for project vga_display ****
make all 
'Building file: ../src/helloworld.c'
'Invoking: ARM gcc compiler'
arm-xilinx-eabi-gcc -Wall -O0 -g3 -c -fmessage-length=0 -MT"src/helloworld.o" -I../../vga_display_bsp/ps7_cortexa9_0/include -MMD -MP -MF"src/helloworld.d" -MT"src/helloworld.d" -o "src/helloworld.o" "../src/helloworld.c"
../src/helloworld.c: In function 'main':
../src/helloworld.c:79:2: warning: implicit declaration of function 'VGA_Fill' [-Wimplicit-function-declaration]
  VGA_Fill(0,0,640,480,0x0);  //black
  ^
../src/helloworld.c:83:6: warning: assignment makes integer from pointer without a cast
  * p = bmp_init1;
      ^
../src/helloworld.c:92:5: warning: implicit declaration of function 'sleep' [-Wimplicit-function-declaration]
     sleep(1);
     ^
../src/helloworld.c:93:5: warning: implicit declaration of function 'xil_printf' [-Wimplicit-function-declaration]
     xil_printf("1");
     ^
../src/helloworld.c:66:21: warning: unused variable 'c' [-Wunused-variable]
     unsigned char   c ;
                     ^
../src/helloworld.c:65:19: warning: unused variable 't' [-Wunused-variable]
     unsigned int  t,i,j ;
                   ^
../src/helloworld.c:64:23: warning: unused variable 'y' [-Wunused-variable]
     unsigned short  x,y;
                       ^
../src/helloworld.c:64:21: warning: unused variable 'x' [-Wunused-variable]
     unsigned short  x,y;
                     ^
'Finished building: ../src/helloworld.c'
' '
'Building target: vga_display.elf'
'Invoking: ARM gcc linker'
arm-xilinx-eabi-gcc -Wl,-T -Wl,../src/lscript.ld -L../../vga_display_bsp/ps7_cortexa9_0/lib -o "vga_display.elf"  ./src/VGA.o ./src/helloworld.o ./src/platform.o   -Wl,--start-group,-lxil,-lgcc,-lc,--end-group
'Finished building target: vga_display.elf'
' '
'Invoking: ARM Print Size'
arm-xilinx-eabi-size vga_display.elf  |tee "vga_display.elf.size"
   text	   data	    bss	    dec	    hex	filename
2485372	   1152	   8228	2494752	 261120	vga_display.elf
'Finished building: vga_display.elf.size'
' '
16:47:57 **** Incremental Build of configuration Debug for project vga_display ****
make all 
make: Nothing to be done for `all'.
16:48:40 **** Incremental Build of configuration Debug for project vga_display ****
make all 
make: Nothing to be done for `all'.
16:49:26 **** Auto Build of configuration Debug for project vga_display ****
make all 
'Building file: ../src/helloworld.c'
'Invoking: ARM gcc compiler'
arm-xilinx-eabi-gcc -Wall -O0 -g3 -c -fmessage-length=0 -MT"src/helloworld.o" -I../../vga_display_bsp/ps7_cortexa9_0/include -MMD -MP -MF"src/helloworld.d" -MT"src/helloworld.d" -o "src/helloworld.o" "../src/helloworld.c"
../src/helloworld.c: In function 'main':
../src/helloworld.c:79:2: warning: implicit declaration of function 'VGA_Fill' [-Wimplicit-function-declaration]
  VGA_Fill(0,0,640,480,0x0);  //black
  ^
../src/helloworld.c:93:5: warning: implicit declaration of function 'sleep' [-Wimplicit-function-declaration]
     sleep(1);
     ^
../src/helloworld.c:94:5: warning: implicit declaration of function 'xil_printf' [-Wimplicit-function-declaration]
     xil_printf("1");
     ^
../src/helloworld.c:66:21: warning: unused variable 'c' [-Wunused-variable]
     unsigned char   c ;
                     ^
../src/helloworld.c:65:23: warning: unused variable 'j' [-Wunused-variable]
     unsigned int  t,i,j ;
                       ^
../src/helloworld.c:65:21: warning: unused variable 'i' [-Wunused-variable]
     unsigned int  t,i,j ;
                     ^
../src/helloworld.c:65:19: warning: unused variable 't' [-Wunused-variable]
     unsigned int  t,i,j ;
                   ^
../src/helloworld.c:64:23: warning: unused variable 'y' [-Wunused-variable]
     unsigned short  x,y;
                       ^
../src/helloworld.c:64:21: warning: unused variable 'x' [-Wunused-variable]
     unsigned short  x,y;
                     ^
'Finished building: ../src/helloworld.c'
' '
'Building target: vga_display.elf'
'Invoking: ARM gcc linker'
arm-xilinx-eabi-gcc -Wl,-T -Wl,../src/lscript.ld -L../../vga_display_bsp/ps7_cortexa9_0/lib -o "vga_display.elf"  ./src/VGA.o ./src/helloworld.o ./src/platform.o   -Wl,--start-group,-lxil,-lgcc,-lc,--end-group
'Finished building target: vga_display.elf'
' '
'Invoking: ARM Print Size'
arm-xilinx-eabi-size vga_display.elf  |tee "vga_display.elf.size"
   text	   data	    bss	    dec	    hex	filename
2485180	   1152	   8228	2494560	 261060	vga_display.elf
'Finished building: vga_display.elf.size'
' '
16:49:37 **** Incremental Build of configuration Debug for project vga_display ****
make all 
make: Nothing to be done for `all'.
16:50:14 **** Incremental Build of configuration Debug for project vga_display ****
make all 
make: Nothing to be done for `all'.
16:51:01 **** Incremental Build of configuration Debug for project vga_display ****
make all 
make: Nothing to be done for `all'.
16:51:27 **** Auto Build of configuration Debug for project vga_display ****
make all 
'Building file: ../src/helloworld.c'
'Invoking: ARM gcc compiler'
arm-xilinx-eabi-gcc -Wall -O0 -g3 -c -fmessage-length=0 -MT"src/helloworld.o" -I../../vga_display_bsp/ps7_cortexa9_0/include -MMD -MP -MF"src/helloworld.d" -MT"src/helloworld.d" -o "src/helloworld.o" "../src/helloworld.c"
../src/helloworld.c: In function 'main':
../src/helloworld.c:79:2: warning: implicit declaration of function 'VGA_Fill' [-Wimplicit-function-declaration]
  VGA_Fill(0,0,640,480,0x0);  //black
  ^
../src/helloworld.c:84:6: warning: assignment makes integer from pointer without a cast
  * p = bmp_init1;
      ^
../src/helloworld.c:93:5: warning: implicit declaration of function 'sleep' [-Wimplicit-function-declaration]
     sleep(1);
     ^
../src/helloworld.c:94:5: warning: implicit declaration of function 'xil_printf' [-Wimplicit-function-declaration]
     xil_printf("1");
     ^
../src/helloworld.c:66:21: warning: unused variable 'c' [-Wunused-variable]
     unsigned char   c ;
                     ^
../src/helloworld.c:65:19: warning: unused variable 't' [-Wunused-variable]
     unsigned int  t,i,j ;
                   ^
../src/helloworld.c:64:23: warning: unused variable 'y' [-Wunused-variable]
     unsigned short  x,y;
                       ^
../src/helloworld.c:64:21: warning: unused variable 'x' [-Wunused-variable]
     unsigned short  x,y;
                     ^
'Finished building: ../src/helloworld.c'
' '
'Building target: vga_display.elf'
'Invoking: ARM gcc linker'
arm-xilinx-eabi-gcc -Wl,-T -Wl,../src/lscript.ld -L../../vga_display_bsp/ps7_cortexa9_0/lib -o "vga_display.elf"  ./src/VGA.o ./src/helloworld.o ./src/platform.o   -Wl,--start-group,-lxil,-lgcc,-lc,--end-group
'Finished building target: vga_display.elf'
' '
'Invoking: ARM Print Size'
arm-xilinx-eabi-size vga_display.elf  |tee "vga_display.elf.size"
   text	   data	    bss	    dec	    hex	filename
2485372	   1152	   8228	2494752	 261120	vga_display.elf
'Finished building: vga_display.elf.size'
' '
16:51:43 **** Incremental Build of configuration Debug for project vga_display ****
make all 
make: Nothing to be done for `all'.
16:53:19 **** Auto Build of configuration Debug for project vga_display ****
make all 
'Building file: ../src/helloworld.c'
'Invoking: ARM gcc compiler'
arm-xilinx-eabi-gcc -Wall -O0 -g3 -c -fmessage-length=0 -MT"src/helloworld.o" -I../../vga_display_bsp/ps7_cortexa9_0/include -MMD -MP -MF"src/helloworld.d" -MT"src/helloworld.d" -o "src/helloworld.o" "../src/helloworld.c"
../src/helloworld.c: In function 'main':
../src/helloworld.c:79:2: warning: implicit declaration of function 'VGA_Fill' [-Wimplicit-function-declaration]
  VGA_Fill(0,0,640,480,0x0);  //black
  ^
../src/helloworld.c:81:14: warning: initialization discards 'const' qualifier from pointer target type
  short * p = bmp_init1;
              ^
../src/helloworld.c:94:5: warning: implicit declaration of function 'sleep' [-Wimplicit-function-declaration]
     sleep(1);
     ^
../src/helloworld.c:95:5: warning: implicit declaration of function 'xil_printf' [-Wimplicit-function-declaration]
     xil_printf("1");
     ^
../src/helloworld.c:66:21: warning: unused variable 'c' [-Wunused-variable]
     unsigned char   c ;
                     ^
../src/helloworld.c:65:19: warning: unused variable 't' [-Wunused-variable]
     unsigned int  t,i,j ;
                   ^
../src/helloworld.c:64:23: warning: unused variable 'y' [-Wunused-variable]
     unsigned short  x,y;
                       ^
../src/helloworld.c:64:21: warning: unused variable 'x' [-Wunused-variable]
     unsigned short  x,y;
                     ^
'Finished building: ../src/helloworld.c'
' '
'Building target: vga_display.elf'
'Invoking: ARM gcc linker'
arm-xilinx-eabi-gcc -Wl,-T -Wl,../src/lscript.ld -L../../vga_display_bsp/ps7_cortexa9_0/lib -o "vga_display.elf"  ./src/VGA.o ./src/helloworld.o ./src/platform.o   -Wl,--start-group,-lxil,-lgcc,-lc,--end-group
'Finished building target: vga_display.elf'
' '
'Invoking: ARM Print Size'
arm-xilinx-eabi-size vga_display.elf  |tee "vga_display.elf.size"
   text	   data	    bss	    dec	    hex	filename
2485372	   1152	   8228	2494752	 261120	vga_display.elf
'Finished building: vga_display.elf.size'
' '
16:53:34 **** Auto Build of configuration Debug for project vga_display ****
make all 
'Building file: ../src/helloworld.c'
'Invoking: ARM gcc compiler'
arm-xilinx-eabi-gcc -Wall -O0 -g3 -c -fmessage-length=0 -MT"src/helloworld.o" -I../../vga_display_bsp/ps7_cortexa9_0/include -MMD -MP -MF"src/helloworld.d" -MT"src/helloworld.d" -o "src/helloworld.o" "../src/helloworld.c"
../src/helloworld.c: In function 'main':
../src/helloworld.c:79:2: warning: implicit declaration of function 'VGA_Fill' [-Wimplicit-function-declaration]
  VGA_Fill(0,0,640,480,0x0);  //black
  ^
../src/helloworld.c:81:14: warning: initialization discards 'const' qualifier from pointer target type
  short * p = bmp_init1;
              ^
../src/helloworld.c:94:5: warning: implicit declaration of function 'sleep' [-Wimplicit-function-declaration]
     sleep(1);
     ^
../src/helloworld.c:95:5: warning: implicit declaration of function 'xil_printf' [-Wimplicit-function-declaration]
     xil_printf("1");
     ^
../src/helloworld.c:66:21: warning: unused variable 'c' [-Wunused-variable]
     unsigned char   c ;
                     ^
../src/helloworld.c:65:19: warning: unused variable 't' [-Wunused-variable]
     unsigned int  t,i,j ;
                   ^
../src/helloworld.c:64:23: warning: unused variable 'y' [-Wunused-variable]
     unsigned short  x,y;
                       ^
../src/helloworld.c:64:21: warning: unused variable 'x' [-Wunused-variable]
     unsigned short  x,y;
                     ^
'Finished building: ../src/helloworld.c'
' '
'Building target: vga_display.elf'
'Invoking: ARM gcc linker'
arm-xilinx-eabi-gcc -Wl,-T -Wl,../src/lscript.ld -L../../vga_display_bsp/ps7_cortexa9_0/lib -o "vga_display.elf"  ./src/VGA.o ./src/helloworld.o ./src/platform.o   -Wl,--start-group,-lxil,-lgcc,-lc,--end-group
'Finished building target: vga_display.elf'
' '
'Invoking: ARM Print Size'
arm-xilinx-eabi-size vga_display.elf  |tee "vga_display.elf.size"
   text	   data	    bss	    dec	    hex	filename
2485372	   1152	   8228	2494752	 261120	vga_display.elf
'Finished building: vga_display.elf.size'
' '
16:53:46 **** Incremental Build of configuration Debug for project vga_display ****
make all 
make: Nothing to be done for `all'.
16:54:20 **** Auto Build of configuration Debug for project vga_display ****
make all 
'Building file: ../src/helloworld.c'
'Invoking: ARM gcc compiler'
arm-xilinx-eabi-gcc -Wall -O0 -g3 -c -fmessage-length=0 -MT"src/helloworld.o" -I../../vga_display_bsp/ps7_cortexa9_0/include -MMD -MP -MF"src/helloworld.d" -MT"src/helloworld.d" -o "src/helloworld.o" "../src/helloworld.c"
../src/helloworld.c: In function 'main':
../src/helloworld.c:79:2: warning: implicit declaration of function 'VGA_Fill' [-Wimplicit-function-declaration]
  VGA_Fill(0,0,640,480,0x0);  //black
  ^
../src/helloworld.c:81:14: warning: initialization discards 'const' qualifier from pointer target type
  short * p = bmp_init1;
              ^
../src/helloworld.c:94:5: warning: implicit declaration of function 'sleep' [-Wimplicit-function-declaration]
     sleep(1);
     ^
../src/helloworld.c:95:5: warning: implicit declaration of function 'xil_printf' [-Wimplicit-function-declaration]
     xil_printf("1");
     ^
../src/helloworld.c:66:21: warning: unused variable 'c' [-Wunused-variable]
     unsigned char   c ;
                     ^
../src/helloworld.c:65:19: warning: unused variable 't' [-Wunused-variable]
     unsigned int  t,i,j ;
                   ^
../src/helloworld.c:64:23: warning: unused variable 'y' [-Wunused-variable]
     unsigned short  x,y;
                       ^
../src/helloworld.c:64:21: warning: unused variable 'x' [-Wunused-variable]
     unsigned short  x,y;
                     ^
'Finished building: ../src/helloworld.c'
' '
'Building target: vga_display.elf'
'Invoking: ARM gcc linker'
arm-xilinx-eabi-gcc -Wl,-T -Wl,../src/lscript.ld -L../../vga_display_bsp/ps7_cortexa9_0/lib -o "vga_display.elf"  ./src/VGA.o ./src/helloworld.o ./src/platform.o   -Wl,--start-group,-lxil,-lgcc,-lc,--end-group
'Finished building target: vga_display.elf'
' '
'Invoking: ARM Print Size'
arm-xilinx-eabi-size vga_display.elf  |tee "vga_display.elf.size"
   text	   data	    bss	    dec	    hex	filename
2485372	   1152	   8228	2494752	 261120	vga_display.elf
'Finished building: vga_display.elf.size'
' '
16:54:32 **** Incremental Build of configuration Debug for project vga_display ****
make all 
make: Nothing to be done for `all'.
16:55:59 **** Auto Build of configuration Debug for project vga_display ****
make all 
'Building file: ../src/helloworld.c'
'Invoking: ARM gcc compiler'
arm-xilinx-eabi-gcc -Wall -O0 -g3 -c -fmessage-length=0 -MT"src/helloworld.o" -I../../vga_display_bsp/ps7_cortexa9_0/include -MMD -MP -MF"src/helloworld.d" -MT"src/helloworld.d" -o "src/helloworld.o" "../src/helloworld.c"
../src/helloworld.c: In function 'main':
../src/helloworld.c:79:2: warning: implicit declaration of function 'VGA_Fill' [-Wimplicit-function-declaration]
  VGA_Fill(0,0,640,480,0x0);  //black
  ^
../src/helloworld.c:81:14: warning: initialization discards 'const' qualifier from pointer target type
  short * p = bmp_init1;
              ^
../src/helloworld.c:94:5: warning: implicit declaration of function 'sleep' [-Wimplicit-function-declaration]
     sleep(1);
     ^
../src/helloworld.c:95:5: warning: implicit declaration of function 'xil_printf' [-Wimplicit-function-declaration]
     xil_printf("1");
     ^
../src/helloworld.c:66:21: warning: unused variable 'c' [-Wunused-variable]
     unsigned char   c ;
                     ^
../src/helloworld.c:65:19: warning: unused variable 't' [-Wunused-variable]
     unsigned int  t,i,j ;
                   ^
../src/helloworld.c:64:23: warning: unused variable 'y' [-Wunused-variable]
     unsigned short  x,y;
                       ^
../src/helloworld.c:64:21: warning: unused variable 'x' [-Wunused-variable]
     unsigned short  x,y;
                     ^
'Finished building: ../src/helloworld.c'
' '
'Building target: vga_display.elf'
'Invoking: ARM gcc linker'
arm-xilinx-eabi-gcc -Wl,-T -Wl,../src/lscript.ld -L../../vga_display_bsp/ps7_cortexa9_0/lib -o "vga_display.elf"  ./src/VGA.o ./src/helloworld.o ./src/platform.o   -Wl,--start-group,-lxil,-lgcc,-lc,--end-group
'Finished building target: vga_display.elf'
' '
'Invoking: ARM Print Size'
arm-xilinx-eabi-size vga_display.elf  |tee "vga_display.elf.size"
   text	   data	    bss	    dec	    hex	filename
2485372	   1152	   8228	2494752	 261120	vga_display.elf
'Finished building: vga_display.elf.size'
' '
16:56:10 **** Incremental Build of configuration Debug for project vga_display ****
make all 
make: Nothing to be done for `all'.
16:58:36 **** Auto Build of configuration Debug for project vga_display ****
make all 
'Building file: ../src/helloworld.c'
'Invoking: ARM gcc compiler'
arm-xilinx-eabi-gcc -Wall -O0 -g3 -c -fmessage-length=0 -MT"src/helloworld.o" -I../../vga_display_bsp/ps7_cortexa9_0/include -MMD -MP -MF"src/helloworld.d" -MT"src/helloworld.d" -o "src/helloworld.o" "../src/helloworld.c"
../src/helloworld.c: In function 'main':
../src/helloworld.c:79:2: warning: implicit declaration of function 'VGA_Fill' [-Wimplicit-function-declaration]
  VGA_Fill(0,0,640,480,0x0);  //black
  ^
../src/helloworld.c:81:18: warning: initialization discards 'const' qualifier from pointer target type
  short *p,* p0 = bmp_init1;
                  ^
../src/helloworld.c:96:5: warning: implicit declaration of function 'sleep' [-Wimplicit-function-declaration]
     sleep(1);
     ^
../src/helloworld.c:97:5: warning: implicit declaration of function 'xil_printf' [-Wimplicit-function-declaration]
     xil_printf("1");
     ^
../src/helloworld.c:66:21: warning: unused variable 'c' [-Wunused-variable]
     unsigned char   c ;
                     ^
../src/helloworld.c:65:19: warning: unused variable 't' [-Wunused-variable]
     unsigned int  t,i,j ;
                   ^
../src/helloworld.c:64:23: warning: unused variable 'y' [-Wunused-variable]
     unsigned short  x,y;
                       ^
../src/helloworld.c:64:21: warning: unused variable 'x' [-Wunused-variable]
     unsigned short  x,y;
                     ^
'Finished building: ../src/helloworld.c'
' '
'Building target: vga_display.elf'
'Invoking: ARM gcc linker'
arm-xilinx-eabi-gcc -Wl,-T -Wl,../src/lscript.ld -L../../vga_display_bsp/ps7_cortexa9_0/lib -o "vga_display.elf"  ./src/VGA.o ./src/helloworld.o ./src/platform.o   -Wl,--start-group,-lxil,-lgcc,-lc,--end-group
'Finished building target: vga_display.elf'
' '
'Invoking: ARM Print Size'
arm-xilinx-eabi-size vga_display.elf  |tee "vga_display.elf.size"
   text	   data	    bss	    dec	    hex	filename
2485372	   1152	   8228	2494752	 261120	vga_display.elf
'Finished building: vga_display.elf.size'
' '
16:58:48 **** Incremental Build of configuration Debug for project vga_display ****
make all 
make: Nothing to be done for `all'.
17:45:49 **** Auto Build of project vga_display_bsp ****
make -k all 
"Running Make include in ps7_cortexa9_0/libsrc/coresightps_dcc_v1_2/src"
make -C ps7_cortexa9_0/libsrc/coresightps_dcc_v1_2/src -s include  "SHELL=CMD" "COMPILER=arm-xilinx-eabi-gcc" "ARCHIVER=arm-xilinx-eabi-ar" "COMPILER_FLAGS=  -O2 -c" "EXTRA_COMPILER_FLAGS=-g"
"Running Make include in ps7_cortexa9_0/libsrc/cpu_cortexa9_v2_1/src"
make -C ps7_cortexa9_0/libsrc/cpu_cortexa9_v2_1/src -s include  "SHELL=CMD" "COMPILER=arm-xilinx-eabi-gcc" "ARCHIVER=arm-xilinx-eabi-ar" "COMPILER_FLAGS=  -O2 -c" "EXTRA_COMPILER_FLAGS=-g"
"Running Make include in ps7_cortexa9_0/libsrc/ddrps_v1_0/src"
make -C ps7_cortexa9_0/libsrc/ddrps_v1_0/src -s include  "SHELL=CMD" "COMPILER=arm-xilinx-eabi-gcc" "ARCHIVER=arm-xilinx-eabi-ar" "COMPILER_FLAGS=  -O2 -c" "EXTRA_COMPILER_FLAGS=-g"
"Running Make include in ps7_cortexa9_0/libsrc/devcfg_v3_3/src"
make -C ps7_cortexa9_0/libsrc/devcfg_v3_3/src -s include  "SHELL=CMD" "COMPILER=arm-xilinx-eabi-gcc" "ARCHIVER=arm-xilinx-eabi-ar" "COMPILER_FLAGS=  -O2 -c" "EXTRA_COMPILER_FLAGS=-g"
"Running Make include in ps7_cortexa9_0/libsrc/dmaps_v2_1/src"
make -C ps7_cortexa9_0/libsrc/dmaps_v2_1/src -s include  "SHELL=CMD" "COMPILER=arm-xilinx-eabi-gcc" "ARCHIVER=arm-xilinx-eabi-ar" "COMPILER_FLAGS=  -O2 -c" "EXTRA_COMPILER_FLAGS=-g"
"Running Make include in ps7_cortexa9_0/libsrc/scugic_v3_1/src"
make -C ps7_cortexa9_0/libsrc/scugic_v3_1/src -s include  "SHELL=CMD" "COMPILER=arm-xilinx-eabi-gcc" "ARCHIVER=arm-xilinx-eabi-ar" "COMPILER_FLAGS=  -O2 -c" "EXTRA_COMPILER_FLAGS=-g"
"Running Make include in ps7_cortexa9_0/libsrc/scutimer_v2_1/src"
make -C ps7_cortexa9_0/libsrc/scutimer_v2_1/src -s include  "SHELL=CMD" "COMPILER=arm-xilinx-eabi-gcc" "ARCHIVER=arm-xilinx-eabi-ar" "COMPILER_FLAGS=  -O2 -c" "EXTRA_COMPILER_FLAGS=-g"
"Running Make include in ps7_cortexa9_0/libsrc/scuwdt_v2_1/src"
make -C ps7_cortexa9_0/libsrc/scuwdt_v2_1/src -s include  "SHELL=CMD" "COMPILER=arm-xilinx-eabi-gcc" "ARCHIVER=arm-xilinx-eabi-ar" "COMPILER_FLAGS=  -O2 -c" "EXTRA_COMPILER_FLAGS=-g"
"Running Make include in ps7_cortexa9_0/libsrc/standalone_v5_3/src"
make -C ps7_cortexa9_0/libsrc/standalone_v5_3/src -s include  "SHELL=CMD" "COMPILER=arm-xilinx-eabi-gcc" "ARCHIVER=arm-xilinx-eabi-ar" "COMPILER_FLAGS=  -O2 -c" "EXTRA_COMPILER_FLAGS=-g"
"Running Make include in ps7_cortexa9_0/libsrc/uartps_v3_1/src"
make -C ps7_cortexa9_0/libsrc/uartps_v3_1/src -s include  "SHELL=CMD" "COMPILER=arm-xilinx-eabi-gcc" "ARCHIVER=arm-xilinx-eabi-ar" "COMPILER_FLAGS=  -O2 -c" "EXTRA_COMPILER_FLAGS=-g"
"Running Make include in ps7_cortexa9_0/libsrc/xadcps_v2_2/src"
make -C ps7_cortexa9_0/libsrc/xadcps_v2_2/src -s include  "SHELL=CMD" "COMPILER=arm-xilinx-eabi-gcc" "ARCHIVER=arm-xilinx-eabi-ar" "COMPILER_FLAGS=  -O2 -c" "EXTRA_COMPILER_FLAGS=-g"
"Running Make libs in ps7_cortexa9_0/libsrc/coresightps_dcc_v1_2/src"
make -C ps7_cortexa9_0/libsrc/coresightps_dcc_v1_2/src -s libs  "SHELL=CMD" "COMPILER=arm-xilinx-eabi-gcc" "ARCHIVER=arm-xilinx-eabi-ar" "COMPILER_FLAGS=  -O2 -c" "EXTRA_COMPILER_FLAGS=-g"
"Compiling coresightps_dcc"
arm-xilinx-eabi-ar: creating ../../../lib/libxil.a
"Running Make libs in ps7_cortexa9_0/libsrc/cpu_cortexa9_v2_1/src"
make -C ps7_cortexa9_0/libsrc/cpu_cortexa9_v2_1/src -s libs  "SHELL=CMD" "COMPILER=arm-xilinx-eabi-gcc" "ARCHIVER=arm-xilinx-eabi-ar" "COMPILER_FLAGS=  -O2 -c" "EXTRA_COMPILER_FLAGS=-g"
"Compiling cpu_cortexa9"
"Running Make libs in ps7_cortexa9_0/libsrc/ddrps_v1_0/src"
make -C ps7_cortexa9_0/libsrc/ddrps_v1_0/src -s libs  "SHELL=CMD" "COMPILER=arm-xilinx-eabi-gcc" "ARCHIVER=arm-xilinx-eabi-ar" "COMPILER_FLAGS=  -O2 -c" "EXTRA_COMPILER_FLAGS=-g"
"Compiling ddrps"
"Running Make libs in ps7_cortexa9_0/libsrc/devcfg_v3_3/src"
make -C ps7_cortexa9_0/libsrc/devcfg_v3_3/src -s libs  "SHELL=CMD" "COMPILER=arm-xilinx-eabi-gcc" "ARCHIVER=arm-xilinx-eabi-ar" "COMPILER_FLAGS=  -O2 -c" "EXTRA_COMPILER_FLAGS=-g"
"Compiling devcfg"
"Running Make libs in ps7_cortexa9_0/libsrc/dmaps_v2_1/src"
make -C ps7_cortexa9_0/libsrc/dmaps_v2_1/src -s libs  "SHELL=CMD" "COMPILER=arm-xilinx-eabi-gcc" "ARCHIVER=arm-xilinx-eabi-ar" "COMPILER_FLAGS=  -O2 -c" "EXTRA_COMPILER_FLAGS=-g"
"Compiling dmaps"
"Running Make libs in ps7_cortexa9_0/libsrc/scugic_v3_1/src"
make -C ps7_cortexa9_0/libsrc/scugic_v3_1/src -s libs  "SHELL=CMD" "COMPILER=arm-xilinx-eabi-gcc" "ARCHIVER=arm-xilinx-eabi-ar" "COMPILER_FLAGS=  -O2 -c" "EXTRA_COMPILER_FLAGS=-g"
"Compiling scugic"
"Running Make libs in ps7_cortexa9_0/libsrc/scutimer_v2_1/src"
make -C ps7_cortexa9_0/libsrc/scutimer_v2_1/src -s libs  "SHELL=CMD" "COMPILER=arm-xilinx-eabi-gcc" "ARCHIVER=arm-xilinx-eabi-ar" "COMPILER_FLAGS=  -O2 -c" "EXTRA_COMPILER_FLAGS=-g"
"Compiling scutimer"
"Running Make libs in ps7_cortexa9_0/libsrc/scuwdt_v2_1/src"
make -C ps7_cortexa9_0/libsrc/scuwdt_v2_1/src -s libs  "SHELL=CMD" "COMPILER=arm-xilinx-eabi-gcc" "ARCHIVER=arm-xilinx-eabi-ar" "COMPILER_FLAGS=  -O2 -c" "EXTRA_COMPILER_FLAGS=-g"
"Compiling scuwdt"
"Running Make libs in ps7_cortexa9_0/libsrc/standalone_v5_3/src"
make -C ps7_cortexa9_0/libsrc/standalone_v5_3/src -s libs  "SHELL=CMD" "COMPILER=arm-xilinx-eabi-gcc" "ARCHIVER=arm-xilinx-eabi-ar" "COMPILER_FLAGS=  -O2 -c" "EXTRA_COMPILER_FLAGS=-g"
"Compiling standalone"
"Running Make libs in ps7_cortexa9_0/libsrc/uartps_v3_1/src"
make -C ps7_cortexa9_0/libsrc/uartps_v3_1/src -s libs  "SHELL=CMD" "COMPILER=arm-xilinx-eabi-gcc" "ARCHIVER=arm-xilinx-eabi-ar" "COMPILER_FLAGS=  -O2 -c" "EXTRA_COMPILER_FLAGS=-g"
"Compiling uartps"
"Running Make libs in ps7_cortexa9_0/libsrc/xadcps_v2_2/src"
make -C ps7_cortexa9_0/libsrc/xadcps_v2_2/src -s libs  "SHELL=CMD" "COMPILER=arm-xilinx-eabi-gcc" "ARCHIVER=arm-xilinx-eabi-ar" "COMPILER_FLAGS=  -O2 -c" "EXTRA_COMPILER_FLAGS=-g"
"Compiling xadcps"
'Finished building libraries'
17:46:49 **** Auto Build of configuration Debug for project vga_display ****
make all 
'Building file: ../src/platform.c'
'Invoking: ARM gcc compiler'
arm-xilinx-eabi-gcc -Wall -O0 -g3 -c -fmessage-length=0 -MT"src/platform.o" -I../../vga_display_bsp/ps7_cortexa9_0/include -MMD -MP -MF"src/platform.d" -MT"src/platform.d" -o "src/platform.o" "../src/platform.c"
'Finished building: ../src/platform.c'
' '
'Building target: vga_display.elf'
'Invoking: ARM gcc linker'
arm-xilinx-eabi-gcc -Wl,-T -Wl,../src/lscript.ld -L../../vga_display_bsp/ps7_cortexa9_0/lib -o "vga_display.elf"  ./src/VGA.o ./src/helloworld.o ./src/platform.o   -Wl,--start-group,-lxil,-lgcc,-lc,--end-group
'Finished building target: vga_display.elf'
' '
'Invoking: ARM Print Size'
arm-xilinx-eabi-size vga_display.elf  |tee "vga_display.elf.size"
   text	   data	    bss	    dec	    hex	filename
2485372	   1152	   8228	2494752	 261120	vga_display.elf
'Finished building: vga_display.elf.size'
' '
17:50:39 **** Auto Build of configuration Debug for project vga_display ****
make all 
'Building file: ../src/helloworld.c'
'Invoking: ARM gcc compiler'
arm-xilinx-eabi-gcc -Wall -O0 -g3 -c -fmessage-length=0 -MT"src/helloworld.o" -I../../vga_display_bsp/ps7_cortexa9_0/include -MMD -MP -MF"src/helloworld.d" -MT"src/helloworld.d" -o "src/helloworld.o" "../src/helloworld.c"
../src/helloworld.c: In function 'main':
../src/helloworld.c:75:4: warning: implicit declaration of function 'XUartPs_RecvByte' [-Wimplicit-function-declaration]
    if (XUartPs_RecvByte(UART_DEVICE_ADDR)==0x5a)
    ^
../src/helloworld.c:61:39: error: 'XPAR_XUARTPS_1_BASEADDR' undeclared (first use in this function)
 #define UART_DEVICE_ADDR              XPAR_XUARTPS_1_BASEADDR
                                       ^
../src/helloworld.c:75:25: note: in expansion of macro 'UART_DEVICE_ADDR'
    if (XUartPs_RecvByte(UART_DEVICE_ADDR)==0x5a)
                         ^
../src/helloworld.c:61:39: note: each undeclared identifier is reported only once for each function it appears in
 #define UART_DEVICE_ADDR              XPAR_XUARTPS_1_BASEADDR
                                       ^
../src/helloworld.c:75:25: note: in expansion of macro 'UART_DEVICE_ADDR'
    if (XUartPs_RecvByte(UART_DEVICE_ADDR)==0x5a)
                         ^
../src/helloworld.c:80:5: error: 'start' undeclared (first use in this function)
     start = 1;
     ^
../src/helloworld.c:81:5: error: 'buf' undeclared (first use in this function)
     buf = buf + 1;
     ^
../src/helloworld.c:82:5: warning: implicit declaration of function 'xil_printf' [-Wimplicit-function-declaration]
     xil_printf("1\r\n");
     ^
../src/helloworld.c:88:5: error: 'low' undeclared (first use in this function)
     low = XUartPs_RecvByte(UART_DEVICE_ADDR);
     ^
../src/helloworld.c:89:5: error: 'high' undeclared (first use in this function)
     high = XUartPs_RecvByte(UART_DEVICE_ADDR);
     ^
../src/helloworld.c:94:4: error: expected expression before '}' token
    }
    ^
../src/helloworld.c:106:2: warning: implicit declaration of function 'VGA_Fill' [-Wimplicit-function-declaration]
  VGA_Fill(0,0,640,480,0x0);  //black
  ^
../src/helloworld.c:108:18: warning: initialization discards 'const' qualifier from pointer target type
  short *p,* p0 = bmp_init1;
                  ^
../src/helloworld.c:123:5: warning: implicit declaration of function 'sleep' [-Wimplicit-function-declaration]
     sleep(1);
     ^
../src/helloworld.c:69:21: warning: unused variable 'c' [-Wunused-variable]
     unsigned char   c ;
                     ^
../src/helloworld.c:68:21: warning: variable 'data' set but not used [-Wunused-but-set-variable]
     unsigned int  t,data[768];
                     ^
../src/helloworld.c:68:19: warning: unused variable 't' [-Wunused-variable]
     unsigned int  t,data[768];
                   ^
make: *** [src/helloworld.o] ´íÎó 1
17:51:54 **** Auto Build of configuration Debug for project vga_display ****
make all 
'Building file: ../src/helloworld.c'
'Invoking: ARM gcc compiler'
arm-xilinx-eabi-gcc -Wall -O0 -g3 -c -fmessage-length=0 -MT"src/helloworld.o" -I../../vga_display_bsp/ps7_cortexa9_0/include -MMD -MP -MF"src/helloworld.d" -MT"src/helloworld.d" -o "src/helloworld.o" "../src/helloworld.c"
../src/helloworld.c: In function 'main':
../src/helloworld.c:76:4: warning: implicit declaration of function 'XUartPs_RecvByte' [-Wimplicit-function-declaration]
    if (XUartPs_RecvByte(UART_DEVICE_ADDR)==0x5a)
    ^
../src/helloworld.c:61:39: error: 'XPAR_XUARTPS_1_BASEADDR' undeclared (first use in this function)
 #define UART_DEVICE_ADDR              XPAR_XUARTPS_1_BASEADDR
                                       ^
../src/helloworld.c:76:25: note: in expansion of macro 'UART_DEVICE_ADDR'
    if (XUartPs_RecvByte(UART_DEVICE_ADDR)==0x5a)
                         ^
../src/helloworld.c:61:39: note: each undeclared identifier is reported only once for each function it appears in
 #define UART_DEVICE_ADDR              XPAR_XUARTPS_1_BASEADDR
                                       ^
[...]
../src/helloworld.c:81:3: warning: implicit declaration of function 'xil_printf' [-Wimplicit-function-declaration]
   xil_printf("1\n\r");
   ^
../src/helloworld.c:94:6: warning: suggest explicit braces to avoid ambiguous 'else' [-Wparentheses]
   if (temp > 2800)
      ^
'Finished building: ../src/helloworld.c'
' '
'Building target: vga_display.elf'
'Invoking: ARM gcc linker'
arm-xilinx-eabi-gcc -Wl,-T -Wl,../src/lscript.ld -L../../vga_display_bsp/ps7_cortexa9_0/lib -o "vga_display.elf"  ./src/VGA.o ./src/helloworld.o ./src/platform.o   -Wl,--start-group,-lxil,-lgcc,-lc,--end-group
'Finished building target: vga_display.elf'
' '
'Invoking: ARM Print Size'
arm-xilinx-eabi-size vga_display.elf  |tee "vga_display.elf.size"
   text	   data	    bss	    dec	    hex	filename
  31808	   2192	   8292	  42292	   a534	vga_display.elf
'Finished building: vga_display.elf.size'
' '
19:52:27 **** Auto Build of configuration Debug for project vga_display ****
make all 
'Building file: ../src/helloworld.c'
'Invoking: ARM gcc compiler'
arm-xilinx-eabi-gcc -Wall -O0 -g3 -c -fmessage-length=0 -MT"src/helloworld.o" -I../../vga_display_bsp/ps7_cortexa9_0/include -MMD -MP -MF"src/helloworld.d" -MT"src/helloworld.d" -o "src/helloworld.o" "../src/helloworld.c"
../src/helloworld.c: In function 'main':
../src/helloworld.c:67:5: error: unknown type name 'u16'
     u16 *p0 = (u16*)malloc(sizeof(u16) * 32*EXPAND*24*EXPAND);
     ^
../src/helloworld.c:67:16: error: 'u16' undeclared (first use in this function)
     u16 *p0 = (u16*)malloc(sizeof(u16) * 32*EXPAND*24*EXPAND);
                ^
../src/helloworld.c:67:16: note: each undeclared identifier is reported only once for each function it appears in
../src/helloworld.c:67:20: error: expected expression before ')' token
     u16 *p0 = (u16*)malloc(sizeof(u16) * 32*EXPAND*24*EXPAND);
                    ^
../src/helloworld.c:72:2: warning: implicit declaration of function 'VGA_Fill' [-Wimplicit-function-declaration]
  VGA_Fill(0,0,640,480,0xff);
  ^
../src/helloworld.c:76:2: warning: implicit declaration of function 'XUartPs_RecvByte' [-Wimplicit-function-declaration]
  if (XUartPs_RecvByte(UART_DEVICE_ADDR)==0x5a)
  ^
../src/helloworld.c:82:3: warning: implicit declaration of function 'xil_printf' [-Wimplicit-function-declaration]
   xil_printf("1\n\r");
   ^
../src/helloworld.c:95:6: warning: suggest explicit braces to avoid ambiguous 'else' [-Wparentheses]
   if (temp > 2800)
      ^
../src/helloworld.c:139:4: warning: assignment from incompatible pointer type
  p = p0;
    ^
make: *** [src/helloworld.o] ´íÎó 1
19:52:53 **** Auto Build of configuration Debug for project vga_display ****
make all 
'Building file: ../src/helloworld.c'
'Invoking: ARM gcc compiler'
arm-xilinx-eabi-gcc -Wall -O0 -g3 -c -fmessage-length=0 -MT"src/helloworld.o" -I../../vga_display_bsp/ps7_cortexa9_0/include -MMD -MP -MF"src/helloworld.d" -MT"src/helloworld.d" -o "src/helloworld.o" "../src/helloworld.c"
../src/helloworld.c: In function 'main':
../src/helloworld.c:68:5: warning: implicit declaration of function 'malloc' [-Wimplicit-function-declaration]
     u16 *p0 = (u16*)malloc(sizeof(u16) * 32*EXPAND*24*EXPAND);
     ^
../src/helloworld.c:68:21: warning: incompatible implicit declaration of built-in function 'malloc'
     u16 *p0 = (u16*)malloc(sizeof(u16) * 32*EXPAND*24*EXPAND);
                     ^
../src/helloworld.c:73:2: warning: implicit declaration of function 'VGA_Fill' [-Wimplicit-function-declaration]
  VGA_Fill(0,0,640,480,0xff);
  ^
../src/helloworld.c:77:2: warning: implicit declaration of function 'XUartPs_RecvByte' [-Wimplicit-function-declaration]
  if (XUartPs_RecvByte(UART_DEVICE_ADDR)==0x5a)
  ^
../src/helloworld.c:83:3: warning: implicit declaration of function 'xil_printf' [-Wimplicit-function-declaration]
   xil_printf("1\n\r");
   ^
../src/helloworld.c:96:6: warning: suggest explicit braces to avoid ambiguous 'else' [-Wparentheses]
   if (temp > 2800)
      ^
../src/helloworld.c:140:4: warning: pointer targets in assignment differ in signedness [-Wpointer-sign]
  p = p0;
    ^
'Finished building: ../src/helloworld.c'
' '
'Building target: vga_display.elf'
'Invoking: ARM gcc linker'
arm-xilinx-eabi-gcc -Wl,-T -Wl,../src/lscript.ld -L../../vga_display_bsp/ps7_cortexa9_0/lib -o "vga_display.elf"  ./src/VGA.o ./src/helloworld.o ./src/platform.o   -Wl,--start-group,-lxil,-lgcc,-lc,--end-group
'Finished building target: vga_display.elf'
' '
'Invoking: ARM Print Size'
arm-xilinx-eabi-size vga_display.elf  |tee "vga_display.elf.size"
   text	   data	    bss	    dec	    hex	filename
  31808	   2192	   8292	  42292	   a534	vga_display.elf
'Finished building: vga_display.elf.size'
' '
19:52:59 **** Incremental Build of configuration Debug for project vga_display ****
make all 
make: Nothing to be done for `all'.
19:53:10 **** Incremental Build of configuration Debug for project vga_display ****
make all 
'Building file: ../src/helloworld.c'
'Invoking: ARM gcc compiler'
arm-xilinx-eabi-gcc -Wall -O0 -g3 -c -fmessage-length=0 -MT"src/helloworld.o" -I../../vga_display_bsp/ps7_cortexa9_0/include -MMD -MP -MF"src/helloworld.d" -MT"src/helloworld.d" -o "src/helloworld.o" "../src/helloworld.c"
../src/helloworld.c: In function 'main':
../src/helloworld.c:68:5: warning: implicit declaration of function 'malloc' [-Wimplicit-function-declaration]
     u16 *p0 = (u16*)malloc(sizeof(u16) * 32*EXPAND*24*EXPAND);
     ^
../src/helloworld.c:68:21: warning: incompatible implicit declaration of built-in function 'malloc'
     u16 *p0 = (u16*)malloc(sizeof(u16) * 32*EXPAND*24*EXPAND);
                     ^
../src/helloworld.c:73:2: warning: implicit declaration of function 'VGA_Fill' [-Wimplicit-function-declaration]
  VGA_Fill(0,0,640,480,0xff);
  ^
../src/helloworld.c:77:2: warning: implicit declaration of function 'XUartPs_RecvByte' [-Wimplicit-function-declaration]
  if (XUartPs_RecvByte(UART_DEVICE_ADDR)==0x5a)
  ^
../src/helloworld.c:83:3: warning: implicit declaration of function 'xil_printf' [-Wimplicit-function-declaration]
   xil_printf("1\n\r");
   ^
../src/helloworld.c:96:6: warning: suggest explicit braces to avoid ambiguous 'else' [-Wparentheses]
   if (temp > 2800)
      ^
../src/helloworld.c:140:4: warning: pointer targets in assignment differ in signedness [-Wpointer-sign]
  p = p0;
    ^
'Finished building: ../src/helloworld.c'
' '
'Building target: vga_display.elf'
'Invoking: ARM gcc linker'
arm-xilinx-eabi-gcc -Wl,-T -Wl,../src/lscript.ld -L../../vga_display_bsp/ps7_cortexa9_0/lib -o "vga_display.elf"  ./src/VGA.o ./src/helloworld.o ./src/platform.o   -Wl,--start-group,-lxil,-lgcc,-lc,--end-group
'Finished building target: vga_display.elf'
' '
'Invoking: ARM Print Size'
arm-xilinx-eabi-size vga_display.elf  |tee "vga_display.elf.size"
   text	   data	    bss	    dec	    hex	filename
  31808	   2192	   8292	  42292	   a534	vga_display.elf
'Finished building: vga_display.elf.size'
' '
19:53:26 **** Auto Build of configuration Debug for project vga_display ****
make all 
'Building file: ../src/helloworld.c'
'Invoking: ARM gcc compiler'
arm-xilinx-eabi-gcc -Wall -O0 -g3 -c -fmessage-length=0 -MT"src/helloworld.o" -I../../vga_display_bsp/ps7_cortexa9_0/include -MMD -MP -MF"src/helloworld.d" -MT"src/helloworld.d" -o "src/helloworld.o" "../src/helloworld.c"
../src/helloworld.c: In function 'main':
../src/helloworld.c:68:5: warning: implicit declaration of function 'malloc' [-Wimplicit-function-declaration]
     u16 *p0 = (u16*)malloc(sizeof(u16) * 32*EXPAND*24*EXPAND);
     ^
../src/helloworld.c:68:21: warning: incompatible implicit declaration of built-in function 'malloc'
     u16 *p0 = (u16*)malloc(sizeof(u16) * 32*EXPAND*24*EXPAND);
                     ^
../src/helloworld.c:73:2: warning: implicit declaration of function 'VGA_Fill' [-Wimplicit-function-declaration]
  VGA_Fill(0,0,640,480,0xff);
  ^
../src/helloworld.c:77:2: warning: implicit declaration of function 'XUartPs_RecvByte' [-Wimplicit-function-declaration]
  if (XUartPs_RecvByte(UART_DEVICE_ADDR)==0x5a)
  ^
../src/helloworld.c:83:3: warning: implicit declaration of function 'xil_printf' [-Wimplicit-function-declaration]
   xil_printf("1\n\r");
   ^
../src/helloworld.c:96:6: warning: suggest explicit braces to avoid ambiguous 'else' [-Wparentheses]
   if (temp > 2800)
      ^
../src/helloworld.c:140:4: warning: pointer targets in assignment differ in signedness [-Wpointer-sign]
  p = p0;
    ^
'Finished building: ../src/helloworld.c'
' '
'Building target: vga_display.elf'
'Invoking: ARM gcc linker'
arm-xilinx-eabi-gcc -Wl,-T -Wl,../src/lscript.ld -L../../vga_display_bsp/ps7_cortexa9_0/lib -o "vga_display.elf"  ./src/VGA.o ./src/helloworld.o ./src/platform.o   -Wl,--start-group,-lxil,-lgcc,-lc,--end-group
'Finished building target: vga_display.elf'
' '
'Invoking: ARM Print Size'
arm-xilinx-eabi-size vga_display.elf  |tee "vga_display.elf.size"
   text	   data	    bss	    dec	    hex	filename
  31808	   2192	   8292	  42292	   a534	vga_display.elf
'Finished building: vga_display.elf.size'
' '
19:53:30 **** Incremental Build of configuration Debug for project vga_display ****
make all 
make: Nothing to be done for `all'.
23:28:43 **** Auto Build of configuration Debug for project vga_display ****
make all 
'Building file: ../src/helloworld.c'
'Invoking: ARM gcc compiler'
arm-xilinx-eabi-gcc -Wall -O0 -g3 -c -fmessage-length=0 -MT"src/helloworld.o" -I../../vga_display_bsp/ps7_cortexa9_0/include -MMD -MP -MF"src/helloworld.d" -MT"src/helloworld.d" -o "src/helloworld.o" "../src/helloworld.c"
../src/helloworld.c: In function 'main':
../src/helloworld.c:68:5: warning: implicit declaration of function 'malloc' [-Wimplicit-function-declaration]
     u16 *p0 = (u16*)malloc(sizeof(u16) * 32*EXPAND*24*EXPAND);
     ^
../src/helloworld.c:68:21: warning: incompatible implicit declaration of built-in function 'malloc'
     u16 *p0 = (u16*)malloc(sizeof(u16) * 32*EXPAND*24*EXPAND);
                     ^
../src/helloworld.c:73:2: warning: implicit declaration of function 'VGA_Fill' [-Wimplicit-function-declaration]
  VGA_Fill(0,0,640,480,0xff);
  ^
../src/helloworld.c:77:2: warning: implicit declaration of function 'XUartPs_RecvByte' [-Wimplicit-function-declaration]
  if (XUartPs_RecvByte(UART_DEVICE_ADDR)==0x5a)
  ^
../src/helloworld.c:83:3: warning: implicit declaration of function 'xil_printf' [-Wimplicit-function-declaration]
   xil_printf("1\n\r");
   ^
../src/helloworld.c:96:6: warning: suggest explicit braces to avoid ambiguous 'else' [-Wparentheses]
   if (temp > 2800)
      ^
../src/helloworld.c:140:4: warning: pointer targets in assignment differ in signedness [-Wpointer-sign]
  p = p0;
    ^
'Finished building: ../src/helloworld.c'
' '
'Building target: vga_display.elf'
'Invoking: ARM gcc linker'
arm-xilinx-eabi-gcc -Wl,-T -Wl,../src/lscript.ld -L../../vga_display_bsp/ps7_cortexa9_0/lib -o "vga_display.elf"  ./src/VGA.o ./src/helloworld.o ./src/platform.o   -Wl,--start-group,-lxil,-lgcc,-lc,--end-group
'Finished building target: vga_display.elf'
' '
'Invoking: ARM Print Size'
arm-xilinx-eabi-size vga_display.elf  |tee "vga_display.elf.size"
   text	   data	    bss	    dec	    hex	filename
  31808	   2192	   8292	  42292	   a534	vga_display.elf
'Finished building: vga_display.elf.size'
' '
23:28:51 **** Incremental Build of configuration Debug for project vga_display ****
make all 
make: Nothing to be done for `all'.
23:30:44 **** Auto Build of configuration Debug for project vga_display ****
make all 
'Building file: ../src/helloworld.c'
'Invoking: ARM gcc compiler'
arm-xilinx-eabi-gcc -Wall -O0 -g3 -c -fmessage-length=0 -MT"src/helloworld.o" -I../../vga_display_bsp/ps7_cortexa9_0/include -MMD -MP -MF"src/helloworld.d" -MT"src/helloworld.d" -o "src/helloworld.o" "../src/helloworld.c"
../src/helloworld.c: In function 'main':
../src/helloworld.c:68:5: warning: implicit declaration of function 'malloc' [-Wimplicit-function-declaration]
     u16 *p0 = (u16*)malloc(sizeof(u16) * 32*EXPAND*24*EXPAND);
     ^
../src/helloworld.c:68:21: warning: incompatible implicit declaration of built-in function 'malloc'
     u16 *p0 = (u16*)malloc(sizeof(u16) * 32*EXPAND*24*EXPAND);
                     ^
../src/helloworld.c:73:2: warning: implicit declaration of function 'VGA_Fill' [-Wimplicit-function-declaration]
  VGA_Fill(0,0,640,480,0xff);
  ^
../src/helloworld.c:77:2: warning: implicit declaration of function 'XUartPs_RecvByte' [-Wimplicit-function-declaration]
  if (XUartPs_RecvByte(UART_DEVICE_ADDR)==0x5a)
  ^
../src/helloworld.c:83:3: warning: implicit declaration of function 'xil_printf' [-Wimplicit-function-declaration]
   xil_printf("1\n\r");
   ^
../src/helloworld.c:96:6: warning: suggest explicit braces to avoid ambiguous 'else' [-Wparentheses]
   if (temp > 2800)
      ^
../src/helloworld.c:140:4: warning: pointer targets in assignment differ in signedness [-Wpointer-sign]
  p = p0;
    ^
'Finished building: ../src/helloworld.c'
' '
'Building target: vga_display.elf'
'Invoking: ARM gcc linker'
arm-xilinx-eabi-gcc -Wl,-T -Wl,../src/lscript.ld -L../../vga_display_bsp/ps7_cortexa9_0/lib -o "vga_display.elf"  ./src/VGA.o ./src/helloworld.o ./src/platform.o   -Wl,--start-group,-lxil,-lgcc,-lc,--end-group
'Finished building target: vga_display.elf'
' '
'Invoking: ARM Print Size'
arm-xilinx-eabi-size vga_display.elf  |tee "vga_display.elf.size"
   text	   data	    bss	    dec	    hex	filename
  31808	   2192	   8292	  42292	   a534	vga_display.elf
'Finished building: vga_display.elf.size'
' '
23:30:49 **** Incremental Build of configuration Debug for project vga_display ****
make all 
make: Nothing to be done for `all'.
23:31:58 **** Auto Build of configuration Debug for project vga_display ****
make all 
'Building file: ../src/helloworld.c'
'Invoking: ARM gcc compiler'
arm-xilinx-eabi-gcc -Wall -O0 -g3 -c -fmessage-length=0 -MT"src/helloworld.o" -I../../vga_display_bsp/ps7_cortexa9_0/include -MMD -MP -MF"src/helloworld.d" -MT"src/helloworld.d" -o "src/helloworld.o" "../src/helloworld.c"
../src/helloworld.c:61:6: error: conflicting types for 'print'
 void print(char *str);
      ^
In file included from ../../vga_display_bsp/ps7_cortexa9_0/include/xil_io.h:65:0,
                 from ../../vga_display_bsp/ps7_cortexa9_0/include/xuartps_hw.h:73,
                 from ../../vga_display_bsp/ps7_cortexa9_0/include/xuartps.h:179,
                 from ../src/helloworld.c:53:
../../vga_display_bsp/ps7_cortexa9_0/include/xil_printf.h:36:6: note: previous declaration of 'print' was here
 void print( const char8 *ptr);
      ^
../src/helloworld.c: In function 'main':
../src/helloworld.c:69:5: warning: implicit declaration of function 'malloc' [-Wimplicit-function-declaration]
     u16 *p0 = (u16*)malloc(sizeof(u16) * 32*EXPAND*24*EXPAND);
     ^
../src/helloworld.c:69:21: warning: incompatible implicit declaration of built-in function 'malloc'
     u16 *p0 = (u16*)malloc(sizeof(u16) * 32*EXPAND*24*EXPAND);
                     ^
../src/helloworld.c:74:2: warning: implicit declaration of function 'VGA_Fill' [-Wimplicit-function-declaration]
  VGA_Fill(0,0,640,480,0xff);
  ^
../src/helloworld.c:97:6: warning: suggest explicit braces to avoid ambiguous 'else' [-Wparentheses]
   if (temp > 2800)
      ^
../src/helloworld.c:141:4: warning: pointer targets in assignment differ in signedness [-Wpointer-sign]
  p = p0;
    ^
make: *** [src/helloworld.o] ´íÎó 1
23:32:39 **** Auto Build of configuration Debug for project vga_display ****
make all 
'Building file: ../src/helloworld.c'
'Invoking: ARM gcc compiler'
arm-xilinx-eabi-gcc -Wall -O0 -g3 -c -fmessage-length=0 -MT"src/helloworld.o" -I../../vga_display_bsp/ps7_cortexa9_0/include -MMD -MP -MF"src/helloworld.d" -MT"src/helloworld.d" -o "src/helloworld.o" "../src/helloworld.c"
../src/helloworld.c: In function 'main':
../src/helloworld.c:69:5: warning: implicit declaration of function 'malloc' [-Wimplicit-function-declaration]
     u16 *p0 = (u16*)malloc(sizeof(u16) * 32*EXPAND*24*EXPAND);
     ^
../src/helloworld.c:69:21: warning: incompatible implicit declaration of built-in function 'malloc'
     u16 *p0 = (u16*)malloc(sizeof(u16) * 32*EXPAND*24*EXPAND);
                     ^
../src/helloworld.c:74:2: warning: implicit declaration of function 'VGA_Fill' [-Wimplicit-function-declaration]
  VGA_Fill(0,0,640,480,0xff);
  ^
../src/helloworld.c:97:6: warning: suggest explicit braces to avoid ambiguous 'else' [-Wparentheses]
   if (temp > 2800)
      ^
../src/helloworld.c:141:4: warning: pointer targets in assignment differ in signedness [-Wpointer-sign]
  p = p0;
    ^
'Finished building: ../src/helloworld.c'
' '
'Building target: vga_display.elf'
'Invoking: ARM gcc linker'
arm-xilinx-eabi-gcc -Wl,-T -Wl,../src/lscript.ld -L../../vga_display_bsp/ps7_cortexa9_0/lib -o "vga_display.elf"  ./src/VGA.o ./src/helloworld.o ./src/platform.o   -Wl,--start-group,-lxil,-lgcc,-lc,--end-group
'Finished building target: vga_display.elf'
' '
'Invoking: ARM Print Size'
arm-xilinx-eabi-size vga_display.elf  |tee "vga_display.elf.size"
   text	   data	    bss	    dec	    hex	filename
  31808	   2192	   8292	  42292	   a534	vga_display.elf
'Finished building: vga_display.elf.size'
' '
23:32:45 **** Incremental Build of configuration Debug for project vga_display ****
make all 
make: Nothing to be done for `all'.
00:10:39 **** Clean-only build of configuration Debug for project vga_display_bram ****
make clean 
rm -rf  ./src/VGA.o ./src/helloworld.o ./src/platform.o  ./src/VGA.d ./src/helloworld.d ./src/platform.d  vga_display.elf.size  vga_display.elf
' '
00:10:39 **** Build of configuration Debug for project vga_display_bram ****
make all 
'Building file: ../src/VGA.c'
'Invoking: ARM gcc compiler'
arm-xilinx-eabi-gcc -Wall -O0 -g3 -c -fmessage-length=0 -MT"src/VGA.o" -I../../vga_display_bsp/ps7_cortexa9_0/include -MMD -MP -MF"src/VGA.d" -MT"src/VGA.d" -o "src/VGA.o" "../src/VGA.c"
'Finished building: ../src/VGA.c'
' '
'Building file: ../src/helloworld.c'
'Invoking: ARM gcc compiler'
arm-xilinx-eabi-gcc -Wall -O0 -g3 -c -fmessage-length=0 -MT"src/helloworld.o" -I../../vga_display_bsp/ps7_cortexa9_0/include -MMD -MP -MF"src/helloworld.d" -MT"src/helloworld.d" -o "src/helloworld.o" "../src/helloworld.c"
../src/helloworld.c: In function 'main':
../src/helloworld.c:69:5: warning: implicit declaration of function 'malloc' [-Wimplicit-function-declaration]
     u16 *p0 = (u16*)malloc(sizeof(u16) * 32*EXPAND*24*EXPAND);
     ^
../src/helloworld.c:69:21: warning: incompatible implicit declaration of built-in function 'malloc'
     u16 *p0 = (u16*)malloc(sizeof(u16) * 32*EXPAND*24*EXPAND);
                     ^
../src/helloworld.c:74:2: warning: implicit declaration of function 'VGA_Fill' [-Wimplicit-function-declaration]
  VGA_Fill(0,0,640,480,0xff);
  ^
../src/helloworld.c:97:6: warning: suggest explicit braces to avoid ambiguous 'else' [-Wparentheses]
   if (temp > 2800)
      ^
../src/helloworld.c:141:4: warning: pointer targets in assignment differ in signedness [-Wpointer-sign]
  p = p0;
    ^
'Finished building: ../src/helloworld.c'
' '
'Building file: ../src/platform.c'
'Invoking: ARM gcc compiler'
arm-xilinx-eabi-gcc -Wall -O0 -g3 -c -fmessage-length=0 -MT"src/platform.o" -I../../vga_display_bsp/ps7_cortexa9_0/include -MMD -MP -MF"src/platform.d" -MT"src/platform.d" -o "src/platform.o" "../src/platform.c"
'Finished building: ../src/platform.c'
' '
'Building target: vga_display_bram.elf'
'Invoking: ARM gcc linker'
arm-xilinx-eabi-gcc -Wl,-T -Wl,../src/lscript.ld -L../../vga_display_bsp/ps7_cortexa9_0/lib -o "vga_display_bram.elf"  ./src/VGA.o ./src/helloworld.o ./src/platform.o   -Wl,--start-group,-lxil,-lgcc,-lc,--end-group
'Finished building target: vga_display_bram.elf'
' '
'Invoking: ARM Print Size'
arm-xilinx-eabi-size vga_display_bram.elf  |tee "vga_display_bram.elf.size"
   text	   data	    bss	    dec	    hex	filename
  31808	   2192	   8292	  42292	   a534	vga_display_bram.elf
'Finished building: vga_display_bram.elf.size'
' '
