00:42:06 **** Clean-only build of configuration Debug for project vga_display ****
make clean 
rm -rf  ./src/dynclk/dynclk.o  ./src/display_ctrl/display_ctrl.o  ./src/VGA.o ./src/helloworld.o ./src/platform.o  ./src/dynclk/dynclk.d  ./src/display_ctrl/display_ctrl.d  ./src/VGA.d ./src/helloworld.d ./src/platform.d  vga_display.elf.size  vga_display.elf
' '
00:42:06 **** Clean-only build of project FSBL_bsp ****
make -k clean 
rm -f ps7_cortexa9_0/lib/libxil.a
00:42:06 **** Build of project FSBL_bsp ****
make -k all 
"Running Make include in ps7_cortexa9_0/libsrc/axivdma_v6_0/src"
make -C ps7_cortexa9_0/libsrc/axivdma_v6_0/src -s include  "SHELL=CMD" "COMPILER=arm-xilinx-eabi-gcc" "ARCHIVER=arm-xilinx-eabi-ar" "COMPILER_FLAGS=  -O2 -c" "EXTRA_COMPILER_FLAGS=-g"
"Running Make include in ps7_cortexa9_0/libsrc/coresightps_dcc_v1_2/src"
make -C ps7_cortexa9_0/libsrc/coresightps_dcc_v1_2/src -s include  "SHELL=CMD" "COMPILER=arm-xilinx-eabi-gcc" "ARCHIVER=arm-xilinx-eabi-ar" "COMPILER_FLAGS=  -O2 -c" "EXTRA_COMPILER_FLAGS=-g"
"Running Make include in ps7_cortexa9_0/libsrc/cpu_cortexa9_v2_1/src"
make -C ps7_cortexa9_0/libsrc/cpu_cortexa9_v2_1/src -s include  "SHELL=CMD" "COMPILER=arm-xilinx-eabi-gcc" "ARCHIVER=arm-xilinx-eabi-ar" "COMPILER_FLAGS=  -O2 -c" "EXTRA_COMPILER_FLAGS=-g"
"Running Make include in ps7_cortexa9_0/libsrc/ddrps_v1_0/src"
make -C ps7_cortexa9_0/libsrc/ddrps_v1_0/src -s include  "SHELL=CMD" "COMPILER=arm-xilinx-eabi-gcc" "ARCHIVER=arm-xilinx-eabi-ar" "COMPILER_FLAGS=  -O2 -c" "EXTRA_COMPILER_FLAGS=-g"
"Running Make include in ps7_cortexa9_0/libsrc/devcfg_v3_3/src"
make -C ps7_cortexa9_0/libsrc/devcfg_v3_3/src -s include  "SHELL=CMD" "COMPILER=arm-xilinx-eabi-gcc" "ARCHIVER=arm-xilinx-eabi-ar" "COMPILER_FLAGS=  -O2 -c" "EXTRA_COMPILER_FLAGS=-g"
"Running Make include in ps7_cortexa9_0/libsrc/dmaps_v2_1/src"
make -C ps7_cortexa9_0/libsrc/dmaps_v2_1/src -s include  "SHELL=CMD" "COMPILER=arm-xilinx-eabi-gcc" "ARCHIVER=arm-xilinx-eabi-ar" "COMPILER_FLAGS=  -O2 -c" "EXTRA_COMPILER_FLAGS=-g"
"Running Make include in ps7_cortexa9_0/libsrc/scugic_v3_1/src"
make -C ps7_cortexa9_0/libsrc/scugic_v3_1/src -s include  "SHELL=CMD" "COMPILER=arm-xilinx-eabi-gcc" "ARCHIVER=arm-xilinx-eabi-ar" "COMPILER_FLAGS=  -O2 -c" "EXTRA_COMPILER_FLAGS=-g"
"Running Make include in ps7_cortexa9_0/libsrc/scutimer_v2_1/src"
make -C ps7_cortexa9_0/libsrc/scutimer_v2_1/src -s include  "SHELL=CMD" "COMPILER=arm-xilinx-eabi-gcc" "ARCHIVER=arm-xilinx-eabi-ar" "COMPILER_FLAGS=  -O2 -c" "EXTRA_COMPILER_FLAGS=-g"
"Running Make include in ps7_cortexa9_0/libsrc/scuwdt_v2_1/src"
make -C ps7_cortexa9_0/libsrc/scuwdt_v2_1/src -s include  "SHELL=CMD" "COMPILER=arm-xilinx-eabi-gcc" "ARCHIVER=arm-xilinx-eabi-ar" "COMPILER_FLAGS=  -O2 -c" "EXTRA_COMPILER_FLAGS=-g"
"Running Make include in ps7_cortexa9_0/libsrc/standalone_v5_3/src"
make -C ps7_cortexa9_0/libsrc/standalone_v5_3/src -s include  "SHELL=CMD" "COMPILER=arm-xilinx-eabi-gcc" "ARCHIVER=arm-xilinx-eabi-ar" "COMPILER_FLAGS=  -O2 -c" "EXTRA_COMPILER_FLAGS=-g"
"Running Make include in ps7_cortexa9_0/libsrc/uartps_v3_1/src"
make -C ps7_cortexa9_0/libsrc/uartps_v3_1/src -s include  "SHELL=CMD" "COMPILER=arm-xilinx-eabi-gcc" "ARCHIVER=arm-xilinx-eabi-ar" "COMPILER_FLAGS=  -O2 -c" "EXTRA_COMPILER_FLAGS=-g"
"Running Make include in ps7_cortexa9_0/libsrc/vtc_v7_1/src"
make -C ps7_cortexa9_0/libsrc/vtc_v7_1/src -s include  "SHELL=CMD" "COMPILER=arm-xilinx-eabi-gcc" "ARCHIVER=arm-xilinx-eabi-ar" "COMPILER_FLAGS=  -O2 -c" "EXTRA_COMPILER_FLAGS=-g"
"Running Make include in ps7_cortexa9_0/libsrc/xadcps_v2_2/src"
make -C ps7_cortexa9_0/libsrc/xadcps_v2_2/src -s include  "SHELL=CMD" "COMPILER=arm-xilinx-eabi-gcc" "ARCHIVER=arm-xilinx-eabi-ar" "COMPILER_FLAGS=  -O2 -c" "EXTRA_COMPILER_FLAGS=-g"
"Running Make include in ps7_cortexa9_0/libsrc/xilffs_v3_1/src"
make -C ps7_cortexa9_0/libsrc/xilffs_v3_1/src -s include  "SHELL=CMD" "COMPILER=arm-xilinx-eabi-gcc" "ARCHIVER=arm-xilinx-eabi-ar" "COMPILER_FLAGS=  -O2 -c" "EXTRA_COMPILER_FLAGS=-g"
"Running Make include in ps7_cortexa9_0/libsrc/xilrsa_v1_1/src"
make -C ps7_cortexa9_0/libsrc/xilrsa_v1_1/src -s include  "SHELL=CMD" "COMPILER=arm-xilinx-eabi-gcc" "ARCHIVER=arm-xilinx-eabi-ar" "COMPILER_FLAGS=  -O2 -c" "EXTRA_COMPILER_FLAGS=-g"
"Running Make libs in ps7_cortexa9_0/libsrc/axivdma_v6_0/src"
make -C ps7_cortexa9_0/libsrc/axivdma_v6_0/src -s libs  "SHELL=CMD" "COMPILER=arm-xilinx-eabi-gcc" "ARCHIVER=arm-xilinx-eabi-ar" "COMPILER_FLAGS=  -O2 -c" "EXTRA_COMPILER_FLAGS=-g"
"Compiling axivdma"
arm-xilinx-eabi-ar: creating ../../../lib/libxil.a
"Running Make libs in ps7_cortexa9_0/libsrc/coresightps_dcc_v1_2/src"
make -C ps7_cortexa9_0/libsrc/coresightps_dcc_v1_2/src -s libs  "SHELL=CMD" "COMPILER=arm-xilinx-eabi-gcc" "ARCHIVER=arm-xilinx-eabi-ar" "COMPILER_FLAGS=  -O2 -c" "EXTRA_COMPILER_FLAGS=-g"
"Compiling coresightps_dcc"
"Running Make libs in ps7_cortexa9_0/libsrc/cpu_cortexa9_v2_1/src"
make -C ps7_cortexa9_0/libsrc/cpu_cortexa9_v2_1/src -s libs  "SHELL=CMD" "COMPILER=arm-xilinx-eabi-gcc" "ARCHIVER=arm-xilinx-eabi-ar" "COMPILER_FLAGS=  -O2 -c" "EXTRA_COMPILER_FLAGS=-g"
"Compiling cpu_cortexa9"
"Running Make libs in ps7_cortexa9_0/libsrc/ddrps_v1_0/src"
make -C ps7_cortexa9_0/libsrc/ddrps_v1_0/src -s libs  "SHELL=CMD" "COMPILER=arm-xilinx-eabi-gcc" "ARCHIVER=arm-xilinx-eabi-ar" "COMPILER_FLAGS=  -O2 -c" "EXTRA_COMPILER_FLAGS=-g"
"Compiling ddrps"
"Running Make libs in ps7_cortexa9_0/libsrc/devcfg_v3_3/src"
make -C ps7_cortexa9_0/libsrc/devcfg_v3_3/src -s libs  "SHELL=CMD" "COMPILER=arm-xilinx-eabi-gcc" "ARCHIVER=arm-xilinx-eabi-ar" "COMPILER_FLAGS=  -O2 -c" "EXTRA_COMPILER_FLAGS=-g"
"Compiling devcfg"
"Running Make libs in ps7_cortexa9_0/libsrc/dmaps_v2_1/src"
make -C ps7_cortexa9_0/libsrc/dmaps_v2_1/src -s libs  "SHELL=CMD" "COMPILER=arm-xilinx-eabi-gcc" "ARCHIVER=arm-xilinx-eabi-ar" "COMPILER_FLAGS=  -O2 -c" "EXTRA_COMPILER_FLAGS=-g"
"Compiling dmaps"
"Running Make libs in ps7_cortexa9_0/libsrc/scugic_v3_1/src"
make -C ps7_cortexa9_0/libsrc/scugic_v3_1/src -s libs  "SHELL=CMD" "COMPILER=arm-xilinx-eabi-gcc" "ARCHIVER=arm-xilinx-eabi-ar" "COMPILER_FLAGS=  -O2 -c" "EXTRA_COMPILER_FLAGS=-g"
"Compiling scugic"
"Running Make libs in ps7_cortexa9_0/libsrc/scutimer_v2_1/src"
make -C ps7_cortexa9_0/libsrc/scutimer_v2_1/src -s libs  "SHELL=CMD" "COMPILER=arm-xilinx-eabi-gcc" "ARCHIVER=arm-xilinx-eabi-ar" "COMPILER_FLAGS=  -O2 -c" "EXTRA_COMPILER_FLAGS=-g"
"Compiling scutimer"
"Running Make libs in ps7_cortexa9_0/libsrc/scuwdt_v2_1/src"
make -C ps7_cortexa9_0/libsrc/scuwdt_v2_1/src -s libs  "SHELL=CMD" "COMPILER=arm-xilinx-eabi-gcc" "ARCHIVER=arm-xilinx-eabi-ar" "COMPILER_FLAGS=  -O2 -c" "EXTRA_COMPILER_FLAGS=-g"
"Compiling scuwdt"
"Running Make libs in ps7_cortexa9_0/libsrc/standalone_v5_3/src"
make -C ps7_cortexa9_0/libsrc/standalone_v5_3/src -s libs  "SHELL=CMD" "COMPILER=arm-xilinx-eabi-gcc" "ARCHIVER=arm-xilinx-eabi-ar" "COMPILER_FLAGS=  -O2 -c" "EXTRA_COMPILER_FLAGS=-g"
"Compiling standalone"
"Running Make libs in ps7_cortexa9_0/libsrc/uartps_v3_1/src"
make -C ps7_cortexa9_0/libsrc/uartps_v3_1/src -s libs  "SHELL=CMD" "COMPILER=arm-xilinx-eabi-gcc" "ARCHIVER=arm-xilinx-eabi-ar" "COMPILER_FLAGS=  -O2 -c" "EXTRA_COMPILER_FLAGS=-g"
"Compiling uartps"
"Running Make libs in ps7_cortexa9_0/libsrc/vtc_v7_1/src"
make -C ps7_cortexa9_0/libsrc/vtc_v7_1/src -s libs  "SHELL=CMD" "COMPILER=arm-xilinx-eabi-gcc" "ARCHIVER=arm-xilinx-eabi-ar" "COMPILER_FLAGS=  -O2 -c" "EXTRA_COMPILER_FLAGS=-g"
"Compiling video timing controller"
"Running Make libs in ps7_cortexa9_0/libsrc/xadcps_v2_2/src"
make -C ps7_cortexa9_0/libsrc/xadcps_v2_2/src -s libs  "SHELL=CMD" "COMPILER=arm-xilinx-eabi-gcc" "ARCHIVER=arm-xilinx-eabi-ar" "COMPILER_FLAGS=  -O2 -c" "EXTRA_COMPILER_FLAGS=-g"
"Compiling xadcps"
"Running Make libs in ps7_cortexa9_0/libsrc/xilffs_v3_1/src"
make -C ps7_cortexa9_0/libsrc/xilffs_v3_1/src -s libs  "SHELL=CMD" "COMPILER=arm-xilinx-eabi-gcc" "ARCHIVER=arm-xilinx-eabi-ar" "COMPILER_FLAGS=  -O2 -c" "EXTRA_COMPILER_FLAGS=-g"
"Compiling XilFFs Library"
"Running Make libs in ps7_cortexa9_0/libsrc/xilrsa_v1_1/src"
make -C ps7_cortexa9_0/libsrc/xilrsa_v1_1/src -s libs  "SHELL=CMD" "COMPILER=arm-xilinx-eabi-gcc" "ARCHIVER=arm-xilinx-eabi-ar" "COMPILER_FLAGS=  -O2 -c" "EXTRA_COMPILER_FLAGS=-g"
'Finished building libraries'
00:43:02 **** Build of configuration Debug for project vga_display ****
make all 
'Building file: ../src/dynclk/dynclk.c'
'Invoking: ARM gcc compiler'
arm-xilinx-eabi-gcc -Wall -O0 -g3 -c -fmessage-length=0 -MT"src/dynclk/dynclk.o" -I../../FSBL_bsp/ps7_cortexa9_0/include -MMD -MP -MF"src/dynclk/dynclk.d" -MT"src/dynclk/dynclk.d" -o "src/dynclk/dynclk.o" "../src/dynclk/dynclk.c"
'Finished building: ../src/dynclk/dynclk.c'
' '
'Building file: ../src/display_ctrl/display_ctrl.c'
'Invoking: ARM gcc compiler'
arm-xilinx-eabi-gcc -Wall -O0 -g3 -c -fmessage-length=0 -MT"src/display_ctrl/display_ctrl.o" -I../../FSBL_bsp/ps7_cortexa9_0/include -MMD -MP -MF"src/display_ctrl/display_ctrl.d" -MT"src/display_ctrl/display_ctrl.d" -o "src/display_ctrl/display_ctrl.o" "../src/display_ctrl/display_ctrl.c"
'Finished building: ../src/display_ctrl/display_ctrl.c'
' '
'Building file: ../src/VGA.c'
'Invoking: ARM gcc compiler'
arm-xilinx-eabi-gcc -Wall -O0 -g3 -c -fmessage-length=0 -MT"src/VGA.o" -I../../FSBL_bsp/ps7_cortexa9_0/include -MMD -MP -MF"src/VGA.d" -MT"src/VGA.d" -o "src/VGA.o" "../src/VGA.c"
'Finished building: ../src/VGA.c'
' '
'Building file: ../src/helloworld.c'
'Invoking: ARM gcc compiler'
arm-xilinx-eabi-gcc -Wall -O0 -g3 -c -fmessage-length=0 -MT"src/helloworld.o" -I../../FSBL_bsp/ps7_cortexa9_0/include -MMD -MP -MF"src/helloworld.d" -MT"src/helloworld.d" -o "src/helloworld.o" "../src/helloworld.c"
../src/helloworld.c: In function 'main':
../src/helloworld.c:77:2: warning: implicit declaration of function 'XUartPs_RecvByte' [-Wimplicit-function-declaration]
  tmp = XUartPs_RecvByte(UART_DEVICE_ADDR);
  ^
../src/helloworld.c:69:12: warning: unused variable 'p' [-Wunused-variable]
     short *p;
            ^
../src/helloworld.c:68:18: warning: unused variable 't2' [-Wunused-variable]
     short i,j,t1,t2;
                  ^
../src/helloworld.c:68:15: warning: unused variable 't1' [-Wunused-variable]
     short i,j,t1,t2;
               ^
../src/helloworld.c:68:13: warning: unused variable 'j' [-Wunused-variable]
     short i,j,t1,t2;
             ^
../src/helloworld.c:68:11: warning: unused variable 'i' [-Wunused-variable]
     short i,j,t1,t2;
           ^
../src/helloworld.c:66:24: warning: unused variable 'rgb' [-Wunused-variable]
     unsigned int  temp,rgb;
                        ^
../src/helloworld.c:66:19: warning: unused variable 'temp' [-Wunused-variable]
     unsigned int  temp,rgb;
                   ^
../src/helloworld.c:64:40: warning: unused variable 'b' [-Wunused-variable]
     unsigned short  low,high,start,r,g,b;
                                        ^
../src/helloworld.c:64:38: warning: unused variable 'g' [-Wunused-variable]
     unsigned short  low,high,start,r,g,b;
                                      ^
../src/helloworld.c:64:36: warning: unused variable 'r' [-Wunused-variable]
     unsigned short  low,high,start,r,g,b;
                                    ^
../src/helloworld.c:64:30: warning: unused variable 'start' [-Wunused-variable]
     unsigned short  low,high,start,r,g,b;
                              ^
../src/helloworld.c:64:25: warning: unused variable 'high' [-Wunused-variable]
     unsigned short  low,high,start,r,g,b;
                         ^
../src/helloworld.c:64:21: warning: unused variable 'low' [-Wunused-variable]
     unsigned short  low,high,start,r,g,b;
                     ^
'Finished building: ../src/helloworld.c'
' '
'Building file: ../src/platform.c'
'Invoking: ARM gcc compiler'
arm-xilinx-eabi-gcc -Wall -O0 -g3 -c -fmessage-length=0 -MT"src/platform.o" -I../../FSBL_bsp/ps7_cortexa9_0/include -MMD -MP -MF"src/platform.d" -MT"src/platform.d" -o "src/platform.o" "../src/platform.c"
'Finished building: ../src/platform.c'
' '
'Building target: vga_display.elf'
'Invoking: ARM gcc linker'
arm-xilinx-eabi-gcc -Wl,-T -Wl,../src/lscript.ld -L../../FSBL_bsp/ps7_cortexa9_0/lib -o "vga_display.elf"  ./src/dynclk/dynclk.o  ./src/display_ctrl/display_ctrl.o  ./src/VGA.o ./src/helloworld.o ./src/platform.o   -Wl,--start-group,-lxil,-lgcc,-lc,--end-group -Wl,--start-group,-lxilffs,-lxil,-lgcc,-lc,--end-group -Wl,--start-group,-lrsa,-lxil,-lgcc,-lc,--end-group
'Finished building target: vga_display.elf'
' '
'Invoking: ARM Print Size'
arm-xilinx-eabi-size vga_display.elf  |tee "vga_display.elf.size"
   text	   data	    bss	    dec	    hex	filename
  54268	   1160	   8244	  63672	   f8b8	vga_display.elf
'Finished building: vga_display.elf.size'
' '
00:44:33 **** Incremental Build of configuration Debug for project vga_display ****
make all 
make: Nothing to be done for `all'.
00:45:44 **** Auto Build of configuration Debug for project vga_display ****
make all 
'Building file: ../src/helloworld.c'
'Invoking: ARM gcc compiler'
arm-xilinx-eabi-gcc -Wall -O0 -g3 -c -fmessage-length=0 -MT"src/helloworld.o" -I../../FSBL_bsp/ps7_cortexa9_0/include -MMD -MP -MF"src/helloworld.d" -MT"src/helloworld.d" -o "src/helloworld.o" "../src/helloworld.c"
../src/helloworld.c: In function 'main':
../src/helloworld.c:73:2: warning: implicit declaration of function 'XUartPs_SendByte' [-Wimplicit-function-declaration]
  XUartPs_SendByte(UART_COM_ADDR,"1");
  ^
../src/helloworld.c:77:2: warning: implicit declaration of function 'XUartPs_RecvByte' [-Wimplicit-function-declaration]
  tmp = XUartPs_RecvByte(UART_DEVICE_ADDR);
  ^
../src/helloworld.c:69:12: warning: unused variable 'p' [-Wunused-variable]
     short *p;
            ^
../src/helloworld.c:68:18: warning: unused variable 't2' [-Wunused-variable]
     short i,j,t1,t2;
                  ^
../src/helloworld.c:68:15: warning: unused variable 't1' [-Wunused-variable]
     short i,j,t1,t2;
               ^
../src/helloworld.c:68:13: warning: unused variable 'j' [-Wunused-variable]
     short i,j,t1,t2;
             ^
../src/helloworld.c:68:11: warning: unused variable 'i' [-Wunused-variable]
     short i,j,t1,t2;
           ^
../src/helloworld.c:66:24: warning: unused variable 'rgb' [-Wunused-variable]
     unsigned int  temp,rgb;
                        ^
../src/helloworld.c:66:19: warning: unused variable 'temp' [-Wunused-variable]
     unsigned int  temp,rgb;
                   ^
../src/helloworld.c:64:40: warning: unused variable 'b' [-Wunused-variable]
     unsigned short  low,high,start,r,g,b;
                                        ^
../src/helloworld.c:64:38: warning: unused variable 'g' [-Wunused-variable]
     unsigned short  low,high,start,r,g,b;
                                      ^
../src/helloworld.c:64:36: warning: unused variable 'r' [-Wunused-variable]
     unsigned short  low,high,start,r,g,b;
                                    ^
../src/helloworld.c:64:30: warning: unused variable 'start' [-Wunused-variable]
     unsigned short  low,high,start,r,g,b;
                              ^
../src/helloworld.c:64:25: warning: unused variable 'high' [-Wunused-variable]
     unsigned short  low,high,start,r,g,b;
                         ^
../src/helloworld.c:64:21: warning: unused variable 'low' [-Wunused-variable]
     unsigned short  low,high,start,r,g,b;
                     ^
'Finished building: ../src/helloworld.c'
' '
'Building target: vga_display.elf'
'Invoking: ARM gcc linker'
arm-xilinx-eabi-gcc -Wl,-T -Wl,../src/lscript.ld -L../../FSBL_bsp/ps7_cortexa9_0/lib -o "vga_display.elf"  ./src/dynclk/dynclk.o  ./src/display_ctrl/display_ctrl.o  ./src/VGA.o ./src/helloworld.o ./src/platform.o   -Wl,--start-group,-lxil,-lgcc,-lc,--end-group -Wl,--start-group,-lxilffs,-lxil,-lgcc,-lc,--end-group -Wl,--start-group,-lrsa,-lxil,-lgcc,-lc,--end-group
'Finished building target: vga_display.elf'
' '
'Invoking: ARM Print Size'
arm-xilinx-eabi-size vga_display.elf  |tee "vga_display.elf.size"
   text	   data	    bss	    dec	    hex	filename
  54272	   1160	   8244	  63676	   f8bc	vga_display.elf
'Finished building: vga_display.elf.size'
' '
00:46:11 **** Auto Build of configuration Debug for project vga_display ****
make all 
'Building file: ../src/helloworld.c'
'Invoking: ARM gcc compiler'
arm-xilinx-eabi-gcc -Wall -O0 -g3 -c -fmessage-length=0 -MT"src/helloworld.o" -I../../FSBL_bsp/ps7_cortexa9_0/include -MMD -MP -MF"src/helloworld.d" -MT"src/helloworld.d" -o "src/helloworld.o" "../src/helloworld.c"
../src/helloworld.c: In function 'main':
../src/helloworld.c:73:2: warning: implicit declaration of function 'XUartPs_SendByte' [-Wimplicit-function-declaration]
  XUartPs_SendByte(UART_COM_ADDR,"1");
  ^
../src/helloworld.c:77:2: warning: implicit declaration of function 'XUartPs_RecvByte' [-Wimplicit-function-declaration]
  tmp = XUartPs_RecvByte(UART_DEVICE_ADDR);
  ^
../src/helloworld.c:69:12: warning: unused variable 'p' [-Wunused-variable]
     short *p;
            ^
../src/helloworld.c:68:18: warning: unused variable 't2' [-Wunused-variable]
     short i,j,t1,t2;
                  ^
../src/helloworld.c:68:15: warning: unused variable 't1' [-Wunused-variable]
     short i,j,t1,t2;
               ^
../src/helloworld.c:68:13: warning: unused variable 'j' [-Wunused-variable]
     short i,j,t1,t2;
             ^
../src/helloworld.c:68:11: warning: unused variable 'i' [-Wunused-variable]
     short i,j,t1,t2;
           ^
../src/helloworld.c:66:24: warning: unused variable 'rgb' [-Wunused-variable]
     unsigned int  temp,rgb;
                        ^
../src/helloworld.c:66:19: warning: unused variable 'temp' [-Wunused-variable]
     unsigned int  temp,rgb;
                   ^
../src/helloworld.c:64:40: warning: unused variable 'b' [-Wunused-variable]
     unsigned short  low,high,start,r,g,b;
                                        ^
../src/helloworld.c:64:38: warning: unused variable 'g' [-Wunused-variable]
     unsigned short  low,high,start,r,g,b;
                                      ^
../src/helloworld.c:64:36: warning: unused variable 'r' [-Wunused-variable]
     unsigned short  low,high,start,r,g,b;
                                    ^
../src/helloworld.c:64:30: warning: unused variable 'start' [-Wunused-variable]
     unsigned short  low,high,start,r,g,b;
                              ^
../src/helloworld.c:64:25: warning: unused variable 'high' [-Wunused-variable]
     unsigned short  low,high,start,r,g,b;
                         ^
../src/helloworld.c:64:21: warning: unused variable 'low' [-Wunused-variable]
     unsigned short  low,high,start,r,g,b;
                     ^
'Finished building: ../src/helloworld.c'
' '
'Building target: vga_display.elf'
'Invoking: ARM gcc linker'
arm-xilinx-eabi-gcc -Wl,-T -Wl,../src/lscript.ld -L../../FSBL_bsp/ps7_cortexa9_0/lib -o "vga_display.elf"  ./src/dynclk/dynclk.o  ./src/display_ctrl/display_ctrl.o  ./src/VGA.o ./src/helloworld.o ./src/platform.o   -Wl,--start-group,-lxil,-lgcc,-lc,--end-group -Wl,--start-group,-lxilffs,-lxil,-lgcc,-lc,--end-group -Wl,--start-group,-lrsa,-lxil,-lgcc,-lc,--end-group
'Finished building target: vga_display.elf'
' '
'Invoking: ARM Print Size'
arm-xilinx-eabi-size vga_display.elf  |tee "vga_display.elf.size"
   text	   data	    bss	    dec	    hex	filename
  54272	   1160	   8244	  63676	   f8bc	vga_display.elf
'Finished building: vga_display.elf.size'
' '
00:46:18 **** Incremental Build of configuration Debug for project vga_display ****
make all 
make: Nothing to be done for `all'.
00:47:16 **** Auto Build of configuration Debug for project vga_display ****
make all 
'Building file: ../src/helloworld.c'
'Invoking: ARM gcc compiler'
arm-xilinx-eabi-gcc -Wall -O0 -g3 -c -fmessage-length=0 -MT"src/helloworld.o" -I../../FSBL_bsp/ps7_cortexa9_0/include -MMD -MP -MF"src/helloworld.d" -MT"src/helloworld.d" -o "src/helloworld.o" "../src/helloworld.c"
../src/helloworld.c: In function 'main':
../src/helloworld.c:103:18: warning: initialization from incompatible pointer type
     short *p,*p0=image;
                  ^
../src/helloworld.c:146:77: error: 'pFrames' undeclared (first use in this function)
  Status = DisplayInitialize(&dispCtrl, &vdma, DISP_VTC_ID, DYNCLK_BASEADDR, pFrames, DEMO_STRIDE);
                                                                             ^
../src/helloworld.c:146:77: note: each undeclared identifier is reported only once for each function it appears in
../src/helloworld.c:204:6: warning: suggest explicit braces to avoid ambiguous 'else' [-Wparentheses]
   if (temp > 2800)
      ^
../src/helloworld.c:109:9: warning: unused variable 'pic_number' [-Wunused-variable]
     u32 pic_number=0;
         ^
../src/helloworld.c:108:9: warning: unused variable 'xInt' [-Wunused-variable]
     u32 xInt;
         ^
make: *** [src/helloworld.o] ´íÎó 1
00:47:49 **** Auto Build of configuration Debug for project vga_display ****
make all 
'Building file: ../src/helloworld.c'
'Invoking: ARM gcc compiler'
arm-xilinx-eabi-gcc -Wall -O0 -g3 -c -fmessage-length=0 -MT"src/helloworld.o" -I../../FSBL_bsp/ps7_cortexa9_0/include -MMD -MP -MF"src/helloworld.d" -MT"src/helloworld.d" -o "src/helloworld.o" "../src/helloworld.c"
../src/helloworld.c: In function 'main':
../src/helloworld.c:103:18: warning: initialization from incompatible pointer type
     short *p,*p0=image;
                  ^
../src/helloworld.c:118:6: error: 'pFrames' undeclared (first use in this function)
      pFrames[i] = frameBuf[i];
      ^
../src/helloworld.c:118:6: note: each undeclared identifier is reported only once for each function it appears in
../src/helloworld.c:118:19: error: 'frameBuf' undeclared (first use in this function)
      pFrames[i] = frameBuf[i];
                   ^
../src/helloworld.c:204:6: warning: suggest explicit braces to avoid ambiguous 'else' [-Wparentheses]
   if (temp > 2800)
      ^
../src/helloworld.c:109:9: warning: unused variable 'pic_number' [-Wunused-variable]
     u32 pic_number=0;
         ^
../src/helloworld.c:108:9: warning: unused variable 'xInt' [-Wunused-variable]
     u32 xInt;
         ^
make: *** [src/helloworld.o] ´íÎó 1
00:48:14 **** Auto Build of configuration Debug for project vga_display ****
make all 
'Building file: ../src/helloworld.c'
'Invoking: ARM gcc compiler'
arm-xilinx-eabi-gcc -Wall -O0 -g3 -c -fmessage-length=0 -MT"src/helloworld.o" -I../../FSBL_bsp/ps7_cortexa9_0/include -MMD -MP -MF"src/helloworld.d" -MT"src/helloworld.d" -o "src/helloworld.o" "../src/helloworld.c"
../src/helloworld.c: In function 'main':
../src/helloworld.c:103:18: warning: initialization from incompatible pointer type
     short *p,*p0=image;
                  ^
../src/helloworld.c:204:6: warning: suggest explicit braces to avoid ambiguous 'else' [-Wparentheses]
   if (temp > 2800)
      ^
../src/helloworld.c:109:9: warning: unused variable 'pic_number' [-Wunused-variable]
     u32 pic_number=0;
         ^
../src/helloworld.c:108:9: warning: unused variable 'xInt' [-Wunused-variable]
     u32 xInt;
         ^
'Finished building: ../src/helloworld.c'
' '
'Building target: vga_display.elf'
'Invoking: ARM gcc linker'
arm-xilinx-eabi-gcc -Wl,-T -Wl,../src/lscript.ld -L../../FSBL_bsp/ps7_cortexa9_0/lib -o "vga_display.elf"  ./src/dynclk/dynclk.o  ./src/display_ctrl/display_ctrl.o  ./src/VGA.o ./src/helloworld.o ./src/platform.o   -Wl,--start-group,-lxil,-lgcc,-lc,--end-group -Wl,--start-group,-lxilffs,-lxil,-lgcc,-lc,--end-group -Wl,--start-group,-lrsa,-lxil,-lgcc,-lc,--end-group
'Finished building target: vga_display.elf'
' '
'Invoking: ARM Print Size'
arm-xilinx-eabi-size vga_display.elf  |tee "vga_display.elf.size"
   text	   data	    bss	    dec	    hex	filename
  59208	   1320	24908176	24968704	17cfe00	vga_display.elf
'Finished building: vga_display.elf.size'
' '
00:48:36 **** Incremental Build of configuration Debug for project vga_display ****
make all 
make: Nothing to be done for `all'.
00:49:38 **** Auto Build of configuration Debug for project vga_display ****
make all 
'Building file: ../src/helloworld.c'
'Invoking: ARM gcc compiler'
arm-xilinx-eabi-gcc -Wall -O0 -g3 -c -fmessage-length=0 -MT"src/helloworld.o" -I../../FSBL_bsp/ps7_cortexa9_0/include -MMD -MP -MF"src/helloworld.d" -MT"src/helloworld.d" -o "src/helloworld.o" "../src/helloworld.c"
../src/helloworld.c: In function 'main':
../src/helloworld.c:103:18: warning: initialization from incompatible pointer type
     short *p,*p0=image;
                  ^
../src/helloworld.c:204:6: warning: suggest explicit braces to avoid ambiguous 'else' [-Wparentheses]
   if (temp > 2800)
      ^
../src/helloworld.c:109:9: warning: unused variable 'pic_number' [-Wunused-variable]
     u32 pic_number=0;
         ^
../src/helloworld.c:108:9: warning: unused variable 'xInt' [-Wunused-variable]
     u32 xInt;
         ^
'Finished building: ../src/helloworld.c'
' '
'Building target: vga_display.elf'
'Invoking: ARM gcc linker'
arm-xilinx-eabi-gcc -Wl,-T -Wl,../src/lscript.ld -L../../FSBL_bsp/ps7_cortexa9_0/lib -o "vga_display.elf"  ./src/dynclk/dynclk.o  ./src/display_ctrl/display_ctrl.o  ./src/VGA.o ./src/helloworld.o ./src/platform.o   -Wl,--start-group,-lxil,-lgcc,-lc,--end-group -Wl,--start-group,-lxilffs,-lxil,-lgcc,-lc,--end-group -Wl,--start-group,-lrsa,-lxil,-lgcc,-lc,--end-group
'Finished building target: vga_display.elf'
' '
'Invoking: ARM Print Size'
arm-xilinx-eabi-size vga_display.elf  |tee "vga_display.elf.size"
   text	   data	    bss	    dec	    hex	filename
  59208	   1320	24908176	24968704	17cfe00	vga_display.elf
'Finished building: vga_display.elf.size'
' '
00:49:46 **** Incremental Build of configuration Debug for project vga_display ****
make all 
make: Nothing to be done for `all'.
00:50:24 **** Auto Build of configuration Debug for project vga_display ****
make all 
'Building file: ../src/helloworld.c'
'Invoking: ARM gcc compiler'
arm-xilinx-eabi-gcc -Wall -O0 -g3 -c -fmessage-length=0 -MT"src/helloworld.o" -I../../FSBL_bsp/ps7_cortexa9_0/include -MMD -MP -MF"src/helloworld.d" -MT"src/helloworld.d" -o "src/helloworld.o" "../src/helloworld.c"
../src/helloworld.c: In function 'main':
../src/helloworld.c:103:18: warning: initialization from incompatible pointer type
     short *p,*p0=image;
                  ^
../src/helloworld.c:204:6: warning: suggest explicit braces to avoid ambiguous 'else' [-Wparentheses]
   if (temp > 2800)
      ^
../src/helloworld.c:109:9: warning: unused variable 'pic_number' [-Wunused-variable]
     u32 pic_number=0;
         ^
../src/helloworld.c:108:9: warning: unused variable 'xInt' [-Wunused-variable]
     u32 xInt;
         ^
'Finished building: ../src/helloworld.c'
' '
'Building target: vga_display.elf'
'Invoking: ARM gcc linker'
arm-xilinx-eabi-gcc -Wl,-T -Wl,../src/lscript.ld -L../../FSBL_bsp/ps7_cortexa9_0/lib -o "vga_display.elf"  ./src/dynclk/dynclk.o  ./src/display_ctrl/display_ctrl.o  ./src/VGA.o ./src/helloworld.o ./src/platform.o   -Wl,--start-group,-lxil,-lgcc,-lc,--end-group -Wl,--start-group,-lxilffs,-lxil,-lgcc,-lc,--end-group -Wl,--start-group,-lrsa,-lxil,-lgcc,-lc,--end-group
'Finished building target: vga_display.elf'
' '
'Invoking: ARM Print Size'
arm-xilinx-eabi-size vga_display.elf  |tee "vga_display.elf.size"
   text	   data	    bss	    dec	    hex	filename
  59208	   1320	24908176	24968704	17cfe00	vga_display.elf
'Finished building: vga_display.elf.size'
' '
00:50:28 **** Incremental Build of configuration Debug for project vga_display ****
make all 
make: Nothing to be done for `all'.
00:51:44 **** Incremental Build of configuration Debug for project vga_display ****
make all 
make: Nothing to be done for `all'.
00:54:24 **** Auto Build of configuration Debug for project vga_display ****
make all 
'Building file: ../src/helloworld.c'
'Invoking: ARM gcc compiler'
arm-xilinx-eabi-gcc -Wall -O0 -g3 -c -fmessage-length=0 -MT"src/helloworld.o" -I../../FSBL_bsp/ps7_cortexa9_0/include -MMD -MP -MF"src/helloworld.d" -MT"src/helloworld.d" -o "src/helloworld.o" "../src/helloworld.c"
../src/helloworld.c: In function 'main':
../src/helloworld.c:103:18: warning: initialization from incompatible pointer type
     short *p,*p0=image;
                  ^
../src/helloworld.c:204:6: warning: suggest explicit braces to avoid ambiguous 'else' [-Wparentheses]
   if (temp > 2800)
      ^
../src/helloworld.c:109:9: warning: unused variable 'pic_number' [-Wunused-variable]
     u32 pic_number=0;
         ^
../src/helloworld.c:108:9: warning: unused variable 'xInt' [-Wunused-variable]
     u32 xInt;
         ^
'Finished building: ../src/helloworld.c'
' '
'Building target: vga_display.elf'
'Invoking: ARM gcc linker'
arm-xilinx-eabi-gcc -Wl,-T -Wl,../src/lscript.ld -L../../FSBL_bsp/ps7_cortexa9_0/lib -o "vga_display.elf"  ./src/dynclk/dynclk.o  ./src/display_ctrl/display_ctrl.o  ./src/VGA.o ./src/helloworld.o ./src/platform.o   -Wl,--start-group,-lxil,-lgcc,-lc,--end-group -Wl,--start-group,-lxilffs,-lxil,-lgcc,-lc,--end-group -Wl,--start-group,-lrsa,-lxil,-lgcc,-lc,--end-group
'Finished building target: vga_display.elf'
' '
'Invoking: ARM Print Size'
arm-xilinx-eabi-size vga_display.elf  |tee "vga_display.elf.size"
   text	   data	    bss	    dec	    hex	filename
  59208	   1320	24908176	24968704	17cfe00	vga_display.elf
'Finished building: vga_display.elf.size'
' '
00:56:10 **** Auto Build of configuration Debug for project vga_display ****
make all 
'Building file: ../src/helloworld.c'
'Invoking: ARM gcc compiler'
arm-xilinx-eabi-gcc -Wall -O0 -g3 -c -fmessage-length=0 -MT"src/helloworld.o" -I../../FSBL_bsp/ps7_cortexa9_0/include -MMD -MP -MF"src/helloworld.d" -MT"src/helloworld.d" -o "src/helloworld.o" "../src/helloworld.c"
../src/helloworld.c: In function 'main':
../src/helloworld.c:103:18: warning: initialization from incompatible pointer type
     short *p,*p0=image;
                  ^
../src/helloworld.c:204:6: warning: suggest explicit braces to avoid ambiguous 'else' [-Wparentheses]
   if (temp > 2800)
      ^
../src/helloworld.c:109:9: warning: unused variable 'pic_number' [-Wunused-variable]
     u32 pic_number=0;
         ^
../src/helloworld.c:108:9: warning: unused variable 'xInt' [-Wunused-variable]
     u32 xInt;
         ^
'Finished building: ../src/helloworld.c'
' '
'Building target: vga_display.elf'
'Invoking: ARM gcc linker'
arm-xilinx-eabi-gcc -Wl,-T -Wl,../src/lscript.ld -L../../FSBL_bsp/ps7_cortexa9_0/lib -o "vga_display.elf"  ./src/dynclk/dynclk.o  ./src/display_ctrl/display_ctrl.o  ./src/VGA.o ./src/helloworld.o ./src/platform.o   -Wl,--start-group,-lxil,-lgcc,-lc,--end-group -Wl,--start-group,-lxilffs,-lxil,-lgcc,-lc,--end-group -Wl,--start-group,-lrsa,-lxil,-lgcc,-lc,--end-group
'Finished building target: vga_display.elf'
' '
'Invoking: ARM Print Size'
arm-xilinx-eabi-size vga_display.elf  |tee "vga_display.elf.size"
   text	   data	    bss	    dec	    hex	filename
  59208	   1320	24908176	24968704	17cfe00	vga_display.elf
'Finished building: vga_display.elf.size'
' '
00:56:25 **** Incremental Build of configuration Debug for project vga_display ****
make all 
make: Nothing to be done for `all'.
00:58:05 **** Auto Build of configuration Debug for project vga_display ****
make all 
'Building file: ../src/helloworld.c'
'Invoking: ARM gcc compiler'
arm-xilinx-eabi-gcc -Wall -O0 -g3 -c -fmessage-length=0 -MT"src/helloworld.o" -I../../FSBL_bsp/ps7_cortexa9_0/include -MMD -MP -MF"src/helloworld.d" -MT"src/helloworld.d" -o "src/helloworld.o" "../src/helloworld.c"
../src/helloworld.c: In function 'main':
../src/helloworld.c:103:18: warning: initialization from incompatible pointer type
     short *p,*p0=image;
                  ^
../src/helloworld.c:180:6: warning: suggest explicit braces to avoid ambiguous 'else' [-Wparentheses]
   if (temp > 2800)
      ^
../src/helloworld.c:109:9: warning: unused variable 'pic_number' [-Wunused-variable]
     u32 pic_number=0;
         ^
../src/helloworld.c:108:9: warning: unused variable 'xInt' [-Wunused-variable]
     u32 xInt;
         ^
'Finished building: ../src/helloworld.c'
' '
'Building target: vga_display.elf'
'Invoking: ARM gcc linker'
arm-xilinx-eabi-gcc -Wl,-T -Wl,../src/lscript.ld -L../../FSBL_bsp/ps7_cortexa9_0/lib -o "vga_display.elf"  ./src/dynclk/dynclk.o  ./src/display_ctrl/display_ctrl.o  ./src/VGA.o ./src/helloworld.o ./src/platform.o   -Wl,--start-group,-lxil,-lgcc,-lc,--end-group -Wl,--start-group,-lxilffs,-lxil,-lgcc,-lc,--end-group -Wl,--start-group,-lrsa,-lxil,-lgcc,-lc,--end-group
'Finished building target: vga_display.elf'
' '
'Invoking: ARM Print Size'
arm-xilinx-eabi-size vga_display.elf  |tee "vga_display.elf.size"
   text	   data	    bss	    dec	    hex	filename
  59272	   1320	24908176	24968768	17cfe40	vga_display.elf
'Finished building: vga_display.elf.size'
' '
00:58:27 **** Incremental Build of configuration Debug for project vga_display ****
make all 
make: Nothing to be done for `all'.
00:58:47 **** Auto Build of configuration Debug for project vga_display ****
make all 
'Building file: ../src/helloworld.c'
'Invoking: ARM gcc compiler'
arm-xilinx-eabi-gcc -Wall -O0 -g3 -c -fmessage-length=0 -MT"src/helloworld.o" -I../../FSBL_bsp/ps7_cortexa9_0/include -MMD -MP -MF"src/helloworld.d" -MT"src/helloworld.d" -o "src/helloworld.o" "../src/helloworld.c"
../src/helloworld.c: In function 'main':
../src/helloworld.c:103:18: warning: initialization from incompatible pointer type
     short *p,*p0=image;
                  ^
../src/helloworld.c:180:6: warning: suggest explicit braces to avoid ambiguous 'else' [-Wparentheses]
   if (temp > 2800)
      ^
../src/helloworld.c:109:9: warning: unused variable 'pic_number' [-Wunused-variable]
     u32 pic_number=0;
         ^
../src/helloworld.c:108:9: warning: unused variable 'xInt' [-Wunused-variable]
     u32 xInt;
         ^
'Finished building: ../src/helloworld.c'
' '
'Building target: vga_display.elf'
'Invoking: ARM gcc linker'
arm-xilinx-eabi-gcc -Wl,-T -Wl,../src/lscript.ld -L../../FSBL_bsp/ps7_cortexa9_0/lib -o "vga_display.elf"  ./src/dynclk/dynclk.o  ./src/display_ctrl/display_ctrl.o  ./src/VGA.o ./src/helloworld.o ./src/platform.o   -Wl,--start-group,-lxil,-lgcc,-lc,--end-group -Wl,--start-group,-lxilffs,-lxil,-lgcc,-lc,--end-group -Wl,--start-group,-lrsa,-lxil,-lgcc,-lc,--end-group
'Finished building target: vga_display.elf'
' '
'Invoking: ARM Print Size'
arm-xilinx-eabi-size vga_display.elf  |tee "vga_display.elf.size"
   text	   data	    bss	    dec	    hex	filename
  59208	   1320	24908176	24968704	17cfe00	vga_display.elf
'Finished building: vga_display.elf.size'
' '
00:58:51 **** Incremental Build of configuration Debug for project vga_display ****
make all 
make: Nothing to be done for `all'.
00:59:06 **** Incremental Build of configuration Debug for project vga_display ****
make all 
make: Nothing to be done for `all'.
00:59:33 **** Incremental Build of configuration Debug for project vga_display ****
make all 
make: Nothing to be done for `all'.
01:00:05 **** Auto Build of configuration Debug for project vga_display ****
make all 
'Building file: ../src/helloworld.c'
'Invoking: ARM gcc compiler'
arm-xilinx-eabi-gcc -Wall -O0 -g3 -c -fmessage-length=0 -MT"src/helloworld.o" -I../../FSBL_bsp/ps7_cortexa9_0/include -MMD -MP -MF"src/helloworld.d" -MT"src/helloworld.d" -o "src/helloworld.o" "../src/helloworld.c"
../src/helloworld.c: In function 'main':
../src/helloworld.c:103:18: warning: initialization from incompatible pointer type
     short *p,*p0=image;
                  ^
../src/helloworld.c:180:6: warning: suggest explicit braces to avoid ambiguous 'else' [-Wparentheses]
   if (temp > 2800)
      ^
../src/helloworld.c:109:9: warning: unused variable 'pic_number' [-Wunused-variable]
     u32 pic_number=0;
         ^
../src/helloworld.c:108:9: warning: unused variable 'xInt' [-Wunused-variable]
     u32 xInt;
         ^
'Finished building: ../src/helloworld.c'
' '
'Building target: vga_display.elf'
'Invoking: ARM gcc linker'
arm-xilinx-eabi-gcc -Wl,-T -Wl,../src/lscript.ld -L../../FSBL_bsp/ps7_cortexa9_0/lib -o "vga_display.elf"  ./src/dynclk/dynclk.o  ./src/display_ctrl/display_ctrl.o  ./src/VGA.o ./src/helloworld.o ./src/platform.o   -Wl,--start-group,-lxil,-lgcc,-lc,--end-group -Wl,--start-group,-lxilffs,-lxil,-lgcc,-lc,--end-group -Wl,--start-group,-lrsa,-lxil,-lgcc,-lc,--end-group
'Finished building target: vga_display.elf'
' '
'Invoking: ARM Print Size'
arm-xilinx-eabi-size vga_display.elf  |tee "vga_display.elf.size"
   text	   data	    bss	    dec	    hex	filename
  59272	   1320	24908176	24968768	17cfe40	vga_display.elf
'Finished building: vga_display.elf.size'
' '
01:00:23 **** Incremental Build of configuration Debug for project vga_display ****
make all 
make: Nothing to be done for `all'.
01:00:59 **** Incremental Build of configuration Debug for project vga_display ****
make all 
make: Nothing to be done for `all'.
01:07:44 **** Auto Build of project FSBL_bsp ****
make -k all 
"Running Make include in ps7_cortexa9_0/libsrc/axivdma_v6_0/src"
make -C ps7_cortexa9_0/libsrc/axivdma_v6_0/src -s include  "SHELL=CMD" "COMPILER=arm-xilinx-eabi-gcc" "ARCHIVER=arm-xilinx-eabi-ar" "COMPILER_FLAGS=  -O2 -c" "EXTRA_COMPILER_FLAGS=-g"
"Running Make include in ps7_cortexa9_0/libsrc/coresightps_dcc_v1_2/src"
make -C ps7_cortexa9_0/libsrc/coresightps_dcc_v1_2/src -s include  "SHELL=CMD" "COMPILER=arm-xilinx-eabi-gcc" "ARCHIVER=arm-xilinx-eabi-ar" "COMPILER_FLAGS=  -O2 -c" "EXTRA_COMPILER_FLAGS=-g"
"Running Make include in ps7_cortexa9_0/libsrc/cpu_cortexa9_v2_1/src"
make -C ps7_cortexa9_0/libsrc/cpu_cortexa9_v2_1/src -s include  "SHELL=CMD" "COMPILER=arm-xilinx-eabi-gcc" "ARCHIVER=arm-xilinx-eabi-ar" "COMPILER_FLAGS=  -O2 -c" "EXTRA_COMPILER_FLAGS=-g"
"Running Make include in ps7_cortexa9_0/libsrc/ddrps_v1_0/src"
make -C ps7_cortexa9_0/libsrc/ddrps_v1_0/src -s include  "SHELL=CMD" "COMPILER=arm-xilinx-eabi-gcc" "ARCHIVER=arm-xilinx-eabi-ar" "COMPILER_FLAGS=  -O2 -c" "EXTRA_COMPILER_FLAGS=-g"
"Running Make include in ps7_cortexa9_0/libsrc/devcfg_v3_3/src"
make -C ps7_cortexa9_0/libsrc/devcfg_v3_3/src -s include  "SHELL=CMD" "COMPILER=arm-xilinx-eabi-gcc" "ARCHIVER=arm-xilinx-eabi-ar" "COMPILER_FLAGS=  -O2 -c" "EXTRA_COMPILER_FLAGS=-g"
"Running Make include in ps7_cortexa9_0/libsrc/dmaps_v2_1/src"
make -C ps7_cortexa9_0/libsrc/dmaps_v2_1/src -s include  "SHELL=CMD" "COMPILER=arm-xilinx-eabi-gcc" "ARCHIVER=arm-xilinx-eabi-ar" "COMPILER_FLAGS=  -O2 -c" "EXTRA_COMPILER_FLAGS=-g"
"Running Make include in ps7_cortexa9_0/libsrc/scugic_v3_1/src"
make -C ps7_cortexa9_0/libsrc/scugic_v3_1/src -s include  "SHELL=CMD" "COMPILER=arm-xilinx-eabi-gcc" "ARCHIVER=arm-xilinx-eabi-ar" "COMPILER_FLAGS=  -O2 -c" "EXTRA_COMPILER_FLAGS=-g"
"Running Make include in ps7_cortexa9_0/libsrc/scutimer_v2_1/src"
make -C ps7_cortexa9_0/libsrc/scutimer_v2_1/src -s include  "SHELL=CMD" "COMPILER=arm-xilinx-eabi-gcc" "ARCHIVER=arm-xilinx-eabi-ar" "COMPILER_FLAGS=  -O2 -c" "EXTRA_COMPILER_FLAGS=-g"
"Running Make include in ps7_cortexa9_0/libsrc/scuwdt_v2_1/src"
make -C ps7_cortexa9_0/libsrc/scuwdt_v2_1/src -s include  "SHELL=CMD" "COMPILER=arm-xilinx-eabi-gcc" "ARCHIVER=arm-xilinx-eabi-ar" "COMPILER_FLAGS=  -O2 -c" "EXTRA_COMPILER_FLAGS=-g"
"Running Make include in ps7_cortexa9_0/libsrc/standalone_v5_3/src"
make -C ps7_cortexa9_0/libsrc/standalone_v5_3/src -s include  "SHELL=CMD" "COMPILER=arm-xilinx-eabi-gcc" "ARCHIVER=arm-xilinx-eabi-ar" "COMPILER_FLAGS=  -O2 -c" "EXTRA_COMPILER_FLAGS=-g"
"Running Make include in ps7_cortexa9_0/libsrc/uartps_v3_1/src"
make -C ps7_cortexa9_0/libsrc/uartps_v3_1/src -s include  "SHELL=CMD" "COMPILER=arm-xilinx-eabi-gcc" "ARCHIVER=arm-xilinx-eabi-ar" "COMPILER_FLAGS=  -O2 -c" "EXTRA_COMPILER_FLAGS=-g"
"Running Make include in ps7_cortexa9_0/libsrc/vtc_v7_1/src"
make -C ps7_cortexa9_0/libsrc/vtc_v7_1/src -s include  "SHELL=CMD" "COMPILER=arm-xilinx-eabi-gcc" "ARCHIVER=arm-xilinx-eabi-ar" "COMPILER_FLAGS=  -O2 -c" "EXTRA_COMPILER_FLAGS=-g"
"Running Make include in ps7_cortexa9_0/libsrc/xadcps_v2_2/src"
make -C ps7_cortexa9_0/libsrc/xadcps_v2_2/src -s include  "SHELL=CMD" "COMPILER=arm-xilinx-eabi-gcc" "ARCHIVER=arm-xilinx-eabi-ar" "COMPILER_FLAGS=  -O2 -c" "EXTRA_COMPILER_FLAGS=-g"
"Running Make include in ps7_cortexa9_0/libsrc/xilffs_v3_1/src"
make -C ps7_cortexa9_0/libsrc/xilffs_v3_1/src -s include  "SHELL=CMD" "COMPILER=arm-xilinx-eabi-gcc" "ARCHIVER=arm-xilinx-eabi-ar" "COMPILER_FLAGS=  -O2 -c" "EXTRA_COMPILER_FLAGS=-g"
"Running Make include in ps7_cortexa9_0/libsrc/xilrsa_v1_1/src"
make -C ps7_cortexa9_0/libsrc/xilrsa_v1_1/src -s include  "SHELL=CMD" "COMPILER=arm-xilinx-eabi-gcc" "ARCHIVER=arm-xilinx-eabi-ar" "COMPILER_FLAGS=  -O2 -c" "EXTRA_COMPILER_FLAGS=-g"
"Running Make libs in ps7_cortexa9_0/libsrc/axivdma_v6_0/src"
make -C ps7_cortexa9_0/libsrc/axivdma_v6_0/src -s libs  "SHELL=CMD" "COMPILER=arm-xilinx-eabi-gcc" "ARCHIVER=arm-xilinx-eabi-ar" "COMPILER_FLAGS=  -O2 -c" "EXTRA_COMPILER_FLAGS=-g"
"Compiling axivdma"
"Running Make libs in ps7_cortexa9_0/libsrc/coresightps_dcc_v1_2/src"
make -C ps7_cortexa9_0/libsrc/coresightps_dcc_v1_2/src -s libs  "SHELL=CMD" "COMPILER=arm-xilinx-eabi-gcc" "ARCHIVER=arm-xilinx-eabi-ar" "COMPILER_FLAGS=  -O2 -c" "EXTRA_COMPILER_FLAGS=-g"
"Compiling coresightps_dcc"
"Running Make libs in ps7_cortexa9_0/libsrc/cpu_cortexa9_v2_1/src"
make -C ps7_cortexa9_0/libsrc/cpu_cortexa9_v2_1/src -s libs  "SHELL=CMD" "COMPILER=arm-xilinx-eabi-gcc" "ARCHIVER=arm-xilinx-eabi-ar" "COMPILER_FLAGS=  -O2 -c" "EXTRA_COMPILER_FLAGS=-g"
"Compiling cpu_cortexa9"
"Running Make libs in ps7_cortexa9_0/libsrc/ddrps_v1_0/src"
make -C ps7_cortexa9_0/libsrc/ddrps_v1_0/src -s libs  "SHELL=CMD" "COMPILER=arm-xilinx-eabi-gcc" "ARCHIVER=arm-xilinx-eabi-ar" "COMPILER_FLAGS=  -O2 -c" "EXTRA_COMPILER_FLAGS=-g"
"Compiling ddrps"
"Running Make libs in ps7_cortexa9_0/libsrc/devcfg_v3_3/src"
make -C ps7_cortexa9_0/libsrc/devcfg_v3_3/src -s libs  "SHELL=CMD" "COMPILER=arm-xilinx-eabi-gcc" "ARCHIVER=arm-xilinx-eabi-ar" "COMPILER_FLAGS=  -O2 -c" "EXTRA_COMPILER_FLAGS=-g"
"Compiling devcfg"
"Running Make libs in ps7_cortexa9_0/libsrc/dmaps_v2_1/src"
make -C ps7_cortexa9_0/libsrc/dmaps_v2_1/src -s libs  "SHELL=CMD" "COMPILER=arm-xilinx-eabi-gcc" "ARCHIVER=arm-xilinx-eabi-ar" "COMPILER_FLAGS=  -O2 -c" "EXTRA_COMPILER_FLAGS=-g"
"Compiling dmaps"
"Running Make libs in ps7_cortexa9_0/libsrc/scugic_v3_1/src"
make -C ps7_cortexa9_0/libsrc/scugic_v3_1/src -s libs  "SHELL=CMD" "COMPILER=arm-xilinx-eabi-gcc" "ARCHIVER=arm-xilinx-eabi-ar" "COMPILER_FLAGS=  -O2 -c" "EXTRA_COMPILER_FLAGS=-g"
"Compiling scugic"
"Running Make libs in ps7_cortexa9_0/libsrc/scutimer_v2_1/src"
make -C ps7_cortexa9_0/libsrc/scutimer_v2_1/src -s libs  "SHELL=CMD" "COMPILER=arm-xilinx-eabi-gcc" "ARCHIVER=arm-xilinx-eabi-ar" "COMPILER_FLAGS=  -O2 -c" "EXTRA_COMPILER_FLAGS=-g"
"Compiling scutimer"
"Running Make libs in ps7_cortexa9_0/libsrc/scuwdt_v2_1/src"
make -C ps7_cortexa9_0/libsrc/scuwdt_v2_1/src -s libs  "SHELL=CMD" "COMPILER=arm-xilinx-eabi-gcc" "ARCHIVER=arm-xilinx-eabi-ar" "COMPILER_FLAGS=  -O2 -c" "EXTRA_COMPILER_FLAGS=-g"
"Compiling scuwdt"
"Running Make libs in ps7_cortexa9_0/libsrc/standalone_v5_3/src"
make -C ps7_cortexa9_0/libsrc/standalone_v5_3/src -s libs  "SHELL=CMD" "COMPILER=arm-xilinx-eabi-gcc" "ARCHIVER=arm-xilinx-eabi-ar" "COMPILER_FLAGS=  -O2 -c" "EXTRA_COMPILER_FLAGS=-g"
"Compiling standalone"
"Running Make libs in ps7_cortexa9_0/libsrc/uartps_v3_1/src"
make -C ps7_cortexa9_0/libsrc/uartps_v3_1/src -s libs  "SHELL=CMD" "COMPILER=arm-xilinx-eabi-gcc" "ARCHIVER=arm-xilinx-eabi-ar" "COMPILER_FLAGS=  -O2 -c" "EXTRA_COMPILER_FLAGS=-g"
"Compiling uartps"
"Running Make libs in ps7_cortexa9_0/libsrc/vtc_v7_1/src"
make -C ps7_cortexa9_0/libsrc/vtc_v7_1/src -s libs  "SHELL=CMD" "COMPILER=arm-xilinx-eabi-gcc" "ARCHIVER=arm-xilinx-eabi-ar" "COMPILER_FLAGS=  -O2 -c" "EXTRA_COMPILER_FLAGS=-g"
"Compiling video timing controller"
"Running Make libs in ps7_cortexa9_0/libsrc/xadcps_v2_2/src"
make -C ps7_cortexa9_0/libsrc/xadcps_v2_2/src -s libs  "SHELL=CMD" "COMPILER=arm-xilinx-eabi-gcc" "ARCHIVER=arm-xilinx-eabi-ar" "COMPILER_FLAGS=  -O2 -c" "EXTRA_COMPILER_FLAGS=-g"
"Compiling xadcps"
"Running Make libs in ps7_cortexa9_0/libsrc/xilffs_v3_1/src"
make -C ps7_cortexa9_0/libsrc/xilffs_v3_1/src -s libs  "SHELL=CMD" "COMPILER=arm-xilinx-eabi-gcc" "ARCHIVER=arm-xilinx-eabi-ar" "COMPILER_FLAGS=  -O2 -c" "EXTRA_COMPILER_FLAGS=-g"
"Compiling XilFFs Library"
"Running Make libs in ps7_cortexa9_0/libsrc/xilrsa_v1_1/src"
make -C ps7_cortexa9_0/libsrc/xilrsa_v1_1/src -s libs  "SHELL=CMD" "COMPILER=arm-xilinx-eabi-gcc" "ARCHIVER=arm-xilinx-eabi-ar" "COMPILER_FLAGS=  -O2 -c" "EXTRA_COMPILER_FLAGS=-g"
'Finished building libraries'
01:08:39 **** Auto Build of configuration Debug for project vga_display ****
make all 
'Building file: ../src/dynclk/dynclk.c'
'Invoking: ARM gcc compiler'
arm-xilinx-eabi-gcc -Wall -O0 -g3 -c -fmessage-length=0 -MT"src/dynclk/dynclk.o" -I../../FSBL_bsp/ps7_cortexa9_0/include -MMD -MP -MF"src/dynclk/dynclk.d" -MT"src/dynclk/dynclk.d" -o "src/dynclk/dynclk.o" "../src/dynclk/dynclk.c"
'Finished building: ../src/dynclk/dynclk.c'
' '
'Building file: ../src/display_ctrl/display_ctrl.c'
'Invoking: ARM gcc compiler'
arm-xilinx-eabi-gcc -Wall -O0 -g3 -c -fmessage-length=0 -MT"src/display_ctrl/display_ctrl.o" -I../../FSBL_bsp/ps7_cortexa9_0/include -MMD -MP -MF"src/display_ctrl/display_ctrl.d" -MT"src/display_ctrl/display_ctrl.d" -o "src/display_ctrl/display_ctrl.o" "../src/display_ctrl/display_ctrl.c"
'Finished building: ../src/display_ctrl/display_ctrl.c'
' '
'Building file: ../src/helloworld.c'
'Invoking: ARM gcc compiler'
arm-xilinx-eabi-gcc -Wall -O0 -g3 -c -fmessage-length=0 -MT"src/helloworld.o" -I../../FSBL_bsp/ps7_cortexa9_0/include -MMD -MP -MF"src/helloworld.d" -MT"src/helloworld.d" -o "src/helloworld.o" "../src/helloworld.c"
../src/helloworld.c: In function 'main':
../src/helloworld.c:103:18: warning: initialization from incompatible pointer type
     short *p,*p0=image;
                  ^
../src/helloworld.c:180:6: warning: suggest explicit braces to avoid ambiguous 'else' [-Wparentheses]
   if (temp > 2800)
      ^
../src/helloworld.c:109:9: warning: unused variable 'pic_number' [-Wunused-variable]
     u32 pic_number=0;
         ^
../src/helloworld.c:108:9: warning: unused variable 'xInt' [-Wunused-variable]
     u32 xInt;
         ^
'Finished building: ../src/helloworld.c'
' '
'Building file: ../src/platform.c'
'Invoking: ARM gcc compiler'
arm-xilinx-eabi-gcc -Wall -O0 -g3 -c -fmessage-length=0 -MT"src/platform.o" -I../../FSBL_bsp/ps7_cortexa9_0/include -MMD -MP -MF"src/platform.d" -MT"src/platform.d" -o "src/platform.o" "../src/platform.c"
'Finished building: ../src/platform.c'
' '
'Building target: vga_display.elf'
'Invoking: ARM gcc linker'
arm-xilinx-eabi-gcc -Wl,-T -Wl,../src/lscript.ld -L../../FSBL_bsp/ps7_cortexa9_0/lib -o "vga_display.elf"  ./src/dynclk/dynclk.o  ./src/display_ctrl/display_ctrl.o  ./src/VGA.o ./src/helloworld.o ./src/platform.o   -Wl,--start-group,-lxil,-lgcc,-lc,--end-group -Wl,--start-group,-lxilffs,-lxil,-lgcc,-lc,--end-group -Wl,--start-group,-lrsa,-lxil,-lgcc,-lc,--end-group
'Finished building target: vga_display.elf'
' '
'Invoking: ARM Print Size'
arm-xilinx-eabi-size vga_display.elf  |tee "vga_display.elf.size"
   text	   data	    bss	    dec	    hex	filename
  59272	   1320	24908176	24968768	17cfe40	vga_display.elf
'Finished building: vga_display.elf.size'
' '
01:09:03 **** Auto Build of configuration Debug for project vga_display ****
make all 
'Building file: ../src/helloworld.c'
'Invoking: ARM gcc compiler'
arm-xilinx-eabi-gcc -Wall -O0 -g3 -c -fmessage-length=0 -MT"src/helloworld.o" -I../../FSBL_bsp/ps7_cortexa9_0/include -MMD -MP -MF"src/helloworld.d" -MT"src/helloworld.d" -o "src/helloworld.o" "../src/helloworld.c"
../src/helloworld.c:92:1: error: initializer element is not constant
 u16 *p0 = (u16*)malloc(sizeof(u16) * 32*EXPAND*24*EXPAND);
 ^
../src/helloworld.c: In function 'main':
../src/helloworld.c:168:6: warning: suggest explicit braces to avoid ambiguous 'else' [-Wparentheses]
   if (temp > 2800)
      ^
../src/helloworld.c:107:9: warning: unused variable 'pic_number' [-Wunused-variable]
     u32 pic_number=0;
         ^
../src/helloworld.c:106:9: warning: unused variable 'xInt' [-Wunused-variable]
     u32 xInt;
         ^
make: *** [src/helloworld.o] ´íÎó 1
01:09:34 **** Auto Build of configuration Debug for project vga_display ****
make all 
'Building file: ../src/helloworld.c'
'Invoking: ARM gcc compiler'
arm-xilinx-eabi-gcc -Wall -O0 -g3 -c -fmessage-length=0 -MT"src/helloworld.o" -I../../FSBL_bsp/ps7_cortexa9_0/include -MMD -MP -MF"src/helloworld.d" -MT"src/helloworld.d" -o "src/helloworld.o" "../src/helloworld.c"
../src/helloworld.c: In function 'main':
../src/helloworld.c:169:6: warning: suggest explicit braces to avoid ambiguous 'else' [-Wparentheses]
   if (temp > 2800)
      ^
../src/helloworld.c:108:9: warning: unused variable 'pic_number' [-Wunused-variable]
     u32 pic_number=0;
         ^
../src/helloworld.c:107:9: warning: unused variable 'xInt' [-Wunused-variable]
     u32 xInt;
         ^
'Finished building: ../src/helloworld.c'
' '
'Building target: vga_display.elf'
'Invoking: ARM gcc linker'
arm-xilinx-eabi-gcc -Wl,-T -Wl,../src/lscript.ld -L../../FSBL_bsp/ps7_cortexa9_0/lib -o "vga_display.elf"  ./src/dynclk/dynclk.o  ./src/display_ctrl/display_ctrl.o  ./src/VGA.o ./src/helloworld.o ./src/platform.o   -Wl,--start-group,-lxil,-lgcc,-lc,--end-group -Wl,--start-group,-lxilffs,-lxil,-lgcc,-lc,--end-group -Wl,--start-group,-lrsa,-lxil,-lgcc,-lc,--end-group
'Finished building target: vga_display.elf'
' '
'Invoking: ARM Print Size'
arm-xilinx-eabi-size vga_display.elf  |tee "vga_display.elf.size"
   text	   data	    bss	    dec	    hex	filename
  60736	   2328	24894416	24957480	17cd228	vga_display.elf
'Finished building: vga_display.elf.size'
' '
01:10:01 **** Incremental Build of configuration Debug for project vga_display ****
make all 
make: Nothing to be done for `all'.
01:19:30 **** Auto Build of configuration Debug for project vga_display ****
make all 
'Building file: ../src/helloworld.c'
'Invoking: ARM gcc compiler'
arm-xilinx-eabi-gcc -Wall -O0 -g3 -c -fmessage-length=0 -MT"src/helloworld.o" -I../../FSBL_bsp/ps7_cortexa9_0/include -MMD -MP -MF"src/helloworld.d" -MT"src/helloworld.d" -o "src/helloworld.o" "../src/helloworld.c"
../src/helloworld.c: In function 'main':
../src/helloworld.c:169:6: warning: suggest explicit braces to avoid ambiguous 'else' [-Wparentheses]
   if (temp > 2800)
      ^
../src/helloworld.c:108:9: warning: unused variable 'pic_number' [-Wunused-variable]
     u32 pic_number=0;
         ^
../src/helloworld.c:107:9: warning: unused variable 'xInt' [-Wunused-variable]
     u32 xInt;
         ^
'Finished building: ../src/helloworld.c'
' '
'Building target: vga_display.elf'
'Invoking: ARM gcc linker'
arm-xilinx-eabi-gcc -Wl,-T -Wl,../src/lscript.ld -L../../FSBL_bsp/ps7_cortexa9_0/lib -o "vga_display.elf"  ./src/dynclk/dynclk.o  ./src/display_ctrl/display_ctrl.o  ./src/VGA.o ./src/helloworld.o ./src/platform.o   -Wl,--start-group,-lxil,-lgcc,-lc,--end-group -Wl,--start-group,-lxilffs,-lxil,-lgcc,-lc,--end-group -Wl,--start-group,-lrsa,-lxil,-lgcc,-lc,--end-group
'Finished building target: vga_display.elf'
' '
'Invoking: ARM Print Size'
arm-xilinx-eabi-size vga_display.elf  |tee "vga_display.elf.size"
   text	   data	    bss	    dec	    hex	filename
  60744	   2328	24894416	24957488	17cd230	vga_display.elf
'Finished building: vga_display.elf.size'
' '
01:20:09 **** Incremental Build of configuration Debug for project vga_display ****
make all 
make: Nothing to be done for `all'.
01:24:05 **** Incremental Build of configuration Debug for project vga_display ****
make all 
make: Nothing to be done for `all'.
01:24:10 **** Incremental Build of configuration Debug for project vga_display ****
make all 
make: Nothing to be done for `all'.
01:24:33 **** Incremental Build of configuration Debug for project vga_display ****
make all 
make: Nothing to be done for `all'.
01:26:10 **** Incremental Build of configuration Debug for project vga_display ****
make all 
make: Nothing to be done for `all'.
01:28:18 **** Auto Build of configuration Debug for project vga_display ****
make all 
'Building file: ../src/display_ctrl/display_ctrl.c'
'Invoking: ARM gcc compiler'
arm-xilinx-eabi-gcc -Wall -O0 -g3 -c -fmessage-length=0 -MT"src/display_ctrl/display_ctrl.o" -I../../FSBL_bsp/ps7_cortexa9_0/include -MMD -MP -MF"src/display_ctrl/display_ctrl.d" -MT"src/display_ctrl/display_ctrl.d" -o "src/display_ctrl/display_ctrl.o" "../src/display_ctrl/display_ctrl.c"
'Finished building: ../src/display_ctrl/display_ctrl.c'
' '
'Building target: vga_display.elf'
'Invoking: ARM gcc linker'
arm-xilinx-eabi-gcc -Wl,-T -Wl,../src/lscript.ld -L../../FSBL_bsp/ps7_cortexa9_0/lib -o "vga_display.elf"  ./src/dynclk/dynclk.o  ./src/display_ctrl/display_ctrl.o  ./src/VGA.o ./src/helloworld.o ./src/platform.o   -Wl,--start-group,-lxil,-lgcc,-lc,--end-group -Wl,--start-group,-lxilffs,-lxil,-lgcc,-lc,--end-group -Wl,--start-group,-lrsa,-lxil,-lgcc,-lc,--end-group
'Finished building target: vga_display.elf'
' '
'Invoking: ARM Print Size'
arm-xilinx-eabi-size vga_display.elf  |tee "vga_display.elf.size"
   text	   data	    bss	    dec	    hex	filename
  60744	   2328	24894416	24957488	17cd230	vga_display.elf
'Finished building: vga_display.elf.size'
' '
01:28:22 **** Incremental Build of configuration Debug for project vga_display ****
make all 
make: Nothing to be done for `all'.
01:32:52 **** Incremental Build of configuration Debug for project vga_display ****
make all 
make: Nothing to be done for `all'.
01:35:33 **** Auto Build of configuration Debug for project vga_display ****
make all 
'Building file: ../src/display_ctrl/display_ctrl.c'
'Invoking: ARM gcc compiler'
arm-xilinx-eabi-gcc -Wall -O0 -g3 -c -fmessage-length=0 -MT"src/display_ctrl/display_ctrl.o" -I../../FSBL_bsp/ps7_cortexa9_0/include -MMD -MP -MF"src/display_ctrl/display_ctrl.d" -MT"src/display_ctrl/display_ctrl.d" -o "src/display_ctrl/display_ctrl.o" "../src/display_ctrl/display_ctrl.c"
'Finished building: ../src/display_ctrl/display_ctrl.c'
' '
'Building target: vga_display.elf'
'Invoking: ARM gcc linker'
arm-xilinx-eabi-gcc -Wl,-T -Wl,../src/lscript.ld -L../../FSBL_bsp/ps7_cortexa9_0/lib -o "vga_display.elf"  ./src/dynclk/dynclk.o  ./src/display_ctrl/display_ctrl.o  ./src/VGA.o ./src/helloworld.o ./src/platform.o   -Wl,--start-group,-lxil,-lgcc,-lc,--end-group -Wl,--start-group,-lxilffs,-lxil,-lgcc,-lc,--end-group -Wl,--start-group,-lrsa,-lxil,-lgcc,-lc,--end-group
'Finished building target: vga_display.elf'
' '
'Invoking: ARM Print Size'
arm-xilinx-eabi-size vga_display.elf  |tee "vga_display.elf.size"
   text	   data	    bss	    dec	    hex	filename
  60744	   2328	24894416	24957488	17cd230	vga_display.elf
'Finished building: vga_display.elf.size'
' '
01:35:49 **** Auto Build of configuration Debug for project vga_display ****
make all 
'Building file: ../src/helloworld.c'
'Invoking: ARM gcc compiler'
arm-xilinx-eabi-gcc -Wall -O0 -g3 -c -fmessage-length=0 -MT"src/helloworld.o" -I../../FSBL_bsp/ps7_cortexa9_0/include -MMD -MP -MF"src/helloworld.d" -MT"src/helloworld.d" -o "src/helloworld.o" "../src/helloworld.c"
../src/helloworld.c: In function 'main':
../src/helloworld.c:169:6: warning: suggest explicit braces to avoid ambiguous 'else' [-Wparentheses]
   if (temp > 2800)
      ^
../src/helloworld.c:108:9: warning: unused variable 'pic_number' [-Wunused-variable]
     u32 pic_number=0;
         ^
../src/helloworld.c:107:9: warning: unused variable 'xInt' [-Wunused-variable]
     u32 xInt;
         ^
'Finished building: ../src/helloworld.c'
' '
'Building target: vga_display.elf'
'Invoking: ARM gcc linker'
arm-xilinx-eabi-gcc -Wl,-T -Wl,../src/lscript.ld -L../../FSBL_bsp/ps7_cortexa9_0/lib -o "vga_display.elf"  ./src/dynclk/dynclk.o  ./src/display_ctrl/display_ctrl.o  ./src/VGA.o ./src/helloworld.o ./src/platform.o   -Wl,--start-group,-lxil,-lgcc,-lc,--end-group -Wl,--start-group,-lxilffs,-lxil,-lgcc,-lc,--end-group -Wl,--start-group,-lrsa,-lxil,-lgcc,-lc,--end-group
'Finished building target: vga_display.elf'
' '
'Invoking: ARM Print Size'
arm-xilinx-eabi-size vga_display.elf  |tee "vga_display.elf.size"
   text	   data	    bss	    dec	    hex	filename
  60744	   2328	24894416	24957488	17cd230	vga_display.elf
'Finished building: vga_display.elf.size'
' '
01:36:03 **** Incremental Build of configuration Debug for project vga_display ****
make all 
make: Nothing to be done for `all'.
01:42:05 **** Auto Build of configuration Debug for project vga_display ****
make all 
'Building file: ../src/helloworld.c'
'Invoking: ARM gcc compiler'
arm-xilinx-eabi-gcc -Wall -O0 -g3 -c -fmessage-length=0 -MT"src/helloworld.o" -I../../FSBL_bsp/ps7_cortexa9_0/include -MMD -MP -MF"src/helloworld.d" -MT"src/helloworld.d" -o "src/helloworld.o" "../src/helloworld.c"
../src/helloworld.c: In function 'main':
../src/helloworld.c:169:6: warning: suggest explicit braces to avoid ambiguous 'else' [-Wparentheses]
   if (temp > 2800)
      ^
../src/helloworld.c:108:9: warning: unused variable 'pic_number' [-Wunused-variable]
     u32 pic_number=0;
         ^
../src/helloworld.c:107:9: warning: unused variable 'xInt' [-Wunused-variable]
     u32 xInt;
         ^
'Finished building: ../src/helloworld.c'
' '
'Building target: vga_display.elf'
'Invoking: ARM gcc linker'
arm-xilinx-eabi-gcc -Wl,-T -Wl,../src/lscript.ld -L../../FSBL_bsp/ps7_cortexa9_0/lib -o "vga_display.elf"  ./src/dynclk/dynclk.o  ./src/display_ctrl/display_ctrl.o  ./src/VGA.o ./src/helloworld.o ./src/platform.o   -Wl,--start-group,-lxil,-lgcc,-lc,--end-group -Wl,--start-group,-lxilffs,-lxil,-lgcc,-lc,--end-group -Wl,--start-group,-lrsa,-lxil,-lgcc,-lc,--end-group
'Finished building target: vga_display.elf'
' '
'Invoking: ARM Print Size'
arm-xilinx-eabi-size vga_display.elf  |tee "vga_display.elf.size"
   text	   data	    bss	    dec	    hex	filename
  60680	   2328	24894416	24957424	17cd1f0	vga_display.elf
'Finished building: vga_display.elf.size'
' '
01:42:11 **** Incremental Build of configuration Debug for project vga_display ****
make all 
make: Nothing to be done for `all'.
01:49:35 **** Auto Build of configuration Debug for project vga_display ****
make all 
'Building file: ../src/helloworld.c'
'Invoking: ARM gcc compiler'
arm-xilinx-eabi-gcc -Wall -O0 -g3 -c -fmessage-length=0 -MT"src/helloworld.o" -I../../FSBL_bsp/ps7_cortexa9_0/include -MMD -MP -MF"src/helloworld.d" -MT"src/helloworld.d" -o "src/helloworld.o" "../src/helloworld.c"
../src/helloworld.c: In function 'main':
../src/helloworld.c:169:6: warning: suggest explicit braces to avoid ambiguous 'else' [-Wparentheses]
   if (temp > 2800)
      ^
../src/helloworld.c:108:9: warning: unused variable 'pic_number' [-Wunused-variable]
     u32 pic_number=0;
         ^
../src/helloworld.c:107:9: warning: unused variable 'xInt' [-Wunused-variable]
     u32 xInt;
         ^
'Finished building: ../src/helloworld.c'
' '
'Building target: vga_display.elf'
'Invoking: ARM gcc linker'
arm-xilinx-eabi-gcc -Wl,-T -Wl,../src/lscript.ld -L../../FSBL_bsp/ps7_cortexa9_0/lib -o "vga_display.elf"  ./src/dynclk/dynclk.o  ./src/display_ctrl/display_ctrl.o  ./src/VGA.o ./src/helloworld.o ./src/platform.o   -Wl,--start-group,-lxil,-lgcc,-lc,--end-group -Wl,--start-group,-lxilffs,-lxil,-lgcc,-lc,--end-group -Wl,--start-group,-lrsa,-lxil,-lgcc,-lc,--end-group
'Finished building target: vga_display.elf'
' '
'Invoking: ARM Print Size'
arm-xilinx-eabi-size vga_display.elf  |tee "vga_display.elf.size"
   text	   data	    bss	    dec	    hex	filename
  60680	   2328	24894416	24957424	17cd1f0	vga_display.elf
'Finished building: vga_display.elf.size'
' '
01:49:39 **** Incremental Build of configuration Debug for project vga_display ****
make all 
make: Nothing to be done for `all'.
01:52:25 **** Auto Build of configuration Debug for project vga_display ****
make all 
'Building file: ../src/helloworld.c'
'Invoking: ARM gcc compiler'
arm-xilinx-eabi-gcc -Wall -O0 -g3 -c -fmessage-length=0 -MT"src/helloworld.o" -I../../FSBL_bsp/ps7_cortexa9_0/include -MMD -MP -MF"src/helloworld.d" -MT"src/helloworld.d" -o "src/helloworld.o" "../src/helloworld.c"
../src/helloworld.c: In function 'main':
../src/helloworld.c:169:6: warning: suggest explicit braces to avoid ambiguous 'else' [-Wparentheses]
   if (temp > 2800)
      ^
../src/helloworld.c:108:9: warning: unused variable 'pic_number' [-Wunused-variable]
     u32 pic_number=0;
         ^
../src/helloworld.c:107:9: warning: unused variable 'xInt' [-Wunused-variable]
     u32 xInt;
         ^
'Finished building: ../src/helloworld.c'
' '
'Building target: vga_display.elf'
'Invoking: ARM gcc linker'
arm-xilinx-eabi-gcc -Wl,-T -Wl,../src/lscript.ld -L../../FSBL_bsp/ps7_cortexa9_0/lib -o "vga_display.elf"  ./src/dynclk/dynclk.o  ./src/display_ctrl/display_ctrl.o  ./src/VGA.o ./src/helloworld.o ./src/platform.o   -Wl,--start-group,-lxil,-lgcc,-lc,--end-group -Wl,--start-group,-lxilffs,-lxil,-lgcc,-lc,--end-group -Wl,--start-group,-lrsa,-lxil,-lgcc,-lc,--end-group
'Finished building target: vga_display.elf'
' '
'Invoking: ARM Print Size'
arm-xilinx-eabi-size vga_display.elf  |tee "vga_display.elf.size"
   text	   data	    bss	    dec	    hex	filename
  60680	   2328	24894416	24957424	17cd1f0	vga_display.elf
'Finished building: vga_display.elf.size'
' '
01:52:35 **** Incremental Build of configuration Debug for project vga_display ****
make all 
make: Nothing to be done for `all'.
01:54:01 **** Auto Build of configuration Debug for project vga_display ****
make all 
'Building file: ../src/helloworld.c'
'Invoking: ARM gcc compiler'
arm-xilinx-eabi-gcc -Wall -O0 -g3 -c -fmessage-length=0 -MT"src/helloworld.o" -I../../FSBL_bsp/ps7_cortexa9_0/include -MMD -MP -MF"src/helloworld.d" -MT"src/helloworld.d" -o "src/helloworld.o" "../src/helloworld.c"
../src/helloworld.c: In function 'main':
../src/helloworld.c:169:6: warning: suggest explicit braces to avoid ambiguous 'else' [-Wparentheses]
   if (temp > 2800)
      ^
../src/helloworld.c:108:9: warning: unused variable 'pic_number' [-Wunused-variable]
     u32 pic_number=0;
         ^
../src/helloworld.c:107:9: warning: unused variable 'xInt' [-Wunused-variable]
     u32 xInt;
         ^
'Finished building: ../src/helloworld.c'
' '
'Building target: vga_display.elf'
'Invoking: ARM gcc linker'
arm-xilinx-eabi-gcc -Wl,-T -Wl,../src/lscript.ld -L../../FSBL_bsp/ps7_cortexa9_0/lib -o "vga_display.elf"  ./src/dynclk/dynclk.o  ./src/display_ctrl/display_ctrl.o  ./src/VGA.o ./src/helloworld.o ./src/platform.o   -Wl,--start-group,-lxil,-lgcc,-lc,--end-group -Wl,--start-group,-lxilffs,-lxil,-lgcc,-lc,--end-group -Wl,--start-group,-lrsa,-lxil,-lgcc,-lc,--end-group
'Finished building target: vga_display.elf'
' '
'Invoking: ARM Print Size'
arm-xilinx-eabi-size vga_display.elf  |tee "vga_display.elf.size"
   text	   data	    bss	    dec	    hex	filename
  60680	   2328	24894416	24957424	17cd1f0	vga_display.elf
'Finished building: vga_display.elf.size'
' '
01:55:00 **** Auto Build of configuration Debug for project vga_display ****
make all 
'Building file: ../src/helloworld.c'
'Invoking: ARM gcc compiler'
arm-xilinx-eabi-gcc -Wall -O0 -g3 -c -fmessage-length=0 -MT"src/helloworld.o" -I../../FSBL_bsp/ps7_cortexa9_0/include -MMD -MP -MF"src/helloworld.d" -MT"src/helloworld.d" -o "src/helloworld.o" "../src/helloworld.c"
../src/helloworld.c: In function 'main':
../src/helloworld.c:169:6: warning: suggest explicit braces to avoid ambiguous 'else' [-Wparentheses]
   if (temp > 2800)
      ^
../src/helloworld.c:108:9: warning: unused variable 'pic_number' [-Wunused-variable]
     u32 pic_number=0;
         ^
../src/helloworld.c:107:9: warning: unused variable 'xInt' [-Wunused-variable]
     u32 xInt;
         ^
'Finished building: ../src/helloworld.c'
' '
'Building target: vga_display.elf'
'Invoking: ARM gcc linker'
arm-xilinx-eabi-gcc -Wl,-T -Wl,../src/lscript.ld -L../../FSBL_bsp/ps7_cortexa9_0/lib -o "vga_display.elf"  ./src/dynclk/dynclk.o  ./src/display_ctrl/display_ctrl.o  ./src/VGA.o ./src/helloworld.o ./src/platform.o   -Wl,--start-group,-lxil,-lgcc,-lc,--end-group -Wl,--start-group,-lxilffs,-lxil,-lgcc,-lc,--end-group -Wl,--start-group,-lrsa,-lxil,-lgcc,-lc,--end-group
'Finished building target: vga_display.elf'
' '
'Invoking: ARM Print Size'
arm-xilinx-eabi-size vga_display.elf  |tee "vga_display.elf.size"
   text	   data	    bss	    dec	    hex	filename
  60680	   2328	24894416	24957424	17cd1f0	vga_display.elf
'Finished building: vga_display.elf.size'
' '
01:55:05 **** Incremental Build of configuration Debug for project vga_display ****
make all 
make: Nothing to be done for `all'.
02:03:45 **** Auto Build of configuration Debug for project vga_display ****
make all 
'Building file: ../src/helloworld.c'
'Invoking: ARM gcc compiler'
arm-xilinx-eabi-gcc -Wall -O0 -g3 -c -fmessage-length=0 -MT"src/helloworld.o" -I../../FSBL_bsp/ps7_cortexa9_0/include -MMD -MP -MF"src/helloworld.d" -MT"src/helloworld.d" -o "src/helloworld.o" "../src/helloworld.c"
../src/helloworld.c: In function 'main':
../src/helloworld.c:169:6: warning: suggest explicit braces to avoid ambiguous 'else' [-Wparentheses]
   if (temp > 2800)
      ^
../src/helloworld.c:203:4: warning: assignment from incompatible pointer type
  p = p0;
    ^
../src/helloworld.c:108:9: warning: unused variable 'pic_number' [-Wunused-variable]
     u32 pic_number=0;
         ^
../src/helloworld.c:107:9: warning: unused variable 'xInt' [-Wunused-variable]
     u32 xInt;
         ^
'Finished building: ../src/helloworld.c'
' '
'Building target: vga_display.elf'
'Invoking: ARM gcc linker'
arm-xilinx-eabi-gcc -Wl,-T -Wl,../src/lscript.ld -L../../FSBL_bsp/ps7_cortexa9_0/lib -o "vga_display.elf"  ./src/dynclk/dynclk.o  ./src/display_ctrl/display_ctrl.o  ./src/VGA.o ./src/helloworld.o ./src/platform.o   -Wl,--start-group,-lxil,-lgcc,-lc,--end-group -Wl,--start-group,-lxilffs,-lxil,-lgcc,-lc,--end-group -Wl,--start-group,-lrsa,-lxil,-lgcc,-lc,--end-group
'Finished building target: vga_display.elf'
' '
'Invoking: ARM Print Size'
arm-xilinx-eabi-size vga_display.elf  |tee "vga_display.elf.size"
   text	   data	    bss	    dec	    hex	filename
  60680	   2328	24894416	24957424	17cd1f0	vga_display.elf
'Finished building: vga_display.elf.size'
' '
02:04:32 **** Incremental Build of configuration Debug for project vga_display ****
make all 
make: Nothing to be done for `all'.
02:08:29 **** Auto Build of configuration Debug for project vga_display ****
make all 
'Building file: ../src/helloworld.c'
'Invoking: ARM gcc compiler'
arm-xilinx-eabi-gcc -Wall -O0 -g3 -c -fmessage-length=0 -MT"src/helloworld.o" -I../../FSBL_bsp/ps7_cortexa9_0/include -MMD -MP -MF"src/helloworld.d" -MT"src/helloworld.d" -o "src/helloworld.o" "../src/helloworld.c"
../src/helloworld.c: In function 'main':
../src/helloworld.c:97:11: warning: initialization from incompatible pointer type
  u8 *p0 = (u16*)malloc(sizeof(u16) * 32*EXPAND*24*EXPAND);
           ^
../src/helloworld.c:169:6: warning: suggest explicit braces to avoid ambiguous 'else' [-Wparentheses]
   if (temp > 2800)
      ^
../src/helloworld.c:108:9: warning: unused variable 'pic_number' [-Wunused-variable]
     u32 pic_number=0;
         ^
../src/helloworld.c:107:9: warning: unused variable 'xInt' [-Wunused-variable]
     u32 xInt;
         ^
'Finished building: ../src/helloworld.c'
' '
'Building target: vga_display.elf'
'Invoking: ARM gcc linker'
arm-xilinx-eabi-gcc -Wl,-T -Wl,../src/lscript.ld -L../../FSBL_bsp/ps7_cortexa9_0/lib -o "vga_display.elf"  ./src/dynclk/dynclk.o  ./src/display_ctrl/display_ctrl.o  ./src/VGA.o ./src/helloworld.o ./src/platform.o   -Wl,--start-group,-lxil,-lgcc,-lc,--end-group -Wl,--start-group,-lxilffs,-lxil,-lgcc,-lc,--end-group -Wl,--start-group,-lrsa,-lxil,-lgcc,-lc,--end-group
'Finished building target: vga_display.elf'
' '
'Invoking: ARM Print Size'
arm-xilinx-eabi-size vga_display.elf  |tee "vga_display.elf.size"
   text	   data	    bss	    dec	    hex	filename
  60680	   2328	24894416	24957424	17cd1f0	vga_display.elf
'Finished building: vga_display.elf.size'
' '
02:08:39 **** Auto Build of configuration Debug for project vga_display ****
make all 
'Building file: ../src/helloworld.c'
'Invoking: ARM gcc compiler'
arm-xilinx-eabi-gcc -Wall -O0 -g3 -c -fmessage-length=0 -MT"src/helloworld.o" -I../../FSBL_bsp/ps7_cortexa9_0/include -MMD -MP -MF"src/helloworld.d" -MT"src/helloworld.d" -o "src/helloworld.o" "../src/helloworld.c"
../src/helloworld.c: In function 'main':
../src/helloworld.c:169:6: warning: suggest explicit braces to avoid ambiguous 'else' [-Wparentheses]
   if (temp > 2800)
      ^
../src/helloworld.c:108:9: warning: unused variable 'pic_number' [-Wunused-variable]
     u32 pic_number=0;
         ^
../src/helloworld.c:107:9: warning: unused variable 'xInt' [-Wunused-variable]
     u32 xInt;
         ^
'Finished building: ../src/helloworld.c'
' '
'Building target: vga_display.elf'
'Invoking: ARM gcc linker'
arm-xilinx-eabi-gcc -Wl,-T -Wl,../src/lscript.ld -L../../FSBL_bsp/ps7_cortexa9_0/lib -o "vga_display.elf"  ./src/dynclk/dynclk.o  ./src/display_ctrl/display_ctrl.o  ./src/VGA.o ./src/helloworld.o ./src/platform.o   -Wl,--start-group,-lxil,-lgcc,-lc,--end-group -Wl,--start-group,-lxilffs,-lxil,-lgcc,-lc,--end-group -Wl,--start-group,-lrsa,-lxil,-lgcc,-lc,--end-group
'Finished building target: vga_display.elf'
' '
'Invoking: ARM Print Size'
arm-xilinx-eabi-size vga_display.elf  |tee "vga_display.elf.size"
   text	   data	    bss	    dec	    hex	filename
  60680	   2328	24894416	24957424	17cd1f0	vga_display.elf
'Finished building: vga_display.elf.size'
' '
02:08:49 **** Incremental Build of configuration Debug for project vga_display ****
make all 
make: Nothing to be done for `all'.
02:09:40 **** Auto Build of configuration Debug for project vga_display ****
make all 
'Building file: ../src/helloworld.c'
'Invoking: ARM gcc compiler'
arm-xilinx-eabi-gcc -Wall -O0 -g3 -c -fmessage-length=0 -MT"src/helloworld.o" -I../../FSBL_bsp/ps7_cortexa9_0/include -MMD -MP -MF"src/helloworld.d" -MT"src/helloworld.d" -o "src/helloworld.o" "../src/helloworld.c"
../src/helloworld.c: In function 'main':
../src/helloworld.c:169:6: warning: suggest explicit braces to avoid ambiguous 'else' [-Wparentheses]
   if (temp > 2800)
      ^
../src/helloworld.c:108:9: warning: unused variable 'pic_number' [-Wunused-variable]
     u32 pic_number=0;
         ^
../src/helloworld.c:107:9: warning: unused variable 'xInt' [-Wunused-variable]
     u32 xInt;
         ^
'Finished building: ../src/helloworld.c'
' '
'Building target: vga_display.elf'
'Invoking: ARM gcc linker'
arm-xilinx-eabi-gcc -Wl,-T -Wl,../src/lscript.ld -L../../FSBL_bsp/ps7_cortexa9_0/lib -o "vga_display.elf"  ./src/dynclk/dynclk.o  ./src/display_ctrl/display_ctrl.o  ./src/VGA.o ./src/helloworld.o ./src/platform.o   -Wl,--start-group,-lxil,-lgcc,-lc,--end-group -Wl,--start-group,-lxilffs,-lxil,-lgcc,-lc,--end-group -Wl,--start-group,-lrsa,-lxil,-lgcc,-lc,--end-group
'Finished building target: vga_display.elf'
' '
'Invoking: ARM Print Size'
arm-xilinx-eabi-size vga_display.elf  |tee "vga_display.elf.size"
   text	   data	    bss	    dec	    hex	filename
  60680	   2328	24894416	24957424	17cd1f0	vga_display.elf
'Finished building: vga_display.elf.size'
' '
02:09:50 **** Incremental Build of configuration Debug for project vga_display ****
make all 
make: Nothing to be done for `all'.
02:13:26 **** Auto Build of configuration Debug for project vga_display ****
make all 
'Building file: ../src/helloworld.c'
'Invoking: ARM gcc compiler'
arm-xilinx-eabi-gcc -Wall -O0 -g3 -c -fmessage-length=0 -MT"src/helloworld.o" -I../../FSBL_bsp/ps7_cortexa9_0/include -MMD -MP -MF"src/helloworld.d" -MT"src/helloworld.d" -o "src/helloworld.o" "../src/helloworld.c"
../src/helloworld.c: In function 'main':
../src/helloworld.c:169:6: warning: suggest explicit braces to avoid ambiguous 'else' [-Wparentheses]
   if (temp > 2800)
      ^
../src/helloworld.c:108:9: warning: unused variable 'pic_number' [-Wunused-variable]
     u32 pic_number=0;
         ^
../src/helloworld.c:107:9: warning: unused variable 'xInt' [-Wunused-variable]
     u32 xInt;
         ^
'Finished building: ../src/helloworld.c'
' '
'Building target: vga_display.elf'
'Invoking: ARM gcc linker'
arm-xilinx-eabi-gcc -Wl,-T -Wl,../src/lscript.ld -L../../FSBL_bsp/ps7_cortexa9_0/lib -o "vga_display.elf"  ./src/dynclk/dynclk.o  ./src/display_ctrl/display_ctrl.o  ./src/VGA.o ./src/helloworld.o ./src/platform.o   -Wl,--start-group,-lxil,-lgcc,-lc,--end-group -Wl,--start-group,-lxilffs,-lxil,-lgcc,-lc,--end-group -Wl,--start-group,-lrsa,-lxil,-lgcc,-lc,--end-group
'Finished building target: vga_display.elf'
' '
'Invoking: ARM Print Size'
arm-xilinx-eabi-size vga_display.elf  |tee "vga_display.elf.size"
   text	   data	    bss	    dec	    hex	filename
  60744	   2328	24894416	24957488	17cd230	vga_display.elf
'Finished building: vga_display.elf.size'
' '
02:13:32 **** Incremental Build of configuration Debug for project vga_display ****
make all 
make: Nothing to be done for `all'.
02:17:38 **** Auto Build of configuration Debug for project vga_display ****
make all 
'Building file: ../src/helloworld.c'
'Invoking: ARM gcc compiler'
arm-xilinx-eabi-gcc -Wall -O0 -g3 -c -fmessage-length=0 -MT"src/helloworld.o" -I../../FSBL_bsp/ps7_cortexa9_0/include -MMD -MP -MF"src/helloworld.d" -MT"src/helloworld.d" -o "src/helloworld.o" "../src/helloworld.c"
../src/helloworld.c: In function 'main':
../src/helloworld.c:169:6: warning: suggest explicit braces to avoid ambiguous 'else' [-Wparentheses]
   if (temp > 2800)
      ^
../src/helloworld.c:108:9: warning: unused variable 'pic_number' [-Wunused-variable]
     u32 pic_number=0;
         ^
../src/helloworld.c:107:9: warning: unused variable 'xInt' [-Wunused-variable]
     u32 xInt;
         ^
'Finished building: ../src/helloworld.c'
' '
'Building target: vga_display.elf'
'Invoking: ARM gcc linker'
arm-xilinx-eabi-gcc -Wl,-T -Wl,../src/lscript.ld -L../../FSBL_bsp/ps7_cortexa9_0/lib -o "vga_display.elf"  ./src/dynclk/dynclk.o  ./src/display_ctrl/display_ctrl.o  ./src/VGA.o ./src/helloworld.o ./src/platform.o   -Wl,--start-group,-lxil,-lgcc,-lc,--end-group -Wl,--start-group,-lxilffs,-lxil,-lgcc,-lc,--end-group -Wl,--start-group,-lrsa,-lxil,-lgcc,-lc,--end-group
'Finished building target: vga_display.elf'
' '
'Invoking: ARM Print Size'
arm-xilinx-eabi-size vga_display.elf  |tee "vga_display.elf.size"
   text	   data	    bss	    dec	    hex	filename
  60744	   2328	24894416	24957488	17cd230	vga_display.elf
'Finished building: vga_display.elf.size'
' '
02:28:32 **** Auto Build of configuration Debug for project vga_display ****
make all 
'Building file: ../src/helloworld.c'
'Invoking: ARM gcc compiler'
arm-xilinx-eabi-gcc -Wall -O0 -g3 -c -fmessage-length=0 -MT"src/helloworld.o" -I../../FSBL_bsp/ps7_cortexa9_0/include -MMD -MP -MF"src/helloworld.d" -MT"src/helloworld.d" -o "src/helloworld.o" "../src/helloworld.c"
../src/helloworld.c: In function 'main':
../src/helloworld.c:169:6: warning: suggest explicit braces to avoid ambiguous 'else' [-Wparentheses]
   if (temp > 2800)
      ^
../src/helloworld.c:108:9: warning: unused variable 'pic_number' [-Wunused-variable]
     u32 pic_number=0;
         ^
../src/helloworld.c:107:9: warning: unused variable 'xInt' [-Wunused-variable]
     u32 xInt;
         ^
'Finished building: ../src/helloworld.c'
' '
'Building target: vga_display.elf'
'Invoking: ARM gcc linker'
arm-xilinx-eabi-gcc -Wl,-T -Wl,../src/lscript.ld -L../../FSBL_bsp/ps7_cortexa9_0/lib -o "vga_display.elf"  ./src/dynclk/dynclk.o  ./src/display_ctrl/display_ctrl.o  ./src/VGA.o ./src/helloworld.o ./src/platform.o   -Wl,--start-group,-lxil,-lgcc,-lc,--end-group -Wl,--start-group,-lxilffs,-lxil,-lgcc,-lc,--end-group -Wl,--start-group,-lrsa,-lxil,-lgcc,-lc,--end-group
'Finished building target: vga_display.elf'
' '
'Invoking: ARM Print Size'
arm-xilinx-eabi-size vga_display.elf  |tee "vga_display.elf.size"
   text	   data	    bss	    dec	    hex	filename
  60744	   2328	24894416	24957488	17cd230	vga_display.elf
'Finished building: vga_display.elf.size'
' '
02:28:56 **** Incremental Build of configuration Debug for project vga_display ****
make all 
make: Nothing to be done for `all'.
02:30:29 **** Auto Build of configuration Debug for project vga_display ****
make all 
'Building file: ../src/helloworld.c'
'Invoking: ARM gcc compiler'
arm-xilinx-eabi-gcc -Wall -O0 -g3 -c -fmessage-length=0 -MT"src/helloworld.o" -I../../FSBL_bsp/ps7_cortexa9_0/include -MMD -MP -MF"src/helloworld.d" -MT"src/helloworld.d" -o "src/helloworld.o" "../src/helloworld.c"
../src/helloworld.c: In function 'main':
../src/helloworld.c:169:6: warning: suggest explicit braces to avoid ambiguous 'else' [-Wparentheses]
   if (temp > 2800)
      ^
../src/helloworld.c:108:9: warning: unused variable 'pic_number' [-Wunused-variable]
     u32 pic_number=0;
         ^
../src/helloworld.c:107:9: warning: unused variable 'xInt' [-Wunused-variable]
     u32 xInt;
         ^
'Finished building: ../src/helloworld.c'
' '
'Building target: vga_display.elf'
'Invoking: ARM gcc linker'
arm-xilinx-eabi-gcc -Wl,-T -Wl,../src/lscript.ld -L../../FSBL_bsp/ps7_cortexa9_0/lib -o "vga_display.elf"  ./src/dynclk/dynclk.o  ./src/display_ctrl/display_ctrl.o  ./src/VGA.o ./src/helloworld.o ./src/platform.o   -Wl,--start-group,-lxil,-lgcc,-lc,--end-group -Wl,--start-group,-lxilffs,-lxil,-lgcc,-lc,--end-group -Wl,--start-group,-lrsa,-lxil,-lgcc,-lc,--end-group
'Finished building target: vga_display.elf'
' '
'Invoking: ARM Print Size'
arm-xilinx-eabi-size vga_display.elf  |tee "vga_display.elf.size"
   text	   data	    bss	    dec	    hex	filename
  60680	   2328	24894416	24957424	17cd1f0	vga_display.elf
'Finished building: vga_display.elf.size'
' '
02:30:34 **** Incremental Build of configuration Debug for project vga_display ****
make all 
make: Nothing to be done for `all'.
02:31:32 **** Auto Build of configuration Debug for project vga_display ****
make all 
'Building file: ../src/helloworld.c'
'Invoking: ARM gcc compiler'
arm-xilinx-eabi-gcc -Wall -O0 -g3 -c -fmessage-length=0 -MT"src/helloworld.o" -I../../FSBL_bsp/ps7_cortexa9_0/include -MMD -MP -MF"src/helloworld.d" -MT"src/helloworld.d" -o "src/helloworld.o" "../src/helloworld.c"
../src/helloworld.c: In function 'main':
../src/helloworld.c:169:6: warning: suggest explicit braces to avoid ambiguous 'else' [-Wparentheses]
   if (temp > 2800)
      ^
../src/helloworld.c:108:9: warning: unused variable 'pic_number' [-Wunused-variable]
     u32 pic_number=0;
         ^
../src/helloworld.c:107:9: warning: unused variable 'xInt' [-Wunused-variable]
     u32 xInt;
         ^
'Finished building: ../src/helloworld.c'
' '
'Building target: vga_display.elf'
'Invoking: ARM gcc linker'
arm-xilinx-eabi-gcc -Wl,-T -Wl,../src/lscript.ld -L../../FSBL_bsp/ps7_cortexa9_0/lib -o "vga_display.elf"  ./src/dynclk/dynclk.o  ./src/display_ctrl/display_ctrl.o  ./src/VGA.o ./src/helloworld.o ./src/platform.o   -Wl,--start-group,-lxil,-lgcc,-lc,--end-group -Wl,--start-group,-lxilffs,-lxil,-lgcc,-lc,--end-group -Wl,--start-group,-lrsa,-lxil,-lgcc,-lc,--end-group
'Finished building target: vga_display.elf'
' '
'Invoking: ARM Print Size'
arm-xilinx-eabi-size vga_display.elf  |tee "vga_display.elf.size"
   text	   data	    bss	    dec	    hex	filename
  60680	   2328	24894416	24957424	17cd1f0	vga_display.elf
'Finished building: vga_display.elf.size'
' '
02:31:40 **** Incremental Build of configuration Debug for project vga_display ****
make all 
make: Nothing to be done for `all'.
02:33:28 **** Auto Build of configuration Debug for project vga_display ****
make all 
'Building file: ../src/helloworld.c'
'Invoking: ARM gcc compiler'
[...]
'Finished building target: vga_display.elf'
' '
'Invoking: ARM Print Size'
arm-xilinx-eabi-size vga_display.elf  |tee "vga_display.elf.size"
   text	   data	    bss	    dec	    hex	filename
  61992	   2328	24894416	24958736	17cd710	vga_display.elf
'Finished building: vga_display.elf.size'
' '
08:36:43 **** Incremental Build of configuration Debug for project vga_display ****
make all 
make: Nothing to be done for `all'.
08:39:40 **** Auto Build of configuration Debug for project vga_display ****
make all 
'Building file: ../src/helloworld.c'
'Invoking: ARM gcc compiler'
arm-xilinx-eabi-gcc -Wall -O0 -g3 -c -fmessage-length=0 -MT"src/helloworld.o" -I../../FSBL_bsp/ps7_cortexa9_0/include -MMD -MP -MF"src/helloworld.d" -MT"src/helloworld.d" -o "src/helloworld.o" "../src/helloworld.c"
../src/helloworld.c: In function 'main':
../src/helloworld.c:164:6: warning: suggest explicit braces to avoid ambiguous 'else' [-Wparentheses]
   if (temp > 2800)
      ^
../src/helloworld.c:97:9: warning: unused variable 'p0' [-Wunused-variable]
  short *p0 = (short*)malloc(sizeof(short) * 32*EXPAND*24*EXPAND);
         ^
'Finished building: ../src/helloworld.c'
' '
'Building target: vga_display.elf'
'Invoking: ARM gcc linker'
arm-xilinx-eabi-gcc -Wl,-T -Wl,../src/lscript.ld -L../../FSBL_bsp/ps7_cortexa9_0/lib -o "vga_display.elf"  ./src/dynclk/dynclk.o  ./src/display_ctrl/display_ctrl.o  ./src/VGA.o ./src/helloworld.o ./src/platform.o ./src/vdma.o   -Wl,--start-group,-lxil,-lgcc,-lc,--end-group -Wl,--start-group,-lxilffs,-lxil,-lgcc,-lc,--end-group -Wl,--start-group,-lrsa,-lxil,-lgcc,-lc,--end-group
'Finished building target: vga_display.elf'
' '
'Invoking: ARM Print Size'
arm-xilinx-eabi-size vga_display.elf  |tee "vga_display.elf.size"
   text	   data	    bss	    dec	    hex	filename
  62056	   2328	24894416	24958800	17cd750	vga_display.elf
'Finished building: vga_display.elf.size'
' '
08:39:59 **** Auto Build of configuration Debug for project vga_display ****
make all 
'Building file: ../src/helloworld.c'
'Invoking: ARM gcc compiler'
arm-xilinx-eabi-gcc -Wall -O0 -g3 -c -fmessage-length=0 -MT"src/helloworld.o" -I../../FSBL_bsp/ps7_cortexa9_0/include -MMD -MP -MF"src/helloworld.d" -MT"src/helloworld.d" -o "src/helloworld.o" "../src/helloworld.c"
../src/helloworld.c: In function 'main':
../src/helloworld.c:164:6: warning: suggest explicit braces to avoid ambiguous 'else' [-Wparentheses]
   if (temp > 2800)
      ^
../src/helloworld.c:97:9: warning: unused variable 'p0' [-Wunused-variable]
  short *p0 = (short*)malloc(sizeof(short) * 32*EXPAND*24*EXPAND);
         ^
'Finished building: ../src/helloworld.c'
' '
'Building target: vga_display.elf'
'Invoking: ARM gcc linker'
arm-xilinx-eabi-gcc -Wl,-T -Wl,../src/lscript.ld -L../../FSBL_bsp/ps7_cortexa9_0/lib -o "vga_display.elf"  ./src/dynclk/dynclk.o  ./src/display_ctrl/display_ctrl.o  ./src/VGA.o ./src/helloworld.o ./src/platform.o ./src/vdma.o   -Wl,--start-group,-lxil,-lgcc,-lc,--end-group -Wl,--start-group,-lxilffs,-lxil,-lgcc,-lc,--end-group -Wl,--start-group,-lrsa,-lxil,-lgcc,-lc,--end-group
'Finished building target: vga_display.elf'
' '
'Invoking: ARM Print Size'
arm-xilinx-eabi-size vga_display.elf  |tee "vga_display.elf.size"
   text	   data	    bss	    dec	    hex	filename
  62056	   2328	24894416	24958800	17cd750	vga_display.elf
'Finished building: vga_display.elf.size'
' '
08:40:03 **** Incremental Build of configuration Debug for project vga_display ****
make all 
make: Nothing to be done for `all'.
08:40:28 **** Auto Build of configuration Debug for project vga_display ****
make all 
'Building file: ../src/helloworld.c'
'Invoking: ARM gcc compiler'
arm-xilinx-eabi-gcc -Wall -O0 -g3 -c -fmessage-length=0 -MT"src/helloworld.o" -I../../FSBL_bsp/ps7_cortexa9_0/include -MMD -MP -MF"src/helloworld.d" -MT"src/helloworld.d" -o "src/helloworld.o" "../src/helloworld.c"
../src/helloworld.c: In function 'main':
../src/helloworld.c:164:6: warning: suggest explicit braces to avoid ambiguous 'else' [-Wparentheses]
   if (temp > 2800)
      ^
../src/helloworld.c:97:9: warning: unused variable 'p0' [-Wunused-variable]
  short *p0 = (short*)malloc(sizeof(short) * 32*EXPAND*24*EXPAND);
         ^
'Finished building: ../src/helloworld.c'
' '
'Building target: vga_display.elf'
'Invoking: ARM gcc linker'
arm-xilinx-eabi-gcc -Wl,-T -Wl,../src/lscript.ld -L../../FSBL_bsp/ps7_cortexa9_0/lib -o "vga_display.elf"  ./src/dynclk/dynclk.o  ./src/display_ctrl/display_ctrl.o  ./src/VGA.o ./src/helloworld.o ./src/platform.o ./src/vdma.o   -Wl,--start-group,-lxil,-lgcc,-lc,--end-group -Wl,--start-group,-lxilffs,-lxil,-lgcc,-lc,--end-group -Wl,--start-group,-lrsa,-lxil,-lgcc,-lc,--end-group
'Finished building target: vga_display.elf'
' '
'Invoking: ARM Print Size'
arm-xilinx-eabi-size vga_display.elf  |tee "vga_display.elf.size"
   text	   data	    bss	    dec	    hex	filename
  62056	   2328	24894416	24958800	17cd750	vga_display.elf
'Finished building: vga_display.elf.size'
' '
08:40:32 **** Incremental Build of configuration Debug for project vga_display ****
make all 
make: Nothing to be done for `all'.
09:48:40 **** Auto Build of configuration Debug for project vga_display ****
make all 
make: Nothing to be done for `all'.
09:48:41 **** Auto Build of configuration Debug for project vga_display ****
make all 
make: Nothing to be done for `all'.
09:48:52 **** Auto Build of project FSBL_bsp ****
make -k all 
"Running Make include in ps7_cortexa9_0/libsrc/axivdma_v6_0/src"
make -C ps7_cortexa9_0/libsrc/axivdma_v6_0/src -s include  "SHELL=CMD" "COMPILER=arm-xilinx-eabi-gcc" "ARCHIVER=arm-xilinx-eabi-ar" "COMPILER_FLAGS=  -O2 -c" "EXTRA_COMPILER_FLAGS=-g"
"Running Make include in ps7_cortexa9_0/libsrc/coresightps_dcc_v1_2/src"
make -C ps7_cortexa9_0/libsrc/coresightps_dcc_v1_2/src -s include  "SHELL=CMD" "COMPILER=arm-xilinx-eabi-gcc" "ARCHIVER=arm-xilinx-eabi-ar" "COMPILER_FLAGS=  -O2 -c" "EXTRA_COMPILER_FLAGS=-g"
"Running Make include in ps7_cortexa9_0/libsrc/cpu_cortexa9_v2_1/src"
make -C ps7_cortexa9_0/libsrc/cpu_cortexa9_v2_1/src -s include  "SHELL=CMD" "COMPILER=arm-xilinx-eabi-gcc" "ARCHIVER=arm-xilinx-eabi-ar" "COMPILER_FLAGS=  -O2 -c" "EXTRA_COMPILER_FLAGS=-g"
"Running Make include in ps7_cortexa9_0/libsrc/ddrps_v1_0/src"
make -C ps7_cortexa9_0/libsrc/ddrps_v1_0/src -s include  "SHELL=CMD" "COMPILER=arm-xilinx-eabi-gcc" "ARCHIVER=arm-xilinx-eabi-ar" "COMPILER_FLAGS=  -O2 -c" "EXTRA_COMPILER_FLAGS=-g"
"Running Make include in ps7_cortexa9_0/libsrc/devcfg_v3_3/src"
make -C ps7_cortexa9_0/libsrc/devcfg_v3_3/src -s include  "SHELL=CMD" "COMPILER=arm-xilinx-eabi-gcc" "ARCHIVER=arm-xilinx-eabi-ar" "COMPILER_FLAGS=  -O2 -c" "EXTRA_COMPILER_FLAGS=-g"
"Running Make include in ps7_cortexa9_0/libsrc/dmaps_v2_1/src"
make -C ps7_cortexa9_0/libsrc/dmaps_v2_1/src -s include  "SHELL=CMD" "COMPILER=arm-xilinx-eabi-gcc" "ARCHIVER=arm-xilinx-eabi-ar" "COMPILER_FLAGS=  -O2 -c" "EXTRA_COMPILER_FLAGS=-g"
"Running Make include in ps7_cortexa9_0/libsrc/scugic_v3_1/src"
make -C ps7_cortexa9_0/libsrc/scugic_v3_1/src -s include  "SHELL=CMD" "COMPILER=arm-xilinx-eabi-gcc" "ARCHIVER=arm-xilinx-eabi-ar" "COMPILER_FLAGS=  -O2 -c" "EXTRA_COMPILER_FLAGS=-g"
"Running Make include in ps7_cortexa9_0/libsrc/scutimer_v2_1/src"
make -C ps7_cortexa9_0/libsrc/scutimer_v2_1/src -s include  "SHELL=CMD" "COMPILER=arm-xilinx-eabi-gcc" "ARCHIVER=arm-xilinx-eabi-ar" "COMPILER_FLAGS=  -O2 -c" "EXTRA_COMPILER_FLAGS=-g"
"Running Make include in ps7_cortexa9_0/libsrc/scuwdt_v2_1/src"
make -C ps7_cortexa9_0/libsrc/scuwdt_v2_1/src -s include  "SHELL=CMD" "COMPILER=arm-xilinx-eabi-gcc" "ARCHIVER=arm-xilinx-eabi-ar" "COMPILER_FLAGS=  -O2 -c" "EXTRA_COMPILER_FLAGS=-g"
"Running Make include in ps7_cortexa9_0/libsrc/standalone_v5_3/src"
make -C ps7_cortexa9_0/libsrc/standalone_v5_3/src -s include  "SHELL=CMD" "COMPILER=arm-xilinx-eabi-gcc" "ARCHIVER=arm-xilinx-eabi-ar" "COMPILER_FLAGS=  -O2 -c" "EXTRA_COMPILER_FLAGS=-g"
"Running Make include in ps7_cortexa9_0/libsrc/uartps_v3_1/src"
make -C ps7_cortexa9_0/libsrc/uartps_v3_1/src -s include  "SHELL=CMD" "COMPILER=arm-xilinx-eabi-gcc" "ARCHIVER=arm-xilinx-eabi-ar" "COMPILER_FLAGS=  -O2 -c" "EXTRA_COMPILER_FLAGS=-g"
"Running Make include in ps7_cortexa9_0/libsrc/vtc_v7_1/src"
make -C ps7_cortexa9_0/libsrc/vtc_v7_1/src -s include  "SHELL=CMD" "COMPILER=arm-xilinx-eabi-gcc" "ARCHIVER=arm-xilinx-eabi-ar" "COMPILER_FLAGS=  -O2 -c" "EXTRA_COMPILER_FLAGS=-g"
"Running Make include in ps7_cortexa9_0/libsrc/xadcps_v2_2/src"
make -C ps7_cortexa9_0/libsrc/xadcps_v2_2/src -s include  "SHELL=CMD" "COMPILER=arm-xilinx-eabi-gcc" "ARCHIVER=arm-xilinx-eabi-ar" "COMPILER_FLAGS=  -O2 -c" "EXTRA_COMPILER_FLAGS=-g"
"Running Make include in ps7_cortexa9_0/libsrc/xilffs_v3_1/src"
make -C ps7_cortexa9_0/libsrc/xilffs_v3_1/src -s include  "SHELL=CMD" "COMPILER=arm-xilinx-eabi-gcc" "ARCHIVER=arm-xilinx-eabi-ar" "COMPILER_FLAGS=  -O2 -c" "EXTRA_COMPILER_FLAGS=-g"
"Running Make include in ps7_cortexa9_0/libsrc/xilrsa_v1_1/src"
make -C ps7_cortexa9_0/libsrc/xilrsa_v1_1/src -s include  "SHELL=CMD" "COMPILER=arm-xilinx-eabi-gcc" "ARCHIVER=arm-xilinx-eabi-ar" "COMPILER_FLAGS=  -O2 -c" "EXTRA_COMPILER_FLAGS=-g"
"Running Make libs in ps7_cortexa9_0/libsrc/axivdma_v6_0/src"
make -C ps7_cortexa9_0/libsrc/axivdma_v6_0/src -s libs  "SHELL=CMD" "COMPILER=arm-xilinx-eabi-gcc" "ARCHIVER=arm-xilinx-eabi-ar" "COMPILER_FLAGS=  -O2 -c" "EXTRA_COMPILER_FLAGS=-g"
"Compiling axivdma"
arm-xilinx-eabi-ar: creating ../../../lib/libxil.a
"Running Make libs in ps7_cortexa9_0/libsrc/coresightps_dcc_v1_2/src"
make -C ps7_cortexa9_0/libsrc/coresightps_dcc_v1_2/src -s libs  "SHELL=CMD" "COMPILER=arm-xilinx-eabi-gcc" "ARCHIVER=arm-xilinx-eabi-ar" "COMPILER_FLAGS=  -O2 -c" "EXTRA_COMPILER_FLAGS=-g"
"Compiling coresightps_dcc"
"Running Make libs in ps7_cortexa9_0/libsrc/cpu_cortexa9_v2_1/src"
make -C ps7_cortexa9_0/libsrc/cpu_cortexa9_v2_1/src -s libs  "SHELL=CMD" "COMPILER=arm-xilinx-eabi-gcc" "ARCHIVER=arm-xilinx-eabi-ar" "COMPILER_FLAGS=  -O2 -c" "EXTRA_COMPILER_FLAGS=-g"
"Compiling cpu_cortexa9"
"Running Make libs in ps7_cortexa9_0/libsrc/ddrps_v1_0/src"
make -C ps7_cortexa9_0/libsrc/ddrps_v1_0/src -s libs  "SHELL=CMD" "COMPILER=arm-xilinx-eabi-gcc" "ARCHIVER=arm-xilinx-eabi-ar" "COMPILER_FLAGS=  -O2 -c" "EXTRA_COMPILER_FLAGS=-g"
"Compiling ddrps"
"Running Make libs in ps7_cortexa9_0/libsrc/devcfg_v3_3/src"
make -C ps7_cortexa9_0/libsrc/devcfg_v3_3/src -s libs  "SHELL=CMD" "COMPILER=arm-xilinx-eabi-gcc" "ARCHIVER=arm-xilinx-eabi-ar" "COMPILER_FLAGS=  -O2 -c" "EXTRA_COMPILER_FLAGS=-g"
"Compiling devcfg"
"Running Make libs in ps7_cortexa9_0/libsrc/dmaps_v2_1/src"
make -C ps7_cortexa9_0/libsrc/dmaps_v2_1/src -s libs  "SHELL=CMD" "COMPILER=arm-xilinx-eabi-gcc" "ARCHIVER=arm-xilinx-eabi-ar" "COMPILER_FLAGS=  -O2 -c" "EXTRA_COMPILER_FLAGS=-g"
"Compiling dmaps"
"Running Make libs in ps7_cortexa9_0/libsrc/scugic_v3_1/src"
make -C ps7_cortexa9_0/libsrc/scugic_v3_1/src -s libs  "SHELL=CMD" "COMPILER=arm-xilinx-eabi-gcc" "ARCHIVER=arm-xilinx-eabi-ar" "COMPILER_FLAGS=  -O2 -c" "EXTRA_COMPILER_FLAGS=-g"
"Compiling scugic"
"Running Make libs in ps7_cortexa9_0/libsrc/scutimer_v2_1/src"
make -C ps7_cortexa9_0/libsrc/scutimer_v2_1/src -s libs  "SHELL=CMD" "COMPILER=arm-xilinx-eabi-gcc" "ARCHIVER=arm-xilinx-eabi-ar" "COMPILER_FLAGS=  -O2 -c" "EXTRA_COMPILER_FLAGS=-g"
"Compiling scutimer"
"Running Make libs in ps7_cortexa9_0/libsrc/scuwdt_v2_1/src"
make -C ps7_cortexa9_0/libsrc/scuwdt_v2_1/src -s libs  "SHELL=CMD" "COMPILER=arm-xilinx-eabi-gcc" "ARCHIVER=arm-xilinx-eabi-ar" "COMPILER_FLAGS=  -O2 -c" "EXTRA_COMPILER_FLAGS=-g"
"Compiling scuwdt"
"Running Make libs in ps7_cortexa9_0/libsrc/standalone_v5_3/src"
make -C ps7_cortexa9_0/libsrc/standalone_v5_3/src -s libs  "SHELL=CMD" "COMPILER=arm-xilinx-eabi-gcc" "ARCHIVER=arm-xilinx-eabi-ar" "COMPILER_FLAGS=  -O2 -c" "EXTRA_COMPILER_FLAGS=-g"
"Compiling standalone"
"Running Make libs in ps7_cortexa9_0/libsrc/uartps_v3_1/src"
make -C ps7_cortexa9_0/libsrc/uartps_v3_1/src -s libs  "SHELL=CMD" "COMPILER=arm-xilinx-eabi-gcc" "ARCHIVER=arm-xilinx-eabi-ar" "COMPILER_FLAGS=  -O2 -c" "EXTRA_COMPILER_FLAGS=-g"
"Compiling uartps"
"Running Make libs in ps7_cortexa9_0/libsrc/vtc_v7_1/src"
make -C ps7_cortexa9_0/libsrc/vtc_v7_1/src -s libs  "SHELL=CMD" "COMPILER=arm-xilinx-eabi-gcc" "ARCHIVER=arm-xilinx-eabi-ar" "COMPILER_FLAGS=  -O2 -c" "EXTRA_COMPILER_FLAGS=-g"
"Compiling video timing controller"
"Running Make libs in ps7_cortexa9_0/libsrc/xadcps_v2_2/src"
make -C ps7_cortexa9_0/libsrc/xadcps_v2_2/src -s libs  "SHELL=CMD" "COMPILER=arm-xilinx-eabi-gcc" "ARCHIVER=arm-xilinx-eabi-ar" "COMPILER_FLAGS=  -O2 -c" "EXTRA_COMPILER_FLAGS=-g"
"Compiling xadcps"
"Running Make libs in ps7_cortexa9_0/libsrc/xilffs_v3_1/src"
make -C ps7_cortexa9_0/libsrc/xilffs_v3_1/src -s libs  "SHELL=CMD" "COMPILER=arm-xilinx-eabi-gcc" "ARCHIVER=arm-xilinx-eabi-ar" "COMPILER_FLAGS=  -O2 -c" "EXTRA_COMPILER_FLAGS=-g"
"Compiling XilFFs Library"
"Running Make libs in ps7_cortexa9_0/libsrc/xilrsa_v1_1/src"
make -C ps7_cortexa9_0/libsrc/xilrsa_v1_1/src -s libs  "SHELL=CMD" "COMPILER=arm-xilinx-eabi-gcc" "ARCHIVER=arm-xilinx-eabi-ar" "COMPILER_FLAGS=  -O2 -c" "EXTRA_COMPILER_FLAGS=-g"
'Finished building libraries'
09:49:56 **** Auto Build of configuration Debug for project vga_display ****
make all 
'Building file: ../src/dynclk/dynclk.c'
'Invoking: ARM gcc compiler'
arm-xilinx-eabi-gcc -Wall -O0 -g3 -c -fmessage-length=0 -MT"src/dynclk/dynclk.o" -I../../FSBL_bsp/ps7_cortexa9_0/include -MMD -MP -MF"src/dynclk/dynclk.d" -MT"src/dynclk/dynclk.d" -o "src/dynclk/dynclk.o" "../src/dynclk/dynclk.c"
'Finished building: ../src/dynclk/dynclk.c'
' '
'Building file: ../src/display_ctrl/display_ctrl.c'
'Invoking: ARM gcc compiler'
arm-xilinx-eabi-gcc -Wall -O0 -g3 -c -fmessage-length=0 -MT"src/display_ctrl/display_ctrl.o" -I../../FSBL_bsp/ps7_cortexa9_0/include -MMD -MP -MF"src/display_ctrl/display_ctrl.d" -MT"src/display_ctrl/display_ctrl.d" -o "src/display_ctrl/display_ctrl.o" "../src/display_ctrl/display_ctrl.c"
'Finished building: ../src/display_ctrl/display_ctrl.c'
' '
'Building file: ../src/helloworld.c'
'Invoking: ARM gcc compiler'
arm-xilinx-eabi-gcc -Wall -O0 -g3 -c -fmessage-length=0 -MT"src/helloworld.o" -I../../FSBL_bsp/ps7_cortexa9_0/include -MMD -MP -MF"src/helloworld.d" -MT"src/helloworld.d" -o "src/helloworld.o" "../src/helloworld.c"
../src/helloworld.c: In function 'main':
../src/helloworld.c:164:6: warning: suggest explicit braces to avoid ambiguous 'else' [-Wparentheses]
   if (temp > 2800)
      ^
../src/helloworld.c:97:9: warning: unused variable 'p0' [-Wunused-variable]
  short *p0 = (short*)malloc(sizeof(short) * 32*EXPAND*24*EXPAND);
         ^
'Finished building: ../src/helloworld.c'
' '
'Building file: ../src/platform.c'
'Invoking: ARM gcc compiler'
arm-xilinx-eabi-gcc -Wall -O0 -g3 -c -fmessage-length=0 -MT"src/platform.o" -I../../FSBL_bsp/ps7_cortexa9_0/include -MMD -MP -MF"src/platform.d" -MT"src/platform.d" -o "src/platform.o" "../src/platform.c"
'Finished building: ../src/platform.c'
' '
'Building file: ../src/vdma.c'
'Invoking: ARM gcc compiler'
arm-xilinx-eabi-gcc -Wall -O0 -g3 -c -fmessage-length=0 -MT"src/vdma.o" -I../../FSBL_bsp/ps7_cortexa9_0/include -MMD -MP -MF"src/vdma.d" -MT"src/vdma.d" -o "src/vdma.o" "../src/vdma.c"
'Finished building: ../src/vdma.c'
' '
'Building target: vga_display.elf'
'Invoking: ARM gcc linker'
arm-xilinx-eabi-gcc -Wl,-T -Wl,../src/lscript.ld -L../../FSBL_bsp/ps7_cortexa9_0/lib -o "vga_display.elf"  ./src/dynclk/dynclk.o  ./src/display_ctrl/display_ctrl.o  ./src/VGA.o ./src/helloworld.o ./src/platform.o ./src/vdma.o   -Wl,--start-group,-lxil,-lgcc,-lc,--end-group -Wl,--start-group,-lxilffs,-lxil,-lgcc,-lc,--end-group -Wl,--start-group,-lrsa,-lxil,-lgcc,-lc,--end-group
'Finished building target: vga_display.elf'
' '
'Invoking: ARM Print Size'
arm-xilinx-eabi-size vga_display.elf  |tee "vga_display.elf.size"
   text	   data	    bss	    dec	    hex	filename
  62056	   2328	24894416	24958800	17cd750	vga_display.elf
'Finished building: vga_display.elf.size'
' '
09:58:49 **** Incremental Build of configuration Debug for project vga_display ****
make all 
make: Nothing to be done for `all'.
10:22:18 **** Clean-only build of configuration Debug for project vga_display ****
make clean 
rm -rf  ./src/dynclk/dynclk.o  ./src/display_ctrl/display_ctrl.o  ./src/VGA.o ./src/helloworld.o ./src/platform.o ./src/vdma.o  ./src/dynclk/dynclk.d  ./src/display_ctrl/display_ctrl.d  ./src/VGA.d ./src/helloworld.d ./src/platform.d ./src/vdma.d  vga_display.elf.size  vga_display.elf
' '
10:22:19 **** Auto Build of configuration Debug for project vga_display ****
make all 
'Building file: ../src/dynclk/dynclk.c'
'Invoking: ARM gcc compiler'
arm-xilinx-eabi-gcc -Wall -O0 -g3 -c -fmessage-length=0 -MT"src/dynclk/dynclk.o" -I../../FSBL_bsp/ps7_cortexa9_0/include -MMD -MP -MF"src/dynclk/dynclk.d" -MT"src/dynclk/dynclk.d" -o "src/dynclk/dynclk.o" "../src/dynclk/dynclk.c"
'Finished building: ../src/dynclk/dynclk.c'
' '
'Building file: ../src/display_ctrl/display_ctrl.c'
'Invoking: ARM gcc compiler'
arm-xilinx-eabi-gcc -Wall -O0 -g3 -c -fmessage-length=0 -MT"src/display_ctrl/display_ctrl.o" -I../../FSBL_bsp/ps7_cortexa9_0/include -MMD -MP -MF"src/display_ctrl/display_ctrl.d" -MT"src/display_ctrl/display_ctrl.d" -o "src/display_ctrl/display_ctrl.o" "../src/display_ctrl/display_ctrl.c"
'Finished building: ../src/display_ctrl/display_ctrl.c'
' '
'Building file: ../src/VGA.c'
'Invoking: ARM gcc compiler'
arm-xilinx-eabi-gcc -Wall -O0 -g3 -c -fmessage-length=0 -MT"src/VGA.o" -I../../FSBL_bsp/ps7_cortexa9_0/include -MMD -MP -MF"src/VGA.d" -MT"src/VGA.d" -o "src/VGA.o" "../src/VGA.c"
'Finished building: ../src/VGA.c'
' '
'Building file: ../src/platform.c'
'Invoking: ARM gcc compiler'
arm-xilinx-eabi-gcc -Wall -O0 -g3 -c -fmessage-length=0 -MT"src/platform.o" -I../../FSBL_bsp/ps7_cortexa9_0/include -MMD -MP -MF"src/platform.d" -MT"src/platform.d" -o "src/platform.o" "../src/platform.c"
'Finished building: ../src/platform.c'
' '
'Building file: ../src/vdma.c'
'Invoking: ARM gcc compiler'
arm-xilinx-eabi-gcc -Wall -O0 -g3 -c -fmessage-length=0 -MT"src/vdma.o" -I../../FSBL_bsp/ps7_cortexa9_0/include -MMD -MP -MF"src/vdma.d" -MT"src/vdma.d" -o "src/vdma.o" "../src/vdma.c"
'Finished building: ../src/vdma.c'
' '
'Building file: ../src/vga_display.c'
'Invoking: ARM gcc compiler'
arm-xilinx-eabi-gcc -Wall -O0 -g3 -c -fmessage-length=0 -MT"src/vga_display.o" -I../../FSBL_bsp/ps7_cortexa9_0/include -MMD -MP -MF"src/vga_display.d" -MT"src/vga_display.d" -o "src/vga_display.o" "../src/vga_display.c"
../src/vga_display.c: In function 'main':
../src/vga_display.c:164:6: warning: suggest explicit braces to avoid ambiguous 'else' [-Wparentheses]
   if (temp > 2800)
      ^
../src/vga_display.c:97:9: warning: unused variable 'p0' [-Wunused-variable]
  short *p0 = (short*)malloc(sizeof(short) * 32*EXPAND*24*EXPAND);
         ^
'Finished building: ../src/vga_display.c'
' '
'Building target: vga_display.elf'
'Invoking: ARM gcc linker'
arm-xilinx-eabi-gcc -Wl,-T -Wl,../src/lscript.ld -L../../FSBL_bsp/ps7_cortexa9_0/lib -o "vga_display.elf"  ./src/dynclk/dynclk.o  ./src/display_ctrl/display_ctrl.o  ./src/VGA.o ./src/platform.o ./src/vdma.o ./src/vga_display.o   -Wl,--start-group,-lxil,-lgcc,-lc,--end-group -Wl,--start-group,-lxilffs,-lxil,-lgcc,-lc,--end-group -Wl,--start-group,-lrsa,-lxil,-lgcc,-lc,--end-group
'Finished building target: vga_display.elf'
' '
'Invoking: ARM Print Size'
arm-xilinx-eabi-size vga_display.elf  |tee "vga_display.elf.size"
   text	   data	    bss	    dec	    hex	filename
  62056	   2328	24894416	24958800	17cd750	vga_display.elf
'Finished building: vga_display.elf.size'
' '
